# CVS $Revision$ $Author$ -- Fri Oct 19 20:16:09 2012 -- reformated by prettylst.pl v1.39 (build 15052)
SOURCELONG:The Tome of Horrors Revised	SOURCESHORT:ToHr	SOURCEWEB:http://www.necromancergames.com/	SOURCEDATE:2002-01
# Initial Author: Aaron Divinsky <boomer70@yahoo.com>

# Race Name			Favored Class		Starting Feats	Size		Move				Face/Space	Reach		Vision					Bonus Languages						Combat bonus				Bonus to skill						Stat bonus																	Modify VAR																		Weapon prof. bonus			Racial HD Class Skills				Automatically Gained Language	Automatically Gained Weapon Prof.	Virtual Feat			Ability																Nb Legs	Nb Hands	Natural Attacks																									Damage Reduction			Monster Class Name and Starting Level	Main Race Type		Race Subtype		Template		Hit Dice Advancement	Level Adjustment	Challenge Rating	Source Page		Apply Kit
Ubue				FAVCLASS:Barbarian	STARTFEATS:1	SIZE:L	MOVE:Walk,20		FACE:10	REACH:10	VISION:Low-light				LANGBONUS:Common,Draconic,Elven,Goblin,Orc	BONUS:COMBAT|AC|6|TYPE=NaturalArmor	BONUS:SKILL|Listen,Search,Spot|4|TYPE=Racial	BONUS:STAT|STR|6	BONUS:STAT|DEX|-2	BONUS:STAT|CON|4	BONUS:STAT|INT|-2	BONUS:STAT|CHA|2																													MONCSKILL:Climb|Hide|Listen|Search|Spot	AUTO:LANG|Giant			AUTO:WEAPONPROF|Club			VFEAT:Multiweapon Fighting	ABILITY:FEAT|AUTOMATIC|Multiple Personalities										LEGS:3	HANDS:3	NATURALATTACKS:Slam,Weapon.Natural.Melee.Finesseable.Bludgeoning,*3,1d6																					MONSTERCLASS:Giant:3				RACETYPE:Giant													LEVELADJUSTMENT:2	CR:2			SOURCEPAGE:p. 358	KIT:1|CE|CG|CN

Vampire Rose						STARTFEATS:0	SIZE:S	MOVE:Walk,5			FACE:5	REACH:5	VISION:Blindsight (30')											BONUS:COMBAT|AC|4|TYPE=NaturalArmor									BONUS:STAT|STR|4	BONUS:STAT|CON|6	BONUS:STAT|WIS|2	BONUS:STAT|CHA|-2							BONUS:VAR|BloodDrainDice|1	BONUS:VAR|BloodDrainDieSize|4										BONUS:WEAPONPROF=Stalk|DAMAGE|STR/2																								ABILITY:FEAT|AUTOMATIC|Blood Drain|Improved Grab	ABILITY:Special Ability|AUTOMATIC|Camouflage	LEGS:0	HANDS:0	NATURALATTACKS:Stalk,Weapon.Natural.Melee.Finesseable.Bludgeoning.Piercing.Slashing,*1,1d4																	MONSTERCLASS:Plant (Mindless):4		RACETYPE:Plant						TEMPLATE:Mindless	HITDICEADVANCEMENT:9,12				CR:3			SOURCEPAGE:p. 360	KIT:1|TN
Vegepygmy (Commoner)					STARTFEATS:1	SIZE:S	MOVE:Walk,30		FACE:5	REACH:5	VISION:Low-light												BONUS:COMBAT|AC|3|TYPE=NaturalArmor	BONUS:SKILL|Hide,Move Silently|4|TYPE=Racial	BONUS:STAT|DEX|4	BONUS:STAT|INT|-4																																						MONCSKILL:Hide|Listen|Move Silently|Spot	AUTO:LANG|Vegepygmy		AUTO:WEAPONPROF|Longspear							ABILITY:FEAT|AUTOMATIC|Immune to Electricity										LEGS:2	HANDS:2	NATURALATTACKS:Claw,Weapon.Natural.Melee.Finesseable.Piercing.Slashing,*2,1d4															DR:5/slashing or bludgeoning	MONSTERCLASS:Plant:1				RACETYPE:Plant																CR:1/2		SOURCEPAGE:p. 361	KIT:1|TN
Vegepygmy (Worker)					STARTFEATS:1	SIZE:S	MOVE:Walk,30		FACE:5	REACH:5	VISION:Low-light												BONUS:COMBAT|AC|3|TYPE=NaturalArmor	BONUS:SKILL|Hide,Move Silently|4|TYPE=Racial	BONUS:STAT|DEX|4	BONUS:STAT|CON|2	BONUS:STAT|INT|-2																																			MONCSKILL:Hide|Listen|Move Silently|Spot	AUTO:LANG|Vegepygmy		AUTO:WEAPONPROF|Longspear							ABILITY:FEAT|AUTOMATIC|Immune to Electricity										LEGS:2	HANDS:2	NATURALATTACKS:Claw,Weapon.Natural.Melee.Finesseable.Piercing.Slashing,*2,1d4															DR:5/slashing or bludgeoning	MONSTERCLASS:Plant:2				RACETYPE:Plant																CR:1			SOURCEPAGE:p. 361	KIT:1|TN
Vegepygmy (Guard)						STARTFEATS:1	SIZE:S	MOVE:Walk,30		FACE:5	REACH:5	VISION:Low-light												BONUS:COMBAT|AC|3|TYPE=NaturalArmor	BONUS:SKILL|Hide,Move Silently|4|TYPE=Racial	BONUS:STAT|STR|2	BONUS:STAT|DEX|4	BONUS:STAT|CON|2	BONUS:STAT|WIS|2																																MONCSKILL:Hide|Listen|Move Silently|Spot	AUTO:LANG|Vegepygmy		AUTO:WEAPONPROF|Longspear							ABILITY:FEAT|AUTOMATIC|Immune to Electricity										LEGS:2	HANDS:2	NATURALATTACKS:Claw,Weapon.Natural.Melee.Finesseable.Piercing.Slashing,*2,1d4															DR:5/slashing or bludgeoning	MONSTERCLASS:Plant:3				RACETYPE:Plant																CR:2			SOURCEPAGE:p. 361	KIT:1|TN
Vegepygmy (Bodyguard)					STARTFEATS:1	SIZE:S	MOVE:Walk,30		FACE:5	REACH:5	VISION:Low-light												BONUS:COMBAT|AC|3|TYPE=NaturalArmor	BONUS:SKILL|Hide,Move Silently|4|TYPE=Racial	BONUS:STAT|STR|4	BONUS:STAT|DEX|4	BONUS:STAT|CON|4	BONUS:STAT|WIS|2	BONUS:STAT|CHA|2																													MONCSKILL:Hide|Listen|Move Silently|Spot	AUTO:LANG|Vegepygmy		AUTO:WEAPONPROF|Longspear							ABILITY:FEAT|AUTOMATIC|Immune to Electricity										LEGS:2	HANDS:2	NATURALATTACKS:Claw,Weapon.Natural.Melee.Finesseable.Piercing.Slashing,*2,1d4															DR:5/slashing or bludgeoning	MONSTERCLASS:Plant:4				RACETYPE:Plant																CR:3			SOURCEPAGE:p. 362	KIT:1|TN
Vegepygmy (Subchief)					STARTFEATS:1	SIZE:M	MOVE:Walk,30		FACE:5	REACH:5	VISION:Low-light												BONUS:COMBAT|AC|5|TYPE=NaturalArmor	BONUS:SKILL|Hide,Move Silently|4|TYPE=Racial	BONUS:STAT|STR|6	BONUS:STAT|DEX|2	BONUS:STAT|CON|4	BONUS:STAT|WIS|4	BONUS:STAT|CHA|4																													MONCSKILL:Hide|Listen|Move Silently|Spot	AUTO:LANG|Vegepygmy		AUTO:WEAPONPROF|Longspear							ABILITY:FEAT|AUTOMATIC|Immune to Electricity										LEGS:2	HANDS:2	NATURALATTACKS:Claw,Weapon.Natural.Melee.Finesseable.Piercing.Slashing,*2,1d6															DR:5/slashing or bludgeoning	MONSTERCLASS:Plant:5				RACETYPE:Plant																CR:4			SOURCEPAGE:p. 362	KIT:1|TN
Vegepygmy (Chief)						STARTFEATS:1	SIZE:M	MOVE:Walk,30		FACE:5	REACH:5	VISION:Low-light												BONUS:COMBAT|AC|6|TYPE=NaturalArmor	BONUS:SKILL|Hide,Move Silently|4|TYPE=Racial	BONUS:STAT|STR|8	BONUS:STAT|DEX|2	BONUS:STAT|CON|6	BONUS:STAT|INT|2	BONUS:STAT|WIS|4	BONUS:STAT|CHA|6	BONUS:VAR|SporesDC|CON	BONUS:VAR|SporesDice|3	BONUS:VAR|SporesDieSize|6													MONCSKILL:Hide|Listen|Move Silently|Spot	AUTO:LANG|Vegepygmy		AUTO:WEAPONPROF|Longspear							ABILITY:FEAT|AUTOMATIC|Immune to Electricity|Spores									LEGS:2	HANDS:2	NATURALATTACKS:Claw,Weapon.Natural.Melee.Finesseable.Piercing.Slashing,*2,1d6															DR:5/slashing or bludgeoning	MONSTERCLASS:Plant:6				RACETYPE:Plant																CR:5			SOURCEPAGE:p. 362	KIT:1|TN
Vilstrak							STARTFEATS:1	SIZE:M	MOVE:Walk,30		FACE:5	REACH:5	VISION:Darkvision (60')											BONUS:COMBAT|AC|8|TYPE=NaturalArmor									BONUS:STAT|STR|4	BONUS:STAT|CON|2	BONUS:STAT|INT|-4	BONUS:STAT|CHA|-2																																MONCSKILL:Hide|Listen|Spot			AUTO:LANG|Terran														ABILITY:FEAT|AUTOMATIC|Merge with Earth											LEGS:2	HANDS:2	NATURALATTACKS:Slam,Weapon.Natural.Melee.Finesseable.Bludgeoning,*2,1d4																					MONSTERCLASS:Aberration:1			RACETYPE:Aberration								HITDICEADVANCEMENT:3				CR:1/2		SOURCEPAGE:p. 363
Volt								STARTFEATS:1	SIZE:S	MOVE:Fly,30			FACE:5	REACH:5	VISION:Darkvision (60')											BONUS:COMBAT|AC|2|TYPE=NaturalArmor									BONUS:STAT|DEX|6	BONUS:STAT|CON|2	BONUS:STAT|INT|-8	BONUS:STAT|WIS|2	BONUS:STAT|CHA|-4				BONUS:VAR|BloodDrainDice|1	BONUS:VAR|BloodDrainDieSize|4	BONUS:VAR|ShockDice|2	BONUS:VAR|ShockDieSize|4							MONCSKILL:Listen|Spot																				ABILITY:FEAT|AUTOMATIC|Attach|Blood Drain|Immune to Electricity|Shock						LEGS:0	HANDS:0	NATURALATTACKS:Bite,Weapon.Natural.Melee.Finesseable.Bludgeoning.Piercing.Slashing.BloodDrain,*1,1d4|Tail Slap,Weapon.Natural.Melee.Finesseable.NonLethal,*1,2d4						MONSTERCLASS:Aberration:2			RACETYPE:Aberration	RACESUBTYPE:Electricity				HITDICEADVANCEMENT:4,6				CR:2			SOURCEPAGE:p. 364	KIT:1|TN
Vulchling							STARTFEATS:1	SIZE:M	MOVE:Walk,20,Fly,10	FACE:5	REACH:5	VISION:Darkvision (60')|Low-light									BONUS:COMBAT|AC|1|TYPE=NaturalArmor									BONUS:STAT|DEX|4	BONUS:STAT|INT|-4																																						MONCSKILL:Hide|Listen|Move Silently|Spot												VFEAT:Dodge				ABILITY:FEAT|AUTOMATIC|Scent													LEGS:2	HANDS:0	NATURALATTACKS:Bite,Weapon.Natural.Melee.Finesseable.Bludgeoning.Piercing.Slashing,*1,1d6|Claw,Weapon.Natural.Melee.Finesseable.Piercing.Slashing,*2,1d4							MONSTERCLASS:Magical Beast:1			RACETYPE:Magical Beast								HITDICEADVANCEMENT:3				CR:1/2		SOURCEPAGE:p. 365	KIT:1|CE
