# Heroes of Golarion (HEOG)
Phoenix Bloodline	CATEGORY:Blood Arcanist Bloodline	TYPE:SorcererBloodlineChoice	ABILITY:Special Ability|AUTOMATIC|Sorcerer Bloodline ~ Phoenix	BONUS:VAR|Sorcerer_Phoenix_BloodlineLVL|BloodlineLVL	BONUS:VAR|Sorcerer_Phoenix_BloodlineProgressionLVL|BloodlineProgressionLVL	BONUS:VAR|Sorcerer_Phoenix_BloodlineArcana1|1	BONUS:VAR|Sorcerer_Phoenix_BloodlinePowers|1	BONUS:VAR|Sorcerer_Phoenix_BloodlinePower1|1	BONUS:VAR|Sorcerer_Phoenix_BloodlinePower3|if(Sorcerer_Phoenix_BloodlineProgressionLVL>=3,1,0)	BONUS:VAR|Sorcerer_Phoenix_BloodlinePower9|if(Sorcerer_Phoenix_BloodlineProgressionLVL>=9,1,0)	BONUS:VAR|Sorcerer_Phoenix_BloodlinePower15|if(Sorcerer_Phoenix_BloodlineProgressionLVL>=15,1,0)	BONUS:VAR|Sorcerer_Phoenix_BloodlinePower20|if(Sorcerer_Phoenix_BloodlineProgressionLVL>=20,1,0)	BONUS:VAR|Sorcerer_Phoenix_BloodlinePower1Times|BloodlinePowerTimes+BloodlinePower1TimesBonus|TYPE=Base
Unicorn Bloodline	CATEGORY:Blood Arcanist Bloodline	TYPE:SorcererBloodlineChoice	ABILITY:Special Ability|AUTOMATIC|Sorcerer Bloodline ~ Unicorn	BONUS:VAR|Sorcerer_Unicorn_BloodlineLVL|BloodlineLVL	BONUS:VAR|Sorcerer_Unicorn_BloodlineProgressionLVL|BloodlineProgressionLVL	BONUS:VAR|Sorcerer_Unicorn_BloodlineArcana1|1	BONUS:VAR|Sorcerer_Unicorn_BloodlinePowers|1	BONUS:VAR|Sorcerer_Unicorn_BloodlinePower1|1	BONUS:VAR|Sorcerer_Unicorn_BloodlinePower3|if(Sorcerer_Unicorn_BloodlineProgressionLVL>=3,1,0)	BONUS:VAR|Sorcerer_Unicorn_BloodlinePower9|if(Sorcerer_Unicorn_BloodlineProgressionLVL>=9,1,0)	BONUS:VAR|Sorcerer_Unicorn_BloodlinePower15|if(Sorcerer_Unicorn_BloodlineProgressionLVL>=15,1,0)	BONUS:VAR|Sorcerer_Unicorn_BloodlinePower20|if(Sorcerer_Unicorn_BloodlineProgressionLVL>=20,1,0)	BONUS:VAR|Sorcerer_Unicorn_BloodlinePower1Times|BloodlinePowerTimes+BloodlinePower1TimesBonus|TYPE=Base
