# CVS $Revision$ $Author$ -- Tue Nov 23 10:16:35 2010 -- reformated by prettylst.pl v1.39 (build 11455)
SOURCELONG:Bastion Press - Arms and Armor	SOURCESHORT:arms	SOURCEWEB:http://dragonwing.net/	SOURCEDATE:2001-01

# Race Name					Output Name					Size		Move					Reach		Combat bonus						Stat bonus											Ability																			Natural Attacks																									Define			Damage Reduction	Skill Multiplier	Monster Class Name and Starting Level	Main Race Type		Template			Hit Dice Advancement		Challenge Rating	Source Page		Apply Kit
Amulet Servitor (Guardian)		OUTPUTNAME:[NAME] Amulet Servitor	SIZE:M	MOVE:Walk,30			REACH:5	BONUS:COMBAT|AC|6|TYPE=NaturalArmor.REPLACE	BONUS:STAT|STR,DEX|3	BONUS:STAT|CHA|-9						ABILITY:Special Ability|AUTOMATIC|Cure Minor Wounds|GUARD~GAS										NATURALATTACKS:Claw Blade,Weapon.Natural.Melee.Piercing.Slashing,*2,1d8																DEFINE:LOCK.INT|10	DR:10/+1		SKILLMULT:1		MONSTERCLASS:Construct:6			RACETYPE:Construct	TEMPLATE:Construct	HITDICEADVANCEMENT:9,18		CR:3			SOURCEPAGE:p.88	KIT:1|TN
Amulet Servitor (Lesser Killer)	OUTPUTNAME:[NAME] Amulet Servitor	SIZE:S	MOVE:Walk,40			REACH:5	BONUS:COMBAT|AC|4|TYPE=NaturalArmor.REPLACE	BONUS:STAT|DEX|5	BONUS:STAT|CHA|-9							ABILITY:Special Ability|AUTOMATIC|Poison														NATURALATTACKS:Claw,Weapon.Natural.Melee.Piercing.Slashing,*2,1d6|Gore,Weapon.Natural.Melee.Piercing,*1,1d8										DEFINE:LOCK.INT|10	DR:10/+1		SKILLMULT:1		MONSTERCLASS:Construct:6			RACETYPE:Construct	TEMPLATE:Construct	HITDICEADVANCEMENT:8,12		CR:4			SOURCEPAGE:p.88	KIT:1|TN
Amulet Servitor (Greater Killer)	OUTPUTNAME:[NAME] Amulet Servitor	SIZE:L	MOVE:Walk,40			REACH:10	BONUS:COMBAT|AC|18|TYPE=NaturalArmor.REPLACE	BONUS:STAT|DEX|-2	BONUS:STAT|CHA|-9	BONUS:STAT|STR|12				ABILITY:Special Ability|AUTOMATIC|Activation Attack|Constrict|HASTE~KAS|Improved Grab|Poison|Soul Bind			NATURALATTACKS:Claw,Weapon.Natural.Melee.Piercing.Slashing,*4,1d10|Gore,Weapon.Natural.Melee.Piercing,*1,1d12									DEFINE:LOCK.INT|10				SKILLMULT:1		MONSTERCLASS:Construct:16			RACETYPE:Construct	TEMPLATE:Construct	HITDICEADVANCEMENT:24,32	CR:14			SOURCEPAGE:p.89	KIT:1|TN
Golem Armor											SIZE:M	MOVE:Walk,30,Fly,90,Swim,60	REACH:5	BONUS:COMBAT|AC|16|TYPE=NaturalArmor.REPLACE	BONUS:STAT|DEX|10	BONUS:STAT|CHA|-9	BONUS:STAT|STR|13	BONUS:STAT|WIS|1	ABILITY:Special Ability|AUTOMATIC|Closed Environment|Heightened Senses|Magic Immunity|Soul Gem|SPIKES~GA|Synchronize	NATURALATTACKS:Claw,Weapon.Natural.Melee.Piercing.Slashing,*2,1d8|Wing Blades,Weapon.Natural.Melee.Slashing,*2,1d12|Spikes,Weapon.Natural.Ranged.Piercing,*2,1d8	DEFINE:LOCK.INT|10				SKILLMULT:1		MONSTERCLASS:Construct:12			RACETYPE:Construct	TEMPLATE:Construct	HITDICEADVANCEMENT:20,30,32	CR:12			SOURCEPAGE:p.91	KIT:1|TN
Silver Steed Of Inarial									SIZE:L	MOVE:Walk,60,Fly,70		REACH:5	BONUS:COMBAT|AC|20|TYPE=NaturalArmor.REPLACE	BONUS:STAT|DEX|13	BONUS:STAT|CHA|-8	BONUS:STAT|STR|20				ABILITY:Special Ability|AUTOMATIC|Flight|Magic Immunity|Self Repair									NATURALATTACKS:Hooves,Weapon.Natural.Melee.Bludgeoning,*4,1d8|Bite,Weapon.Natural.Melee.Piercing.Slashing.Bludgeoning,*1,1d6							DEFINE:LOCK.INT|10	DR:50/+3		SKILLMULT:1		MONSTERCLASS:Construct:10			RACETYPE:Construct	TEMPLATE:Construct	HITDICEADVANCEMENT:16,30	CR:9			SOURCEPAGE:p.92	KIT:1|TN
