

ABILITYCATEGORY:Aristo Feat			VISIBLE:QUALIFY	EDITABLE:YES	EDITPOOL:YES	FRACTIONALPOOL:NO		CATEGORY:FEAT		DISPLAYLOCATION:Feats	ABILITYLIST:Exotic Weapon Proficiency|Futuristic Weapon Proficiency|Heavy Firearms Weapon Proficiency|Improvised Weapon|Martial Weapon Proficiency|Personal Firearms Weapon Proficiency|Simple Weapon Proficiency
ABILITYCATEGORY:Gunslinger Feat		VISIBLE:QUALIFY	EDITABLE:YES	EDITPOOL:YES	FRACTIONALPOOL:NO		CATEGORY:FEAT		DISPLAYLOCATION:Feats	ABILITYLIST:Advanced Firearms Weapon Proficiency|Advanced Two-Weapon Fighting|Burst Fire|Dead Aim|Double-Tap|Far Shot|Improved Two-Weapon Fighting|Precise Shot|Quick Draw|Quick Reload|Shot on the Run|Skip Shot|Strafe|Two-Weapon Fighting
ABILITYCATEGORY:Private Detective Feat	VISIBLE:QUALIFY	EDITABLE:YES	EDITPOOL:YES	FRACTIONALPOOL:NO		CATEGORY:FEAT		DISPLAYLOCATION:Feats	ABILITYLIST:Brawl|Defensive Martial Arts|Dodge|Double-Tap|Educated|Improved Initiative|Knockout Punch|Point Blank Shot
ABILITYCATEGORY:Martial Magician Feat	VISIBLE:QUALIFY	EDITABLE:YES	EDITPOOL:YES	FRACTIONALPOOL:NO		CATEGORY:FEAT		DISPLAYLOCATION:Feats	ABILITYLIST:Acrobatic|Advanced Combat Martial Arts|Archaic Weapons Proficiency|Combat Reflexes|Combat Throw|Elusive Target|Exotic Melee Weapon Proficiency|Improved Combat Throw|Spell Mastery|Unbalance Opponent							TYPE:ItemCreation.Metamagic
ABILITYCATEGORY:Mechanist Feat		VISIBLE:QUALIFY	EDITABLE:YES	EDITPOOL:YES	FRACTIONALPOOL:NO		CATEGORY:FEAT		DISPLAYLOCATION:Feats	ABILITYLIST:Born Spacer|Gearhead|Gunner's Eye|Hacker|High-G Tolerance|Low-G Tolerance|Remote Operation|Space Jockey|Zero-G Tolerance
ABILITYCATEGORY:Battle Mind Feat		VISIBLE:QUALIFY	EDITABLE:YES	EDITPOOL:YES	FRACTIONALPOOL:NO		CATEGORY:FEAT		DISPLAYLOCATION:Feats	ABILITYLIST:Archaic Weapons Proficiency|Athletic|Blind-Fight|Cleave|Combat Martial Arts|Combat Reflexes|Exotic Weapon Proficiency|Focused|Improved Combat Martial Arts|Power Attack|Toughness|Weapon Finesse|Weapon Focus
ABILITYCATEGORY:Bodyguard Feat		VISIBLE:QUALIFY	EDITABLE:YES	EDITPOOL:YES	FRACTIONALPOOL:NO		CATEGORY:FEAT		DISPLAYLOCATION:Feats	ABILITYLIST:Advanced Firearms Weapon Proficiency|Armor Proficiency (Light)|Armor Proficiency (Medium)|Attentive|Combat Expertise|Combat Reflexes|Double-Tap|Improved Brawl|Improved Feint|Improved Knockout Punch|Knockout Punch|Precise Shot|Quick Draw|Quick Reload|Streetfighting|Toughness|Vehicle Expert
ABILITYCATEGORY:Security Specialist Feat	VISIBLE:QUALIFY	EDITABLE:YES	EDITPOOL:YES	FRACTIONALPOOL:NO		CATEGORY:FEAT		DISPLAYLOCATION:Feats	ABILITYLIST:Acrobatic|Alertness|Armor Proficiency (Light)|Athletic|Attentive|Brawl|Cautious|Defensive Martial Arts|Dodge|Elusive Target|Meticulous|Mobility|Nimble|Renown|Run|Stealthy
ABILITYCATEGORY:Techie Feat 1			VISIBLE:QUALIFY	EDITABLE:YES	EDITPOOL:YES	FRACTIONALPOOL:NO		CATEGORY:FEAT		DISPLAYLOCATION:Feats	ABILITYLIST:Builder|Cautious|Combat Expertise|Educated|Gearhead|Personal Firearms Weapon Proficiency|Point Blank Shot|Studious
ABILITYCATEGORY:Techie Feat 2			VISIBLE:QUALIFY	EDITABLE:YES	EDITPOOL:YES	FRACTIONALPOOL:NO		CATEGORY:FEAT		DISPLAYLOCATION:Feats	ABILITYLIST:Mastercraft (Electronic)|Mastercraft (Mechanical)
ABILITYCATEGORY:Telepath (CS) Feat		VISIBLE:QUALIFY	EDITABLE:YES	EDITPOOL:YES	FRACTIONALPOOL:NO		CATEGORY:FEAT		DISPLAYLOCATION:Feats	ABILITYLIST:Alertness|Animal Affinity|Attentive|Blind-Fight|Combat Expertise|Confident|Creative|Deceptive|Educated|Focused|Frightful Presence|Iron Will|Renown|Stealthy|Studious
ABILITYCATEGORY:Weird Scientist Feat	VISIBLE:QUALIFY	EDITABLE:YES	EDITPOOL:YES	FRACTIONALPOOL:NO		CATEGORY:FEAT		DISPLAYLOCATION:Feats	ABILITYLIST:Skill Focus (Craft (Mechanical))|Skill Focus (Demolitions)|Skill Focus (Disable Device)|Skill Focus (Knowledge (Agriculture))|Skill Focus (Knowledge (Anatomy))|Skill Focus (Knowledge (Astronomy))|Skill Focus (Knowledge (Biology))|Skill Focus (Knowledge (Botany))|Skill Focus (Knowledge (Chemistry))|Skill Focus (Knowledge (Earth Sciences))|Skill Focus (Knowledge (Geology))|Skill Focus (Knowledge (Mathematics))|Skill Focus (Knowledge (Physics))|Skill Focus (Knowledge (Technology))|Skill Focus (Knowledge (Temporal Mechanics))|Skill Focus (Knowledge (Zoology))|Skill Focus (Repair)


# Shared
ABILITYCATEGORY:Contact				VISIBLE:QUALIFY	EDITABLE:YES	EDITPOOL:YES	FRACTIONALPOOL:NO		CATEGORY:FEAT		DISPLAYLOCATION:Feats	TYPE:Contact
ABILITYCATEGORY:Favored Tech			VISIBLE:QUALIFY	EDITABLE:YES	EDITPOOL:YES	FRACTIONALPOOL:NO		CATEGORY:FEAT		DISPLAYLOCATION:Feats	TYPE:FavoredTech
ABILITYCATEGORY:Metahuman			VISIBLE:QUALIFY	EDITABLE:YES	EDITPOOL:YES	FRACTIONALPOOL:NO		CATEGORY:FEAT		DISPLAYLOCATION:Feats	TYPE:Metahuman
ABILITYCATEGORY:Favored Weapon		VISIBLE:QUALIFY	EDITABLE:YES	EDITPOOL:YES	FRACTIONALPOOL:NO		CATEGORY:FEAT		DISPLAYLOCATION:Feats	ABILITYLIST:Favored Weapon			
ABILITYCATEGORY:Weapon Specialization	VISIBLE:QUALIFY	EDITABLE:YES	EDITPOOL:YES	FRACTIONALPOOL:NO		CATEGORY:FEAT		DISPLAYLOCATION:Feats	ABILITYLIST:Weapon Specialization	
ABILITYCATEGORY:Improved Critical		VISIBLE:QUALIFY	EDITABLE:YES	EDITPOOL:YES	FRACTIONALPOOL:NO		CATEGORY:FEAT		DISPLAYLOCATION:Feats	ABILITYLIST:Improved Critical		


ABILITYCATEGORY:Soldier Proificiency Choice	VISIBLE:QUALIFY	EDITABLE:YES	EDITPOOL:YES	FRACTIONALPOOL:NO		CATEGORY:FEAT		DISPLAYLOCATION:Feats	ABILITYLIST:Futuristic Weapon Proficiency|Personal Firearms Weapon Proficiency

ABILITYCATEGORY:Gadget Creation Feat	VISIBLE:QUALIFY	EDITABLE:YES	EDITPOOL:YES	FRACTIONALPOOL:NO		CATEGORY:FEAT		DISPLAYLOCATION:Feats	TYPE:GadgetCreation
