# CVS $Revision: $ $Author: $ -- Mon Feb  9 18:51:00 2015 -- reformated by PCGen PrettyLST v6.04.01
SOURCELONG:Dragon Empires Gazetteer	SOURCESHORT:DEG	SOURCEWEB:http://paizo.com/products/btpy8pfu	SOURCEDATE:2012-02


# ------------------------------
# Kitsune
# ------------------------------

###NOTE: Race files are in core_essentials\races\kitsune\

###Block: Racial Abilities
# Ability Name						Bonus Ability Pool
CATEGORY=Internal|Racial Traits ~ Kitsune.MOD	BONUS:ABILITYPOOL|Region Languages|1|TYPE=Base

###Block: Racial Traits
# Ability Name								Source, Long Desc.			Source, Short Desc.	Source URI															Source Page		Source Pub. Date
CATEGORY=Special Ability|Kitsune ~ Ability Scores.MOD																												SOURCEPAGE:p.9
CATEGORY=Special Ability|Kitsune ~ Type.MOD																													SOURCEPAGE:p.9
CATEGORY=Special Ability|Kitsune ~ Size.MOD																													SOURCEPAGE:p.9
CATEGORY=Special Ability|Kitsune ~ Speed.MOD																													SOURCEPAGE:p.9
CATEGORY=Special Ability|Kitsune ~ Vision.MOD																													SOURCEPAGE:p.9
CATEGORY=Special Ability|Kitsune ~ Change Shape.MOD																												SOURCEPAGE:p.9
CATEGORY=Special Ability|Kitsune ~ Agile.MOD																													SOURCEPAGE:p.9
CATEGORY=Special Ability|Kitsune ~ Kitsune Magic.MOD																												SOURCEPAGE:p.9
CATEGORY=Special Ability|Kitsune ~ Natural Weapons.MOD																											SOURCEPAGE:p.9
CATEGORY=Special Ability|Kitsune ~ Languages.MOD		SOURCELONG:Advanced Race Guide	SOURCESHORT:ARG		SOURCEWEB:http://paizo.com/products/btpy8rv2?Pathfinder-Roleplaying-Game-Advanced-Race-Guide	SOURCEPAGE:p.192	SOURCEDATE:2012-06

###Block: Language Choices
# Ability Name	Unique Key				Category of Ability	Type				Required Race	Ability												Modify VAR
Golarion		KEY:Kitsune ~ Default		CATEGORY:Choice		TYPE:Regional Language	PRERACE:1,Kitsune
Dragon Empires	KEY:Kitsune ~ Dragon Empires	CATEGORY:Choice		TYPE:Regional Language	PRERACE:1,Kitsune	ABILITY:Kitsune Racial Trait|AUTOMATIC|Kitsune ~ Dragon Empires Languages	BONUS:VAR|Kitsune_AlternateLanguages|1|TYPE=Boolean

###Block: Region-Specific Languages
# Ability Name	Unique Key						Category of Ability		Type																Visible		Prohibited Fact							Required Var. value				Description																																						Template																																											Auto Language		Source Page
Languages		KEY:Kitsune ~ Dragon Empires Languages	CATEGORY:Special Ability	TYPE:RacialTraits.Kitsune Racial Trait.Kitsune Racial Default.SpecialQuality.Racial Language	VISIBLE:DISPLAY	!PREFACT:1,ABILITIES,Kitsune_ReplaceLanguages=True	PREVAREQ:Kitsune_AlternateLanguages,1	DESC:Kitsune begin play speaking Tien and Senzar. Kitsune with high Intelligence scores can choose bonus languages from the following: any human tongue, Aklo, Celestial, Elven, Gnome, Nagaji, Samsaran, Sylvan, Tengu, and Wayang.	TEMPLATE:Bonus Language ~ Any Human Language|Bonus Language ~ Aklo|Bonus Language ~ Celestial|Bonus Language ~ Elven|Bonus Language ~ Gnome|Bonus Language ~ Nagaji|Bonus Language ~ Samsaran|Bonus Language ~ Sylvan|Bonus Language ~ Tengu|Bonus Language ~ Wayang	AUTO:LANG|Tien|Senzar	SOURCEPAGE:p.9


# ------------------------------
# Nagaji
# ------------------------------

###NOTE: Race files are in core_essentials\races\nagaji\

###Block: Racial Abilities
# Ability Name						Bonus Ability Pool
CATEGORY=Internal|Racial Traits ~ Nagaji.MOD	BONUS:ABILITYPOOL|Region Languages|1|TYPE=Base

###Block: Racial Traits
# Ability Name							Source, Long Desc.			Source, Short Desc.	Source URI															Source Page		Source Pub. Date
CATEGORY=Special Ability|Nagaji ~ Ability Scores.MOD																											SOURCEPAGE:p.10
CATEGORY=Special Ability|Nagaji ~ Type.MOD																												SOURCEPAGE:p.10
CATEGORY=Special Ability|Nagaji ~ Size.MOD																												SOURCEPAGE:p.10
CATEGORY=Special Ability|Nagaji ~ Speed.MOD																												SOURCEPAGE:p.10
CATEGORY=Special Ability|Nagaji ~ Vision.MOD																												SOURCEPAGE:p.10
CATEGORY=Special Ability|Nagaji ~ Armored Scales.MOD																											SOURCEPAGE:p.10
CATEGORY=Special Ability|Nagaji ~ Resistant.MOD																												SOURCEPAGE:p.10
CATEGORY=Special Ability|Nagaji ~ Serpent's Sense.MOD																											SOURCEPAGE:p.10
CATEGORY=Special Ability|Nagaji ~ Languages.MOD		SOURCELONG:Advanced Race Guide	SOURCESHORT:ARG		SOURCEWEB:http://paizo.com/products/btpy8rv2?Pathfinder-Roleplaying-Game-Advanced-Race-Guide	SOURCEPAGE:p.196	SOURCEDATE:2012-06

###Block: Language Choices
# Ability Name	Unique Key				Category of Ability	Type				Required Race	Ability											Modify VAR
Golarion		KEY:Nagaji ~ Default		CATEGORY:Choice		TYPE:Regional Language	PRERACE:1,Nagaji
Dragon Empires	KEY:Nagaji ~ Dragon Empires	CATEGORY:Choice		TYPE:Regional Language	PRERACE:1,Nagaji	ABILITY:Nagaji Racial Trait|AUTOMATIC|Nagaji ~ Dragon Empires Languages	BONUS:VAR|Nagaji_AlternateLanguages|1|TYPE=Boolean

###Block: Region-Specific Languages
# Ability Name	Unique Key						Category of Ability		Type																Visible		Prohibited Fact							Required Var. value				Description																																									Template																																																				Auto Language		Source Page
Languages		KEY:Nagaji ~ Dragon Empires Languages	CATEGORY:Special Ability	TYPE:RacialTraits.Nagaji Racial Trait.Nagaji Racial Default.SpecialQuality.Racial Language	VISIBLE:DISPLAY	!PREFACT:1,ABILITIES,Nagaji_ReplaceLanguages=True	PREVAREQ:Nagaji_AlternateLanguages,1	DESC:Nagaji begin play speaking Nagaji and Tien. Nagaji with high Intelligence scores can choose bonus languages from the following: any human tongue, Abyssal, Aklo, Celestial, Draconic, Giant, Infernal, Samsaran, Senzar, Sylvan, Tengu, and Wayang.	TEMPLATE:Bonus Language ~ Any Human Language|Bonus Language ~ Abyssal|Bonus Language ~ Aklo|Bonus Language ~ Celestial|Bonus Language ~ Draconic|Bonus Language ~ Giant|Bonus Language ~ Infernal|Bonus Language ~ Samsaran|Bonus Language ~ Senzar|Bonus Language ~ Sylvan|Bonus Language ~ Tengu|Bonus Language ~ Wayang	AUTO:LANG|Nagaji|Tien	SOURCEPAGE:p.4



# ------------------------------
# Samsaran
# ------------------------------

###NOTE: Race files are in core_essentials\races\samsaran\

###Block: Racial Abilities
# Ability Name						Bonus Ability Pool
CATEGORY=Internal|Racial Traits ~ Samsaran.MOD	BONUS:ABILITYPOOL|Region Languages|1|TYPE=Base

###Block: Racial Traits
# Ability Name								Source, Long Desc.			Source, Short Desc.	Source URI															Source Page		Source Pub. Date
CATEGORY=Special Ability|Samsaran ~ Ability Scores.MOD																											SOURCEPAGE:p.11
CATEGORY=Special Ability|Samsaran ~ Type.MOD																													SOURCEPAGE:p.11
CATEGORY=Special Ability|Samsaran ~ Size.MOD																													SOURCEPAGE:p.11
CATEGORY=Special Ability|Samsaran ~ Speed.MOD																													SOURCEPAGE:p.11
CATEGORY=Special Ability|Samsaran ~ Vision.MOD																													SOURCEPAGE:p.11
CATEGORY=Special Ability|Samsaran ~ Lifebound.MOD																												SOURCEPAGE:p.11
CATEGORY=Special Ability|Samsaran ~ Samsaran Magic.MOD																											SOURCEPAGE:p.11
CATEGORY=Special Ability|Samsaran ~ Shards of the Past.MOD																											SOURCEPAGE:p.11
CATEGORY=Special Ability|Samsaran ~ Languages.MOD		SOURCELONG:Advanced Race Guide	SOURCESHORT:ARG		SOURCEWEB:http://paizo.com/products/btpy8rv2?Pathfinder-Roleplaying-Game-Advanced-Race-Guide	SOURCEPAGE:p.198	SOURCEDATE:2012-06

###Block: Language Choices
# Ability Name	Unique Key				Category of Ability	Type				Required Race		Ability												Modify VAR
Golarion		KEY:Samsaran ~ Default		CATEGORY:Choice		TYPE:Regional Language	PRERACE:1,Samsaran
Dragon Empires	KEY:Samsaran ~ Dragon Empires	CATEGORY:Choice		TYPE:Regional Language	PRERACE:1,Samsaran	ABILITY:Samsaran Racial Trait|AUTOMATIC|Samsaran ~ Dragon Empires Languages	BONUS:VAR|Samsaran_AlternateLanguages|1|TYPE=Boolean

###Block: Region-Specific Languages
# Ability Name	Unique Key						Category of Ability		Type																Visible		Prohibited Fact							Required Var. value				Description																																												Template																																																											Auto Language		Source Page
Languages		KEY:Samsaran ~ Dragon Empires Languages	CATEGORY:Special Ability	TYPE:RacialTraits.Samsaran Racial Trait.Samsaran Racial Default.SpecialQuality.Racial Language	VISIBLE:DISPLAY	!PREFACT:1,ABILITIES,Samsaran_ReplaceLanguages=True	PREVAREQ:Samsaran_AlternateLanguages,1	DESC:Samsarans begin play speaking Samsaran and Tien. Samsarans with high Intelligence scores can choose bonus languages from the following: any human tongue, Abyssal, Aquan, Auran, Celestial, Draconic, Giant, Ignan, Infernal, Nagaji, Senzar, Tengu, Terran, and Wayang.	TEMPLATE:Bonus Language ~ Any Human Language|Bonus Language ~ Abyssal|Bonus Language ~ Aquan|Bonus Language ~ Auran|Bonus Language ~ Celestial|Bonus Language ~ Draconic|Bonus Language ~ Giant|Bonus Language ~ Ignan|Bonus Language ~ Infernal|Bonus Language ~ Nagaji|Bonus Language ~ Senzar|Bonus Language ~ Tengu|Bonus Language ~ Terran|Bonus Language ~ Wayang	AUTO:LANG|Samsaran|Tien	SOURCEPAGE:p.5


# ------------------------------
# Tengu
# ------------------------------

###NOTE: Race files are in core_essentials\races\tengu\

###Block: Racial Abilities
# Ability Name						Bonus Ability Pool
CATEGORY=Internal|Racial Traits ~ Tengu.MOD	BONUS:ABILITYPOOL|Region Languages|1|TYPE=Base

###Block: Racial Traits
# Ability Name							Source Page
CATEGORY=Special Ability|Tengu ~ Ability Scores.MOD	SOURCEPAGE:p.12
CATEGORY=Special Ability|Tengu ~ Type.MOD			SOURCEPAGE:p.12
CATEGORY=Special Ability|Tengu ~ Size.MOD			SOURCEPAGE:p.12
CATEGORY=Special Ability|Tengu ~ Speed.MOD		SOURCEPAGE:p.12
CATEGORY=Special Ability|Tengu ~ Vision.MOD		SOURCEPAGE:p.12
CATEGORY=Special Ability|Tengu ~ Sneaky.MOD		SOURCEPAGE:p.12
CATEGORY=Special Ability|Tengu ~ Gifted Linguist.MOD	SOURCEPAGE:p.12
CATEGORY=Special Ability|Tengu ~ Swordtrained.MOD	SOURCEPAGE:p.12
CATEGORY=Special Ability|Tengu ~ Natural Weapon.MOD	SOURCEPAGE:p.12

###Block: Language Choices
# Ability Name	Unique Key				Category of Ability	Type				Required Race	Ability											Modify VAR
Golarion		KEY:Tengu ~ Default		CATEGORY:Choice		TYPE:Regional Language	PRERACE:1,Tengu
Dragon Empires	KEY:Tengu ~ Dragon Empires	CATEGORY:Choice		TYPE:Regional Language	PRERACE:1,Tengu	ABILITY:Tengu Racial Trait|AUTOMATIC|Tengu ~ Dragon Empires Languages	BONUS:VAR|Tengu_AlternateLanguages|1|TYPE=Boolean

###Block: Region-Specific Languages
# Ability Name	Unique Key						Category of Ability		Type															Visible		Required Var. value			Description																					Template				Auto Language		Source Page
Languages		KEY:Tengu ~ Dragon Empires Languages	CATEGORY:Special Ability	TYPE:RacialTraits.Tengu Racial Trait.Tengu Racial Default.SpecialQuality.Racial Language	VISIBLE:DISPLAY	PREVAREQ:Tengu_AlternateLanguages,1	DESC:Tengus begin play speaking Tengu and Tien. Tengus with high Intelligence scores can choose any language as a bonus language.	TEMPLATE:Bonus Language ~ Any Spoken	AUTO:LANG|Tengu|Tien	SOURCEPAGE:p.12


# ------------------------------
# Wayang
# ------------------------------

###NOTE: Race files are in core_essentials\races\wayang\

###Block: Racial Abilities
# Ability Name						Bonus Ability Pool
CATEGORY=Internal|Racial Traits ~ Wayang.MOD	BONUS:ABILITYPOOL|Region Languages|1|TYPE=Base

###Block: Racial Traits
# Ability Name								Source, Long Desc.			Source, Short Desc.	Source URI															Source Page		Source Pub. Date
CATEGORY=Special Ability|Wayang ~ Ability Scores.MOD																												SOURCEPAGE:p.13
CATEGORY=Special Ability|Wayang ~ Type.MOD																													SOURCEPAGE:p.13
CATEGORY=Special Ability|Wayang ~ Size.MOD																													SOURCEPAGE:p.13
CATEGORY=Special Ability|Wayang ~ Speed.MOD																													SOURCEPAGE:p.13
CATEGORY=Special Ability|Wayang ~ Vision.MOD																													SOURCEPAGE:p.13
CATEGORY=Special Ability|Wayang ~ Light and Dark.MOD																												SOURCEPAGE:p.13
CATEGORY=Special Ability|Wayang ~ Lurker.MOD																													SOURCEPAGE:p.13
CATEGORY=Special Ability|Wayang ~ Shadow Magic.MOD																												SOURCEPAGE:p.13
CATEGORY=Special Ability|Wayang ~ Shadow Resistance.MOD																											SOURCEPAGE:p.13
CATEGORY=Special Ability|Wayang ~ Languages.MOD			SOURCELONG:Advanced Race Guide	SOURCESHORT:ARG		SOURCEWEB:http://paizo.com/products/btpy8rv2?Pathfinder-Roleplaying-Game-Advanced-Race-Guide	SOURCEPAGE:p.210	SOURCEDATE:2012-06

###Block: Language Choices
# Ability Name	Unique Key				Category of Ability	Type				Required Race	Ability											Modify VAR
Golarion		KEY:Wayang ~ Default		CATEGORY:Choice		TYPE:Regional Language	PRERACE:1,Wayang
Dragon Empires	KEY:Wayang ~ Dragon Empires	CATEGORY:Choice		TYPE:Regional Language	PRERACE:1,Wayang	ABILITY:Wayang Racial Trait|AUTOMATIC|Wayang ~ Dragon Empires Languages	BONUS:VAR|Wayang_AlternateLanguages|1|TYPE=Boolean

###Block: Region-Specific Languages
# Ability Name	Unique Key						Category of Ability		Type																Visible		Prohibited Fact							Required Var. value				Description																																				Template																																												Auto Language		Source Page
Languages		KEY:Wayang ~ Dragon Empires Languages	CATEGORY:Special Ability	TYPE:RacialTraits.Wayang Racial Trait.Wayang Racial Default.SpecialQuality.Racial Language	VISIBLE:DISPLAY	!PREFACT:1,ABILITIES,Wayang_ReplaceLanguages=True	PREVAREQ:Wayang_AlternateLanguages,1	DESC:Wayangs begin play speaking Tien and Wayang. Wayangs with high Intelligence scores can choose from the following: any human tongue, Abyssal, Aklo, Draconic, Goblin, Infernal, Nagaji, Samsaran, Senzar, and Tengu.	TEMPLATE:Bonus Language ~ Any Human Language|Bonus Language ~ Abyssal|Bonus Language ~ Aklo|Bonus Language ~ Draconic|Bonus Language ~ Goblin|Bonus Language ~ Infernal|Bonus Language ~ Nagaji|Bonus Language ~ Samsaran|Bonus Language ~ Senzar|Bonus Language ~ Tengu	AUTO:LANG|Tien|Wayang	SOURCEPAGE:p.13
