# Template Name		Visible	Define											Required Class			Bonus Ability Pool				Modify VAR																																																																																																																																															Ability																																														Removable?		Type
Biohacker			VISIBLE:NO													PRECLASS:1,Biohacker=1									BONUS:VAR|CS_First_Bluff|1|TYPE=BiohackerClass	BONUS:VAR|CS_First_Computers|1|TYPE=BiohackerClass	BONUS:VAR|CS_First_Culture|1|TYPE=BiohackerClass	BONUS:VAR|CS_First_Diplomacy|1|TYPE=BiohackerClass	BONUS:VAR|CS_First_Engineering|1|TYPE=BiohackerClass	BONUS:VAR|CS_First_LifeScience|1|TYPE=BiohackerClass	BONUS:VAR|CS_First_Medicine|1|TYPE=BiohackerClass	BONUS:VAR|CS_First_Perception|1|TYPE=BiohackerClass	BONUS:VAR|CS_First_PhysicalScience|1|TYPE=BiohackerClass	BONUS:VAR|CS_First_Profession|1|TYPE=BiohackerClass	BONUS:VAR|CS_First_SenseMotive|1|TYPE=BiohackerClass	BONUS:VAR|CS_First_SleightOfHand|1|TYPE=BiohackerClass																																																																																			REMOVABLE:NO	TYPE:BaseClass
Vanguard			VISIBLE:NO													PRECLASS:1,Vanguard=1									BONUS:VAR|CS_First_Acrobatics|1|TYPE=VanguardClass	BONUS:VAR|CS_First_Athletics|1|TYPE=VanguardClass	BONUS:VAR|CS_First_Culture|1|TYPE=VanguardClass	BONUS:VAR|CS_First_Diplomacy|1|TYPE=VanguardClass	BONUS:VAR|CS_First_Intimidate|1|TYPE=VanguardClass	BONUS:VAR|CS_First_LifeScience|1|TYPE=VanguardClass	BONUS:VAR|CS_First_Medicine|1|TYPE=VanguardClass	BONUS:VAR|CS_First_Mysticism|1|TYPE=VanguardClass	BONUS:VAR|CS_First_Perception|1|TYPE=VanguardClass	BONUS:VAR|CS_First_Profession|1|TYPE=VanguardClass	BONUS:VAR|CS_First_Stealth|1|TYPE=VanguardClass	BONUS:VAR|CS_First_Survival|1|TYPE=VanguardClass																																																																																						REMOVABLE:NO	TYPE:BaseClass
Witchwarper			VISIBLE:NO													PRECLASS:1,Witchwarper=1								BONUS:VAR|CS_First_Acrobatics|1|TYPE=WitchwarperClass	BONUS:VAR|CS_First_Bluff|1|TYPE=WitchwarperClass	BONUS:VAR|CS_First_Culture|1|TYPE=WitchwarperClass	BONUS:VAR|CS_First_Diplomacy|1|TYPE=WitchwarperClass	BONUS:VAR|CS_First_Intimidate|1|TYPE=WitchwarperClass	BONUS:VAR|CS_First_Mysticism|1|TYPE=WitchwarperClass	BONUS:VAR|CS_First_PhysicalScience|1|TYPE=WitchwarperClass	BONUS:VAR|CS_First_Profession|1|TYPE=WitchwarperClass																																																																																																																							REMOVABLE:NO	TYPE:BaseClass

Class ~ Biohacker		VISIBLE:NO	DEFINE:BiohackerKeyAbilityScore|0	DEFINE:BiohackerKeyAbilityBonus|0																																																																																																																																																													ABILITY:Proficiency|AUTOMATIC|Armor Prof ~ Light Armor|Weapon Prof ~ Basic Melee Weapons|Weapon Prof ~ Small Arms|Weapon Prof ~ Grenades
Class ~ Vanguard		VISIBLE:NO																																																																																																																																																																									ABILITY:Proficiency|AUTOMATIC|Armor Prof ~ Light Armor|Armor Prof ~ Heavy Armor|Weapon Prof ~ Basic Melee Weapons|Weapon Prof ~ Advanced Melee Weapons|Weapon Prof ~ Small Arms
Class ~ Witchwarper	VISIBLE:NO																																																																																																																																																																									ABILITY:Proficiency|AUTOMATIC|Armor Prof ~ Light Armor|Weapon Prof ~ Basic Melee Weapons|Weapon Prof ~ Small Arms|Weapon Prof ~ Grenades

Entropic Strike		VISIBLE:NO	KIT:1|Entropic Strike