# CVS $Revision$ $Author$ -- Fri Oct 19 20:16:09 2012 -- reformated by prettylst.pl v1.39 (build 15052)
SOURCELONG:The Way of the Gun	SOURCESHORT:WayotGun	SOURCEWEB:http://www.peginc.com/index.htm	SOURCEDATE:2003-01
#Martial Ranged Weapons Name				TYPE												Cost		Weight	Weapon Size	Base Damage		Critical Range	Critical Multiplier	Range		Required Proficiency			Bonuses		# of Attacks		Source Material
# Equipment Name						Required Weapon Proficiency			Type												Cost		Weight	Critical Hit Multiplier	Critical Hit Range	Damage		Range		Size		Source Page		Bonus to skill			Special Property
American Pepperbox (Derringer/SA)										TYPE:Weapon.Ranged.Firearm.Pistol.Derringer.SingleAction.CnB.Piercing	COST:12	WT:2		CRITMULT:x2			CRITRANGE:2			DAMAGE:2d4+1	RANGE:15	SIZE:T	SOURCEPAGE:p.38
Chuchu Pistol (Derringer/DA)											TYPE:Weapon.Ranged.Firearm.Pistol.Derringer.DoubleAction.Piercing		COST:8	WT:1		CRITMULT:x2			CRITRANGE:2			DAMAGE:2d4		RANGE:15	SIZE:T	SOURCEPAGE:p.38
Colt Derringer (Derringer/SA)											TYPE:Weapon.Ranged.Firearm.Pistol.Derringer.SingleAction.Piercing		COST:8	WT:0.5	CRITMULT:x2			CRITRANGE:2			DAMAGE:2d6		RANGE:15	SIZE:T	SOURCEPAGE:p.38
English 1840 Model (Derringer/SA)										TYPE:Weapon.Ranged.Firearm.Pistol.Derringer.SingleAction.CnB.Piercing	COST:10	WT:2		CRITMULT:x2			CRITRANGE:2			DAMAGE:2d4+2	RANGE:15	SIZE:T	SOURCEPAGE:p.38
Marston Pistol (Derringer/DA)											TYPE:Weapon.Ranged.Firearm.Pistol.Derringer.DoubleAction.Piercing		COST:8	WT:1		CRITMULT:x2			CRITRANGE:2			DAMAGE:2d4+1	RANGE:15	SIZE:T	SOURCEPAGE:p.38
Palm Pistol (Derringer/DA)											TYPE:Weapon.Ranged.Firearm.Pistol.Derringer.DoubleAction.Piercing		COST:9	WT:0.5	CRITMULT:x2			CRITRANGE:2			DAMAGE:2d4+1	RANGE:15	SIZE:T	SOURCEPAGE:p.38
Remington Double Derringer (Derringer/SA)									TYPE:Weapon.Ranged.Firearm.Pistol.Derringer.SingleAction.Piercing		COST:10	WT:0.5	CRITMULT:x2			CRITRANGE:2			DAMAGE:2d6		RANGE:15	SIZE:T	SOURCEPAGE:p.38
Remington Rider (Derringer/SA)										TYPE:Weapon.Ranged.Firearm.Pistol.Derringer.SingleAction.Piercing		COST:10	WT:1		CRITMULT:x2			CRITRANGE:2			DAMAGE:2d4+1	RANGE:15	SIZE:T	SOURCEPAGE:p.38
Remington-Eliot Derringer (Derringer/DA)									TYPE:Weapon.Ranged.Firearm.Pistol.Derringer.DoubleAction.Piercing		COST:10	WT:0.5	CRITMULT:x2			CRITRANGE:2			DAMAGE:2d4+1	RANGE:15	SIZE:T	SOURCEPAGE:p.38
Robbins and Lawrence Pepperbox (Derringer/SA)								TYPE:Weapon.Ranged.Firearm.Pistol.Derringer.SingleAction.CnB.Piercing	COST:9	WT:1		CRITMULT:x2			CRITRANGE:2			DAMAGE:2d4+1	RANGE:15	SIZE:T	SOURCEPAGE:p.38
Sharps Derringer (Derringer/DA)										TYPE:Weapon.Ranged.Firearm.Pistol.Derringer.DoubleAction.Piercing		COST:10	WT:0.5	CRITMULT:x2			CRITRANGE:2			DAMAGE:2d4+1	RANGE:15	SIZE:T	SOURCEPAGE:p.38
Williamson Single-Shot (Derringer/SA)									TYPE:Weapon.Ranged.Firearm.Pistol.Derringer.SingleAction.Piercing		COST:7	WT:0.5	CRITMULT:x2			CRITRANGE:2			DAMAGE:2d6		RANGE:15	SIZE:T	SOURCEPAGE:p.38

#SMALL -----------------------------------------------------------------------------------------------------------
Adams Revolver (Pistol/SA)											TYPE:Weapon.Ranged.Firearm.Pistol.SingleAction.CnB.Piercing			COST:16	WT:2		CRITMULT:x2			CRITRANGE:2			DAMAGE:2d6+2	RANGE:30	SIZE:S	SOURCEPAGE:p.37
Army Pistol (Pistol/SA)												TYPE:Weapon.Ranged.Firearm.Pistol.SingleAction.Piercing			COST:12	WT:2		CRITMULT:x2			CRITRANGE:2			DAMAGE:2d6+1	RANGE:30	SIZE:S	SOURCEPAGE:p.37
Augusta Revolver (Pistol/SA)											TYPE:Weapon.Ranged.Firearm.Pistol.SingleAction.CnB.Piercing			COST:10	WT:3		CRITMULT:x2			CRITRANGE:2			DAMAGE:2d4+2	RANGE:30	SIZE:S	SOURCEPAGE:p.37
Colt Army-Thuer (Pistol/SA)											TYPE:Weapon.Ranged.Firearm.Pistol.SingleAction.Piercing			COST:13	WT:3		CRITMULT:x2			CRITRANGE:2			DAMAGE:2d6+1	RANGE:30	SIZE:S	SOURCEPAGE:p.37
Colt Dragoon No. 3 (Pistol/SA)										TYPE:Weapon.Ranged.Firearm.Pistol.SingleAction.CnB.Piercing			COST:13	WT:4		CRITMULT:x2			CRITRANGE:2			DAMAGE:2d6+1	RANGE:30	SIZE:S	SOURCEPAGE:p.37
Colt Frontier (Pistol/DA)											TYPE:Weapon.Ranged.Firearm.Pistol.DoubleAction.Piercing			COST:8	WT:2		CRITMULT:x2			CRITRANGE:2			DAMAGE:2d4+1	RANGE:30	SIZE:S	SOURCEPAGE:p.37
Colt Navy Revolver (Pistol/SA)										TYPE:Weapon.Ranged.Firearm.Pistol.SingleAction.CnB.Piercing			COST:11	WT:3		CRITMULT:x2			CRITRANGE:2			DAMAGE:2d4+2	RANGE:30	SIZE:S	SOURCEPAGE:p.37
Colt New Line .30 (Pistol/SA)											TYPE:Weapon.Ranged.Firearm.Pistol.SingleAction.Piercing			COST:8	WT:3		CRITMULT:x2			CRITRANGE:2			DAMAGE:2d4+1	RANGE:30	SIZE:S	SOURCEPAGE:p.37
Colt New Line .38 (Pistol/SA)											TYPE:Weapon.Ranged.Firearm.Pistol.SingleAction.Piercing			COST:9	WT:3		CRITMULT:x2			CRITRANGE:2			DAMAGE:2d4+2	RANGE:30	SIZE:S	SOURCEPAGE:p.37
Colt Old-Line (Pistol/SA)											TYPE:Weapon.Ranged.Firearm.Pistol.SingleAction.Piercing			COST:8	WT:3		CRITMULT:x2			CRITRANGE:2			DAMAGE:2d4		RANGE:30	SIZE:S	SOURCEPAGE:p.37
Colt Open Top (Pistol/SA)											TYPE:Weapon.Ranged.Firearm.Pistol.SingleAction.Piercing			COST:13	WT:3		CRITMULT:x2			CRITRANGE:2			DAMAGE:2d6+1	RANGE:30	SIZE:S	SOURCEPAGE:p.37
Colt Open Top Pocket (Pistol/SA)										TYPE:Weapon.Ranged.Firearm.Pistol.SingleAction.Piercing			COST:8	WT:2		CRITMULT:x2			CRITRANGE:2			DAMAGE:2d4		RANGE:30	SIZE:S	SOURCEPAGE:p.37
Colt Paterson Belt Model (Pistol/SA)									TYPE:Weapon.Ranged.Firearm.Pistol.SingleAction.CnB.Piercing			COST:12	WT:4		CRITMULT:x2			CRITRANGE:2			DAMAGE:2d4+1	RANGE:30	SIZE:S	SOURCEPAGE:p.37
Colt Peacemaker (Pistol/DA)											TYPE:Weapon.Ranged.Firearm.Pistol.DoubleAction.Piercing			COST:15	WT:3		CRITMULT:x2			CRITRANGE:2			DAMAGE:2d6+1	RANGE:30	SIZE:S	SOURCEPAGE:p.37
Colt Pocket (Pistol/SA)												TYPE:Weapon.Ranged.Firearm.Pistol.SingleAction.CnB.Piercing			COST:10	WT:3		CRITMULT:x2			CRITRANGE:2			DAMAGE:2d4+1	RANGE:30	SIZE:S	SOURCEPAGE:p.37
Colt Police (Pistol/SA)												TYPE:Weapon.Ranged.Firearm.Pistol.SingleAction.CnB.Piercing			COST:10	WT:3		CRITMULT:x2			CRITRANGE:2			DAMAGE:2d4+2	RANGE:30	SIZE:S	SOURCEPAGE:p.37
Colt Walker (Pistol/SA)												TYPE:Weapon.Ranged.Firearm.Pistol.SingleAction.CnB.Piercing			COST:12	WT:4		CRITMULT:x2			CRITRANGE:2			DAMAGE:2d6+1	RANGE:30	SIZE:S	SOURCEPAGE:p.37
Cooper Navy (Pistol/DA)												TYPE:Weapon.Ranged.Firearm.Pistol.DoubleAction.Piercing			COST:12	WT:2		CRITMULT:x2			CRITRANGE:2			DAMAGE:2d4+2	RANGE:30	SIZE:S	SOURCEPAGE:p.37
Forehand and Wadsworth .44 (Pistol/SA)									TYPE:Weapon.Ranged.Firearm.Pistol.SingleAction.Piercing			COST:13	WT:3		CRITMULT:x2			CRITRANGE:2			DAMAGE:2d6+1	RANGE:30	SIZE:S	SOURCEPAGE:p.37
Freeman Army Revolver (Pistol/SA)										TYPE:Weapon.Ranged.Firearm.Pistol.SingleAction.CnB.Piercing			COST:10	WT:3		CRITMULT:x2			CRITRANGE:2			DAMAGE:2d6+1	RANGE:30	SIZE:S	SOURCEPAGE:p.37
Joslyn Army Revolver (Pistol/SA)										TYPE:Weapon.Ranged.Firearm.Pistol.SingleAction.CnB.Piercing			COST:10	WT:3		CRITMULT:x2			CRITRANGE:2			DAMAGE:2d6+1	RANGE:30	SIZE:S	SOURCEPAGE:p.37
Kerr's Patent Revolver (Pistol/DA)										TYPE:Weapon.Ranged.Firearm.Pistol.DoubleAction.CnB.Piercing			COST:11	WT:2		CRITMULT:x2			CRITRANGE:2			DAMAGE:2d4+2	RANGE:30	SIZE:S	SOURCEPAGE:p.37
Kerr's Patent Revolver (Pistol/SA)										TYPE:Weapon.Ranged.Firearm.Pistol.SingleAction.CnB.Piercing			COST:10	WT:3		CRITMULT:x2			CRITRANGE:2			DAMAGE:2d4+2	RANGE:30	SIZE:S	SOURCEPAGE:p.37
Leech and Rigdon Revolver (Pistol/SA)									TYPE:Weapon.Ranged.Firearm.Pistol.SingleAction.CnB.Piercing			COST:10	WT:3		CRITMULT:x2			CRITRANGE:2			DAMAGE:2d4+2	RANGE:30	SIZE:S	SOURCEPAGE:p.37
LeMat Revolver and Shotgun (Pistol/SA)									TYPE:Weapon.Ranged.Firearm.Pistol.SingleAction.CnB.Piercing			COST:25	WT:4		CRITMULT:x2			CRITRANGE:2			DAMAGE:2d6		RANGE:30	SIZE:S	SOURCEPAGE:p.37						SPROP:2d6/4d4
Merwin Hulbert Army (Pistol/SA)										TYPE:Weapon.Ranged.Firearm.Pistol.SingleAction.Piercing			COST:14	WT:3		CRITMULT:x2			CRITRANGE:2			DAMAGE:2d6+1	RANGE:30	SIZE:S	SOURCEPAGE:p.37
Merwin Hulbert Pocket (Pistol/DA)										TYPE:Weapon.Ranged.Firearm.Pistol.DoubleAction.Piercing			COST:18	WT:2		CRITMULT:x2			CRITRANGE:2			DAMAGE:2d4+1	RANGE:30	SIZE:S	SOURCEPAGE:p.37
Navy Pistol (Pistol/SA)												TYPE:Weapon.Ranged.Firearm.Pistol.SingleAction.Piercing			COST:10	WT:4		CRITMULT:x2			CRITRANGE:2			DAMAGE:2d4+2	RANGE:30	SIZE:S	SOURCEPAGE:p.37
Pettengill Army (Pistol/DA)											TYPE:Weapon.Ranged.Firearm.Pistol.DoubleAction.Piercing			COST:14	WT:3		CRITMULT:x2			CRITRANGE:2			DAMAGE:2d6+1	RANGE:30	SIZE:S	SOURCEPAGE:p.37
Remington Army (Pistol/SA)											TYPE:Weapon.Ranged.Firearm.Pistol.SingleAction.CnB.Piercing			COST:10	WT:3		CRITMULT:x2			CRITRANGE:2			DAMAGE:2d6+1	RANGE:30	SIZE:S	SOURCEPAGE:p.37
Remington-Beals Pocket (Pistol/SA)										TYPE:Weapon.Ranged.Firearm.Pistol.SingleAction.CnB.Piercing			COST:10	WT:3		CRITMULT:x2			CRITRANGE:2			DAMAGE:2d4+1	RANGE:30	SIZE:S	SOURCEPAGE:p.37
Remington Navy (Pistol/SA)											TYPE:Weapon.Ranged.Firearm.Pistol.SingleAction.CnB.Piercing			COST:10	WT:3		CRITMULT:x2			CRITRANGE:2			DAMAGE:2d6+2	RANGE:30	SIZE:S	SOURCEPAGE:p.37
Remington New Model (Pistol/SA)										TYPE:Weapon.Ranged.Firearm.Pistol.SingleAction.Piercing			COST:10	WT:3		CRITMULT:x2			CRITRANGE:2			DAMAGE:2d6+2	RANGE:30	SIZE:S	SOURCEPAGE:p.37
Remington Single-Action (Pistol/SA)										TYPE:Weapon.Ranged.Firearm.Pistol.SingleAction.Piercing			COST:13	WT:2		CRITMULT:x2			CRITRANGE:2			DAMAGE:2d6+1	RANGE:30	SIZE:S	SOURCEPAGE:p.37
Roger and Spencer Army (Pistol/SA)										TYPE:Weapon.Ranged.Firearm.Pistol.SingleAction.CnB.Piercing			COST:11	WT:2		CRITMULT:x2			CRITRANGE:2			DAMAGE:2d6+1	RANGE:30	SIZE:S	SOURCEPAGE:p.37
Savage and North Navy (Pistol/SA)										TYPE:Weapon.Ranged.Firearm.Pistol.SingleAction.CnB.Piercing			COST:12	WT:2		CRITMULT:x2			CRITRANGE:2			DAMAGE:2d4+2	RANGE:30	SIZE:S	SOURCEPAGE:p.37
Smith and Wesson Baby Russian (Pistol/SA)									TYPE:Weapon.Ranged.Firearm.Pistol.SingleAction.Piercing			COST:11	WT:2		CRITMULT:x2			CRITRANGE:2			DAMAGE:2d4+2	RANGE:30	SIZE:S	SOURCEPAGE:p.37
Smith and Wesson DA (Pistol/DA)										TYPE:Weapon.Ranged.Firearm.Pistol.DoubleAction.Piercing			COST:13	WT:2		CRITMULT:x2			CRITRANGE:2			DAMAGE:2d4+2	RANGE:30	SIZE:S	SOURCEPAGE:p.37
Smith and Wesson Frontier (Pistol/DA)									TYPE:Weapon.Ranged.Firearm.Pistol.DoubleAction.Piercing			COST:15	WT:2		CRITMULT:x2			CRITRANGE:2			DAMAGE:2d6+1	RANGE:30	SIZE:S	SOURCEPAGE:p.37
Smith and Wesson No. 1 (Pistol/SA)										TYPE:Weapon.Ranged.Firearm.Pistol.SingleAction.Piercing			COST:8	WT:3		CRITMULT:x2			CRITRANGE:2			DAMAGE:2d4		RANGE:30	SIZE:S	SOURCEPAGE:p.37
Smith and Wesson No. 2 (Pistol/SA)										TYPE:Weapon.Ranged.Firearm.Pistol.SingleAction.Piercing			COST:10	WT:3		CRITMULT:x2			CRITRANGE:2			DAMAGE:2d4+1	RANGE:30	SIZE:S	SOURCEPAGE:p.37
Smith and Wesson No. 3 .44 (Pistol/SA)									TYPE:Weapon.Ranged.Firearm.Pistol.SingleAction.Piercing			COST:13	WT:3		CRITMULT:x2			CRITRANGE:2			DAMAGE:2d6+1	RANGE:30	SIZE:S	SOURCEPAGE:p.37
Smith and Wesson No. 3 .45 (Pistol/SA)									TYPE:Weapon.Ranged.Firearm.Pistol.SingleAction.Piercing			COST:14	WT:2		CRITMULT:x2			CRITRANGE:2			DAMAGE:2d6+2	RANGE:30	SIZE:S	SOURCEPAGE:p.37
Smith and Wesson Russian (Pistol/SA)									TYPE:Weapon.Ranged.Firearm.Pistol.SingleAction.Piercing			COST:13	WT:2		CRITMULT:x2			CRITRANGE:2			DAMAGE:2d6+1	RANGE:30	SIZE:S	SOURCEPAGE:p.37
Volcanic Pistol .31 (Pistol/SA)										TYPE:Weapon.Ranged.Firearm.Pistol.SingleAction.Piercing			COST:8	WT:3		CRITMULT:x2			CRITRANGE:2			DAMAGE:2d4+1	RANGE:30	SIZE:S	SOURCEPAGE:p.37
Volcanic Pistol .41 (Pistol/SA)										TYPE:Weapon.Ranged.Firearm.Pistol.SingleAction.Piercing			COST:10	WT:3		CRITMULT:x2			CRITRANGE:2			DAMAGE:2d6		RANGE:30	SIZE:S	SOURCEPAGE:p.37
Volcanic Pistol-Carbine (Pistol/SA)										TYPE:Weapon.Ranged.Firearm.Pistol.SingleAction.Piercing			COST:12	WT:3		CRITMULT:x2			CRITRANGE:2			DAMAGE:2d4+2	RANGE:30	SIZE:S	SOURCEPAGE:p.37
Volcanic Repeating Pistol (Pistol/SA)									TYPE:Weapon.Ranged.Firearm.Pistol.SingleAction.Piercing			COST:10	WT:3		CRITMULT:x2			CRITRANGE:2			DAMAGE:2d4+2	RANGE:30	SIZE:S	SOURCEPAGE:p.37
Wesson and Leavitt Pocket (Pistol/SA)									TYPE:Weapon.Ranged.Firearm.Pistol.SingleAction.Piercing			COST:8	WT:3		CRITMULT:x2			CRITRANGE:2			DAMAGE:2d4+1	RANGE:30	SIZE:S	SOURCEPAGE:p.37
W. Irving Knuckle-Duster (Pistol/SA)									TYPE:Weapon.Ranged.Firearm.Pistol.SingleAction.Piercing			COST:8	WT:3		CRITMULT:x2			CRITRANGE:2			DAMAGE:2d4+1	RANGE:30	SIZE:S	SOURCEPAGE:p.37

#MEDIUM ---------------------------------------------------------------------------------------------------------
Bullard Express (Rifle)												TYPE:Weapon.Ranged.Firearm.Rifle.Piercing						COST:30	WT:11		CRITMULT:x2			CRITRANGE:2			DAMAGE:2d10		RANGE:60	SIZE:M	SOURCEPAGE:p.38
Colt Lightning Repeater (Rifle)										TYPE:Weapon.Ranged.Firearm.Rifle.Piercing						COST:28	WT:12		CRITMULT:x2			CRITRANGE:2			DAMAGE:2d8		RANGE:75	SIZE:M	SOURCEPAGE:p.38
Colt Revolving Rifle (Rifle)											TYPE:Weapon.Ranged.Firearm.Rifle.Piercing						COST:24	WT:12		CRITMULT:x2			CRITRANGE:2			DAMAGE:2d10		RANGE:50	SIZE:M	SOURCEPAGE:p.38
Evans Old Model Sporter (Rifle)										TYPE:Weapon.Ranged.Firearm.Rifle.Piercing						COST:30	WT:13		CRITMULT:x2			CRITRANGE:2			DAMAGE:2d8+1	RANGE:75	SIZE:M	SOURCEPAGE:p.38
Hotchkiss Repeating Rifle (Rifle)										TYPE:Weapon.Ranged.Firearm.Rifle.Piercing						COST:45	WT:12		CRITMULT:x2			CRITRANGE:2			DAMAGE:2d8+1	RANGE:75	SIZE:M	SOURCEPAGE:p.38
LeMat Carbine and Shotgun (Rifle)										TYPE:Weapon.Ranged.Firearm.Rifle.Piercing						COST:35	WT:14		CRITMULT:x2			CRITRANGE:2			DAMAGE:2d8		RANGE:45	SIZE:M	SOURCEPAGE:p.38						SPROP:2d8/4d4
Remington Model 1871 (Rifle)											TYPE:Weapon.Ranged.Firearm.Rifle.Piercing						COST:20	WT:13		CRITMULT:x2			CRITRANGE:2			DAMAGE:2d8+2	RANGE:75	SIZE:M	SOURCEPAGE:p.38
Sharps 1855 Carbine (Rifle)											TYPE:Weapon.Ranged.Firearm.Rifle.Piercing						COST:18	WT:12		CRITMULT:x2			CRITRANGE:2			DAMAGE:2d10		RANGE:45	SIZE:M	SOURCEPAGE:p.38
Sharps 1859 Rifle (Rifle)											TYPE:Weapon.Ranged.Firearm.Rifle.Piercing						COST:19	WT:12		CRITMULT:x2			CRITRANGE:2			DAMAGE:2d8		RANGE:50	SIZE:M	SOURCEPAGE:p.38
Sharps 1869 Rifle (Rifle)											TYPE:Weapon.Ranged.Firearm.Rifle.Piercing						COST:20	WT:13		CRITMULT:x2			CRITRANGE:2			DAMAGE:2d12		RANGE:60	SIZE:M	SOURCEPAGE:p.38
Sharps 1874 Rifle (Rifle)											TYPE:Weapon.Ranged.Firearm.Rifle.Piercing						COST:22	WT:11		CRITMULT:x2			CRITRANGE:2			DAMAGE:2d8		RANGE:75	SIZE:M	SOURCEPAGE:p.38
Spencer Carbine .52 (Rifle)											TYPE:Weapon.Ranged.Firearm.Rifle.Piercing						COST:15	WT:10		CRITMULT:x2			CRITRANGE:2			DAMAGE:2d8		RANGE:45	SIZE:M	SOURCEPAGE:p.38
Springfield 1873 (Rifle)											TYPE:Weapon.Ranged.Firearm.Rifle.Piercing						COST:15	WT:11		CRITMULT:x2			CRITRANGE:2			DAMAGE:2d8+1	RANGE:75	SIZE:M	SOURCEPAGE:p.38
US Model 1822 (Rifle)												TYPE:Weapon.Ranged.Firearm.Rifle.BnB.Piercing					COST:8	WT:14		CRITMULT:x2			CRITRANGE:2			DAMAGE:2d10+1	RANGE:30	SIZE:M	SOURCEPAGE:p.38						SPROP:2d10+1/4d6
US Model 1842 (Rifle)												TYPE:Weapon.Ranged.Firearm.Rifle.BnB.Piercing					COST:10	WT:12		CRITMULT:x2			CRITRANGE:2			DAMAGE:2d10+1	RANGE:40	SIZE:M	SOURCEPAGE:p.38						SPROP:2d10+1/4d6
US Model 1855 (Rifle)												TYPE:Weapon.Ranged.Firearm.Rifle.Piercing						COST:15	WT:10		CRITMULT:x2			CRITRANGE:2			DAMAGE:2d10		RANGE:50	SIZE:M	SOURCEPAGE:p.38
Volcanic Carbine .38 (Rifle)											TYPE:Weapon.Ranged.Firearm.Rifle.Piercing						COST:14	WT:8		CRITMULT:x2			CRITRANGE:2			DAMAGE:2d6		RANGE:30	SIZE:M	SOURCEPAGE:p.38
Volcanic Carbine .41 (Rifle)											TYPE:Weapon.Ranged.Firearm.Rifle.Piercing						COST:14	WT:8		CRITMULT:x2			CRITRANGE:2			DAMAGE:2d6		RANGE:30	SIZE:M	SOURCEPAGE:p.38
Whitworth (Rifle)													TYPE:Weapon.Ranged.Firearm.Rifle.Piercing						COST:120	WT:9		CRITMULT:x2			CRITRANGE:2			DAMAGE:2d8		RANGE:90	SIZE:M	SOURCEPAGE:p.38
Winchester '66 (Rifle)												TYPE:Weapon.Ranged.Firearm.Rifle.Piercing						COST:20	WT:7		CRITMULT:x2			CRITRANGE:2			DAMAGE:2d8		RANGE:50	SIZE:M	SOURCEPAGE:p.38

#Exotic Ranged Weapons Name
#MEDIUM ----------------------------------------------------------------------------------------------------------
Acid Gun														TYPE:Weapon.Exotic.Ranged								COST:2500	WT:20		CRITMULT:x2			CRITRANGE:1			DAMAGE:4d6		RANGE:10	SIZE:M	SOURCEPAGE:p.34
Gatling Rifle													TYPE:Weapon.Exotic.Ranged.Firearm.Automatic.Piercing				COST:3000	WT:16		CRITMULT:x2			CRITRANGE:2			DAMAGE:2d8		RANGE:50	SIZE:M	SOURCEPAGE:p.35
Gatling Shotgun													TYPE:Weapon.Exotic.Ranged.Firearm.Automatic.Piercing				COST:4000	WT:13		CRITMULT:x2			CRITRANGE:2			DAMAGE:1d6		RANGE:25	SIZE:M	SOURCEPAGE:p.35						SPROP:1d6/4d6

#Specific
Ghost Gun							PROFICIENCY:WEAPON|Colt Army (Pistol/SA)	TYPE:Magic.Weapon.Ranged.Firearm.Pistol.SingleAction.CnB.Piercing		COST:32240	WT:2		CRITMULT:x2			CRITRANGE:2			DAMAGE:3d6+1	RANGE:30	SIZE:S	SOURCEPAGE:p.41	BONUS:SKILL|Intimidate|2
