# CVS $Revision$ $Author$ -- Fri Oct 19 20:16:09 2012 -- reformated by prettylst.pl v1.39 (build 15052)
SOURCELONG:System Reference Document	SOURCESHORT:SRD	SOURCEWEB:http://groups.yahoo.com/group/pcgen/files/3.0%20SRD/	SOURCEDATE:2000-01

STARTPACK:Ogre Default	TYPE:DefaultMonster.Giant	VISIBLE:QUALIFY	EQUIPBUY:0	PREMULT:1,[!PRERACE:1,%],[PRERACE:1,Ogre]
RACE:Ogre	!PRERACE:1,%
NAME:Ogre
STAT:STR=11|DEX=10|CON=11|INT=10|WIS=10|CHA=11
SKILL:Listen	RANK:2
SKILL:Spot		RANK:2
FEAT:Weapon Focus (Greatclub)

STARTPACK:Ogre (Aquatic Merrow) Default	TYPE:DefaultMonster.Giant	VISIBLE:QUALIFY	EQUIPBUY:0	PREMULT:1,[!PRERACE:1,%],[PRERACE:1,Ogre (Aquatic Merrow)]
RACE:Ogre (Aquatic Merrow)	!PRERACE:1,%
NAME:Ogre (Aquatic Merrow)
STAT:STR=11|DEX=10|CON=11|INT=10|WIS=10|CHA=11
SKILL:Listen	RANK:2
SKILL:Spot		RANK:2
FEAT:Weapon Focus (Longspear)

STARTPACK:Ogre Mage Default	TYPE:DefaultMonster.Giant	VISIBLE:QUALIFY	EQUIPBUY:0	PREMULT:1,[!PRERACE:1,%],[PRERACE:1,Ogre Mage]
RACE:Ogre Mage	!PRERACE:1,%
NAME:Ogre Mage
STAT:STR=11|DEX=10|CON=11|INT=10|WIS=10|CHA=11
SKILL:Concentration	RANK:3
SKILL:Listen		RANK:3
SKILL:Spot			RANK:3
SKILL:Spellcraft		RANK:2
FEAT:Improved Initiative

STARTPACK:Ooze (Gray) Default	TYPE:DefaultMonster.Ooze	VISIBLE:QUALIFY	EQUIPBUY:0	PREMULT:1,[!PRERACE:1,%],[PRERACE:1,Ooze (Gray)]
RACE:Ooze (Gray)	!PRERACE:1,%
NAME:Ooze (Gray)
ALIGN:TN
STAT:STR=10|DEX=10|CON=11|WIS=10|CHA=10

STARTPACK:Ooze (Gelatinous Cube) Default	TYPE:DefaultMonster.Ooze	VISIBLE:QUALIFY	EQUIPBUY:0	PREMULT:1,[!PRERACE:1,%],[PRERACE:1,Ooze (Gelatinous Cube)]
RACE:Ooze (Gelatinous Cube)	!PRERACE:1,%
NAME:Ooze (Gelatinous Cube)
ALIGN:TN
STAT:STR=10|DEX=10|CON=11|WIS=10|CHA=10

STARTPACK:Ooze (Ochre Jelly) Default	TYPE:DefaultMonster.Ooze	VISIBLE:QUALIFY	EQUIPBUY:0	PREMULT:1,[!PRERACE:1,%],[PRERACE:1,Ooze (Ochre Jelly)]
RACE:Ooze (Ochre Jelly)	!PRERACE:1,%
NAME:Ooze (Ochre Jelly)
ALIGN:TN
STAT:STR=11|DEX=10|CON=11|WIS=10|CHA=10

STARTPACK:Ooze (Black Pudding) Default	TYPE:DefaultMonster.Ooze	VISIBLE:QUALIFY	EQUIPBUY:0	PREMULT:1,[!PRERACE:1,%],[PRERACE:1,Ooze (Black Pudding)]
RACE:Ooze (Black Pudding)	!PRERACE:1,%
NAME:Ooze (Black Pudding)
ALIGN:TN
STAT:STR=11|DEX=10|CON=11|WIS=10|CHA=10

STARTPACK:Orc Default	TYPE:DefaultMonster.Humanoid	VISIBLE:QUALIFY	EQUIPBUY:0	PREMULT:1,[!PRERACE:1,%],[PRERACE:1,Orc]
RACE:Orc	!PRERACE:1,%
NAME:Orc
STAT:STR=11|DEX=10|CON=11|INT=11|WIS=10|CHA=10

STARTPACK:Otyugh Default	TYPE:DefaultMonster.Aberration	VISIBLE:QUALIFY	EQUIPBUY:0	PREMULT:1,[!PRERACE:1,%],[PRERACE:1,Otyugh]
RACE:Otyugh	!PRERACE:1,%
NAME:Otyugh
ALIGN:TN
STAT:STR=11|DEX=10|CON=11|INT=11|WIS=10|CHA=10
SKILL:Hide		RANK:9
SKILL:Listen	RANK:3
SKILL:Spot		RANK:6
FEAT:Alertness

STARTPACK:Owlbear Default	TYPE:DefaultMonster.Beast	VISIBLE:QUALIFY	EQUIPBUY:0	PREMULT:1,[!PRERACE:1,%],[PRERACE:1,Owlbear]
RACE:Owlbear	!PRERACE:1,%
NAME:Owlbear
ALIGN:TN
STAT:STR=11|DEX=10|CON=11|INT=10|WIS=10|CHA=10
SKILL:Listen	RANK:7
SKILL:Spot		RANK:6

STARTPACK:Pegasus Default	TYPE:DefaultMonster.MagicalBeast	VISIBLE:QUALIFY	EQUIPBUY:0	PREMULT:1,[!PRERACE:1,%],[PRERACE:1,Pegasus]
RACE:Pegasus	!PRERACE:1,%
NAME:Pegasus
ALIGN:CG
STAT:STR=10|DEX=11|CON=10|INT=10|WIS=11|CHA=11
SKILL:Listen		RANK:7
SKILL:Spot			RANK:7
SKILL:Sense Motive	RANK:6
SKILL:Wilderness Lore	RANK:2
FEAT:Iron Will

STARTPACK:Phantom Fungus Default	TYPE:DefaultMonster.Plant	VISIBLE:QUALIFY	EQUIPBUY:0	PREMULT:1,[!PRERACE:1,%],[PRERACE:1,Phantom Fungus]
RACE:Phantom Fungus	!PRERACE:1,%
NAME:Phantom Fungus
ALIGN:TN
STAT:STR=10|DEX=10|CON=10|INT=10|WIS=11|CHA=11

STARTPACK:Phase Spider Default	TYPE:DefaultMonster.MagicalBeast	VISIBLE:QUALIFY	EQUIPBUY:0	PREMULT:1,[!PRERACE:1,%],[PRERACE:1,Phase Spider]
RACE:Phase Spider	!PRERACE:1,%
NAME:Phase Spider
ALIGN:TN
STAT:STR=11|DEX=11|CON=10|INT=11|WIS=11|CHA=10
SKILL:Climb			RANK:1
SKILL:Move Silently	RANK:8
SKILL:Spot			RANK:8
FEAT:Improved Initiative

STARTPACK:Phasm Default	TYPE:DefaultMonster.Shapechanger	VISIBLE:QUALIFY	EQUIPBUY:0	PREMULT:1,[!PRERACE:1,%],[PRERACE:1,Phasm]
RACE:Phasm	!PRERACE:1,%
NAME:Phasm
STAT:STR=10|DEX=11|CON=11|INT=10|WIS=11|CHA=10
SKILL:Bluff			RANK:13
SKILL:Climb			RANK:6
SKILL:Listen		RANK:6
SKILL:Spot			RANK:6
SKILL:Disguise		RANK:3
SKILL:Wilderness Lore	RANK:4
FEAT:Alertness
FEAT:Blind-Fight
FEAT:Combat Reflexes
FEAT:Dodge
FEAT:Improved Initiative
FEAT:Mobility
FEAT:Skill Focus (Disguise)

STARTPACK:Planetouched (Aasimar) Default	TYPE:DefaultMonster.Outsider	VISIBLE:QUALIFY	EQUIPBUY:0	PREMULT:1,[!PRERACE:1,%],[PRERACE:1,Planetouched (Aasimar)]
RACE:Planetouched (Aasimar)	!PRERACE:1,%
NAME:Planetouched (Aasimar)
STAT:STR=10|DEX=10|CON=10|INT=10|WIS=11|CHA=11

STARTPACK:Planetouched (Tiefling) Default	TYPE:DefaultMonster.Outsider	VISIBLE:QUALIFY	EQUIPBUY:0	PREMULT:1,[!PRERACE:1,%],[PRERACE:1,Planetouched (Tiefling)]
RACE:Planetouched (Tiefling)	!PRERACE:1,%
NAME:Planetouched (Tiefling)
STAT:STR=10|DEX=11|CON=10|INT=11|WIS=11|CHA=10

STARTPACK:Pseudodragon Default	TYPE:DefaultMonster.Dragon	VISIBLE:QUALIFY	EQUIPBUY:0	PREMULT:1,[!PRERACE:1,%],[PRERACE:1,Pseudodragon]
RACE:Pseudodragon	!PRERACE:1,%
NAME:Pseudodragon
ALIGN:NG
STAT:STR=11|DEX=11|CON=11|INT=10|WIS=10|CHA=10
SKILL:Hide			RANK:4
SKILL:Intuit Direction	RANK:2
SKILL:Listen		RANK:2
SKILL:Search		RANK:2
SKILL:Spot			RANK:2
FEAT:Alertness

STARTPACK:Purple Worm Default	TYPE:DefaultMonster.Beast	VISIBLE:QUALIFY	EQUIPBUY:0	PREMULT:1,[!PRERACE:1,%],[PRERACE:1,Purple Worm]
RACE:Purple Worm	!PRERACE:1,%
NAME:Purple Worm
ALIGN:TN
STAT:STR=11|DEX=10|CON=11|INT=10|WIS=10|CHA=10
SKILL:Climb	RANK:2

STARTPACK:Rakshasa Default	TYPE:DefaultMonster.Outsider	VISIBLE:QUALIFY	EQUIPBUY:0	PREMULT:1,[!PRERACE:1,%],[PRERACE:1,Rakshasa]
RACE:Rakshasa	!PRERACE:1,%
NAME:Rakshasa
ALIGN:LE
STAT:STR=10|DEX=10|CON=10|INT=11|WIS=11|CHA=11
SKILL:Bluff			RANK:9
SKILL:Disguise		RANK:9
SKILL:Move Silently	RANK:9
SKILL:Perform		RANK:9
SKILL:Sense Motive	RANK:9
SKILL:Spot			RANK:9
SKILL:Listen		RANK:8
FEAT:Alertness
FEAT:Dodge

STARTPACK:Rast Default	TYPE:DefaultMonster.Outsider	VISIBLE:QUALIFY	EQUIPBUY:0	PREMULT:1,[!PRERACE:1,%],[PRERACE:1,Rast]
RACE:Rast	!PRERACE:1,%
NAME:Rast
STAT:STR=10|DEX=10|CON=11|INT=11|WIS=11|CHA=10
SKILL:Hide			RANK:4
SKILL:Listen		RANK:6
SKILL:Move Silently	RANK:6
FEAT:Dodge
FEAT:Improved Initiative

STARTPACK:Ravid Default	TYPE:DefaultMonster.Outsider	VISIBLE:QUALIFY	EQUIPBUY:0	PREMULT:1,[!PRERACE:1,%],[PRERACE:1,Ravid]
RACE:Ravid	!PRERACE:1,%
NAME:Ravid
ALIGN:TN
STAT:STR=11|DEX=10|CON=11|INT=11|WIS=10|CHA=10
SKILL:Listen		RANK:6
SKILL:Move Silently	RANK:6
SKILL:Spot			RANK:6
FEAT:Multiattack

STARTPACK:Remorhaz Default	TYPE:DefaultMonster.MagicalBeast	VISIBLE:QUALIFY	EQUIPBUY:0	PREMULT:1,[!PRERACE:1,%],[PRERACE:1,Remorhaz]
RACE:Remorhaz	!PRERACE:1,%
NAME:Remorhaz
STAT:STR=10|DEX=11|CON=11|INT=11|WIS=10|CHA=10
SKILL:Listen	RANK:5
SKILL:Spot		RANK:8
FEAT:Power Attack

STARTPACK:Roc Default	TYPE:DefaultMonster.Beast	VISIBLE:QUALIFY	EQUIPBUY:0	PREMULT:1,[!PRERACE:1,%],[PRERACE:1,Roc]
RACE:Roc	!PRERACE:1,%
NAME:Roc
ALIGN:TN
STAT:STR=10|DEX=11|CON=10|INT=10|WIS=11|CHA=11
SKILL:Listen	RANK:3
SKILL:Spot		RANK:3

STARTPACK:Roper Default	TYPE:DefaultMonster.MagicalBeast	VISIBLE:QUALIFY	EQUIPBUY:0	PREMULT:1,[!PRERACE:1,%],[PRERACE:1,Roper]
RACE:Roper	!PRERACE:1,%
NAME:Roper
STAT:STR=11|DEX=11|CON=11|INT=10|WIS=10|CHA=10
SKILL:Climb		RANK:3
SKILL:Hide		RANK:13
SKILL:Listen	RANK:8
SKILL:Spot		RANK:8
FEAT:Alertness
FEAT:Improved Initiative
FEAT:Iron Will
FEAT:Weapon Focus (Strand)

STARTPACK:Rust Monster Default	TYPE:DefaultMonster.Aberration	VISIBLE:QUALIFY	EQUIPBUY:0	PREMULT:1,[!PRERACE:1,%],[PRERACE:1,Rust Monster]
RACE:Rust Monster	!PRERACE:1,%
NAME:Rust Monster
ALIGN:TN
STAT:STR=10|DEX=11|CON=11|INT=10|WIS=11|CHA=10
SKILL:Listen	RANK:6
SKILL:Spot		RANK:6
FEAT:Alertness
