# A creature's own attacks, as weapons. Kept out of the
# Purchase list by VISIBLE:EXPORT and given to the
# creature by AUTO:EQUIP.

Tentacle	KEY:Creature ~ Aboleth ~ Tentacle	TYPE:Weapon.Natural.Melee.Bludgeoning	DAMAGE:2d6	CRITRANGE:1	WIELD:OneHanded	SIZE:M	WT:0	COST:0	VISIBLE:EXPORT	BONUS:WEAPON|TOHIT|9	BONUS:WEAPON|DAMAGE|5	SOURCEPAGE:SRD 5.2.1, p.258
Thunderous Slam	KEY:Creature ~ Air Elemental ~ Thunderous Slam	TYPE:Weapon.Natural.Melee.Thunder	DAMAGE:2d8	CRITRANGE:1	WIELD:OneHanded	SIZE:M	WT:0	COST:0	VISIBLE:EXPORT	BONUS:WEAPON|TOHIT|8	BONUS:WEAPON|DAMAGE|5	SOURCEPAGE:SRD 5.2.1, p.258
Slam	KEY:Creature ~ Animated Armor ~ Slam	TYPE:Weapon.Natural.Melee.Bludgeoning	DAMAGE:1d6	CRITRANGE:1	WIELD:OneHanded	SIZE:M	WT:0	COST:0	VISIBLE:EXPORT	BONUS:WEAPON|TOHIT|4	BONUS:WEAPON|DAMAGE|2	SOURCEPAGE:SRD 5.2.1, p.259
Slash	KEY:Creature ~ Animated Flying Sword ~ Slash	TYPE:Weapon.Natural.Melee.Slashing	DAMAGE:1d8	CRITRANGE:1	WIELD:OneHanded	SIZE:M	WT:0	COST:0	VISIBLE:EXPORT	BONUS:WEAPON|TOHIT|4	BONUS:WEAPON|DAMAGE|2	SOURCEPAGE:SRD 5.2.1, p.259
Smother	KEY:Creature ~ Animated Rug of Smothering ~ Smother	TYPE:Weapon.Natural.Melee.Bludgeoning	DAMAGE:2d6	CRITRANGE:1	WIELD:OneHanded	SIZE:M	WT:0	COST:0	VISIBLE:EXPORT	BONUS:WEAPON|TOHIT|5	BONUS:WEAPON|DAMAGE|3	SOURCEPAGE:SRD 5.2.1, p.259
Bite	KEY:Creature ~ Ankheg ~ Bite	TYPE:Weapon.Natural.Melee.Slashing	DAMAGE:2d6	CRITRANGE:1	WIELD:OneHanded	SIZE:M	WT:0	COST:0	VISIBLE:EXPORT	BONUS:WEAPON|TOHIT|5	BONUS:WEAPON|DAMAGE|3	SOURCEPAGE:SRD 5.2.1, p.259
Shortsword	KEY:Creature ~ Assassin ~ Shortsword	TYPE:Weapon.Natural.Melee.Piercing	DAMAGE:1d6	CRITRANGE:1	WIELD:OneHanded	SIZE:M	WT:0	COST:0	VISIBLE:EXPORT	BONUS:WEAPON|TOHIT|7	BONUS:WEAPON|DAMAGE|4	SOURCEPAGE:SRD 5.2.1, p.260
Light Crossbow	KEY:Creature ~ Assassin ~ Light Crossbow	TYPE:Weapon.Natural.Ranged.Piercing	DAMAGE:1d8	CRITRANGE:1	WIELD:OneHanded	SIZE:M	WT:0	COST:0	VISIBLE:EXPORT	BONUS:WEAPON|TOHIT|7	BONUS:WEAPON|DAMAGE|4	RANGE:80	FACT:ShortRange|80	FACT:LongRange|320	SOURCEPAGE:SRD 5.2.1, p.260
Slam	KEY:Creature ~ Awakened Tree ~ Slam	TYPE:Weapon.Natural.Melee.Bludgeoning	DAMAGE:3d6	CRITRANGE:1	WIELD:OneHanded	SIZE:M	WT:0	COST:0	VISIBLE:EXPORT	BONUS:WEAPON|TOHIT|6	BONUS:WEAPON|DAMAGE|4	SOURCEPAGE:SRD 5.2.1, p.260
Beak	KEY:Creature ~ Axe Beak ~ Beak	TYPE:Weapon.Natural.Melee.Slashing	DAMAGE:1d8	CRITRANGE:1	WIELD:OneHanded	SIZE:M	WT:0	COST:0	VISIBLE:EXPORT	BONUS:WEAPON|TOHIT|4	BONUS:WEAPON|DAMAGE|2	SOURCEPAGE:SRD 5.2.1, p.260
Burning Hammer	KEY:Creature ~ Azer Sentinel ~ Burning Hammer	TYPE:Weapon.Natural.Melee.Bludgeoning	DAMAGE:1d10	CRITRANGE:1	WIELD:OneHanded	SIZE:M	WT:0	COST:0	VISIBLE:EXPORT	BONUS:WEAPON|TOHIT|5	BONUS:WEAPON|DAMAGE|3	SOURCEPAGE:SRD 5.2.1, p.261
Flame Whip	KEY:Creature ~ Balor ~ Flame Whip	TYPE:Weapon.Natural.Melee.Force	DAMAGE:3d6	CRITRANGE:1	WIELD:OneHanded	SIZE:M	WT:0	COST:0	VISIBLE:EXPORT	BONUS:WEAPON|TOHIT|14	BONUS:WEAPON|DAMAGE|8	SOURCEPAGE:SRD 5.2.1, p.261
Lightning Blade	KEY:Creature ~ Balor ~ Lightning Blade	TYPE:Weapon.Natural.Melee.Force	DAMAGE:3d8	CRITRANGE:1	WIELD:OneHanded	SIZE:M	WT:0	COST:0	VISIBLE:EXPORT	BONUS:WEAPON|TOHIT|14	BONUS:WEAPON|DAMAGE|8	SOURCEPAGE:SRD 5.2.1, p.261
Scimitar	KEY:Creature ~ Bandit ~ Scimitar	TYPE:Weapon.Natural.Melee.Slashing	DAMAGE:1d6	CRITRANGE:1	WIELD:OneHanded	SIZE:M	WT:0	COST:0	VISIBLE:EXPORT	BONUS:WEAPON|TOHIT|3	BONUS:WEAPON|DAMAGE|1	SOURCEPAGE:SRD 5.2.1, p.261
Light Crossbow	KEY:Creature ~ Bandit ~ Light Crossbow	TYPE:Weapon.Natural.Ranged.Piercing	DAMAGE:1d8	CRITRANGE:1	WIELD:OneHanded	SIZE:M	WT:0	COST:0	VISIBLE:EXPORT	BONUS:WEAPON|TOHIT|3	BONUS:WEAPON|DAMAGE|1	RANGE:80	FACT:ShortRange|80	FACT:LongRange|320	SOURCEPAGE:SRD 5.2.1, p.261
Scimitar	KEY:Creature ~ Bandit Captain ~ Scimitar	TYPE:Weapon.Natural.Melee.Slashing	DAMAGE:1d6	CRITRANGE:1	WIELD:OneHanded	SIZE:M	WT:0	COST:0	VISIBLE:EXPORT	BONUS:WEAPON|TOHIT|5	BONUS:WEAPON|DAMAGE|3	SOURCEPAGE:SRD 5.2.1, p.261
Pistol	KEY:Creature ~ Bandit Captain ~ Pistol	TYPE:Weapon.Natural.Ranged.Piercing	DAMAGE:1d10	CRITRANGE:1	WIELD:OneHanded	SIZE:M	WT:0	COST:0	VISIBLE:EXPORT	BONUS:WEAPON|TOHIT|5	BONUS:WEAPON|DAMAGE|3	RANGE:30	FACT:ShortRange|30	FACT:LongRange|90	SOURCEPAGE:SRD 5.2.1, p.261
Claws	KEY:Creature ~ Barbed Devil ~ Claws	TYPE:Weapon.Natural.Melee.Piercing	DAMAGE:2d6	CRITRANGE:1	WIELD:OneHanded	SIZE:M	WT:0	COST:0	VISIBLE:EXPORT	BONUS:WEAPON|TOHIT|6	BONUS:WEAPON|DAMAGE|3	SOURCEPAGE:SRD 5.2.1, p.262
Tail	KEY:Creature ~ Barbed Devil ~ Tail	TYPE:Weapon.Natural.Melee.Slashing	DAMAGE:2d10	CRITRANGE:1	WIELD:OneHanded	SIZE:M	WT:0	COST:0	VISIBLE:EXPORT	BONUS:WEAPON|TOHIT|6	BONUS:WEAPON|DAMAGE|3	SOURCEPAGE:SRD 5.2.1, p.262
Hurl Flame	KEY:Creature ~ Barbed Devil ~ Hurl Flame	TYPE:Weapon.Natural.Ranged.Fire	DAMAGE:5d6	CRITRANGE:1	WIELD:OneHanded	SIZE:M	WT:0	COST:0	VISIBLE:EXPORT	BONUS:WEAPON|TOHIT|5	SOURCEPAGE:SRD 5.2.1, p.262
Bite	KEY:Creature ~ Basilisk ~ Bite	TYPE:Weapon.Natural.Melee.Piercing	DAMAGE:2d6	CRITRANGE:1	WIELD:OneHanded	SIZE:M	WT:0	COST:0	VISIBLE:EXPORT	BONUS:WEAPON|TOHIT|5	BONUS:WEAPON|DAMAGE|3	SOURCEPAGE:SRD 5.2.1, p.262
Beard	KEY:Creature ~ Bearded Devil ~ Beard	TYPE:Weapon.Natural.Melee.Piercing	DAMAGE:1d8	CRITRANGE:1	WIELD:OneHanded	SIZE:M	WT:0	COST:0	VISIBLE:EXPORT	BONUS:WEAPON|TOHIT|5	BONUS:WEAPON|DAMAGE|3	SOURCEPAGE:SRD 5.2.1, p.262
Infernal Glaive	KEY:Creature ~ Bearded Devil ~ Infernal Glaive	TYPE:Weapon.Natural.Melee.Slashing	DAMAGE:1d10	CRITRANGE:1	WIELD:OneHanded	SIZE:M	WT:0	COST:0	VISIBLE:EXPORT	BONUS:WEAPON|TOHIT|5	BONUS:WEAPON|DAMAGE|3	SOURCEPAGE:SRD 5.2.1, p.262
Bite	KEY:Creature ~ Behir ~ Bite	TYPE:Weapon.Natural.Melee.Piercing	DAMAGE:2d12	CRITRANGE:1	WIELD:OneHanded	SIZE:M	WT:0	COST:0	VISIBLE:EXPORT	BONUS:WEAPON|TOHIT|10	BONUS:WEAPON|DAMAGE|6	SOURCEPAGE:SRD 5.2.1, p.263
Greataxe	KEY:Creature ~ Berserker ~ Greataxe	TYPE:Weapon.Natural.Melee.Slashing	DAMAGE:1d12	CRITRANGE:1	WIELD:OneHanded	SIZE:M	WT:0	COST:0	VISIBLE:EXPORT	BONUS:WEAPON|TOHIT|5	BONUS:WEAPON|DAMAGE|3	SOURCEPAGE:SRD 5.2.1, p.263
Rend	KEY:Creature ~ Black Dragon Wyrmling ~ Rend	TYPE:Weapon.Natural.Melee.Slashing	DAMAGE:1d6	CRITRANGE:1	WIELD:OneHanded	SIZE:M	WT:0	COST:0	VISIBLE:EXPORT	BONUS:WEAPON|TOHIT|4	BONUS:WEAPON|DAMAGE|2	SOURCEPAGE:SRD 5.2.1, p.263
Rend	KEY:Creature ~ Young Black Dragon ~ Rend	TYPE:Weapon.Natural.Melee.Slashing	DAMAGE:2d4	CRITRANGE:1	WIELD:OneHanded	SIZE:M	WT:0	COST:0	VISIBLE:EXPORT	BONUS:WEAPON|TOHIT|7	BONUS:WEAPON|DAMAGE|4	SOURCEPAGE:SRD 5.2.1, p.264
Rend	KEY:Creature ~ Adult Black Dragon ~ Rend	TYPE:Weapon.Natural.Melee.Slashing	DAMAGE:2d6	CRITRANGE:1	WIELD:OneHanded	SIZE:M	WT:0	COST:0	VISIBLE:EXPORT	BONUS:WEAPON|TOHIT|11	BONUS:WEAPON|DAMAGE|6	SOURCEPAGE:SRD 5.2.1, p.264
Rend	KEY:Creature ~ Ancient Black Dragon ~ Rend	TYPE:Weapon.Natural.Melee.Slashing	DAMAGE:2d8	CRITRANGE:1	WIELD:OneHanded	SIZE:M	WT:0	COST:0	VISIBLE:EXPORT	BONUS:WEAPON|TOHIT|15	BONUS:WEAPON|DAMAGE|8	SOURCEPAGE:SRD 5.2.1, p.265
Dissolving Pseudopod	KEY:Creature ~ Black Pudding ~ Dissolving Pseudopod	TYPE:Weapon.Natural.Melee.Acid	DAMAGE:4d6	CRITRANGE:1	WIELD:OneHanded	SIZE:M	WT:0	COST:0	VISIBLE:EXPORT	BONUS:WEAPON|TOHIT|5	BONUS:WEAPON|DAMAGE|3	SOURCEPAGE:SRD 5.2.1, p.265
Bite	KEY:Creature ~ Blink Dog ~ Bite	TYPE:Weapon.Natural.Melee.Piercing	DAMAGE:1d4	CRITRANGE:1	WIELD:OneHanded	SIZE:M	WT:0	COST:0	VISIBLE:EXPORT	BONUS:WEAPON|TOHIT|5	BONUS:WEAPON|DAMAGE|3	SOURCEPAGE:SRD 5.2.1, p.266
Rend	KEY:Creature ~ Blue Dragon Wyrmling ~ Rend	TYPE:Weapon.Natural.Melee.Slashing	DAMAGE:1d10	CRITRANGE:1	WIELD:OneHanded	SIZE:M	WT:0	COST:0	VISIBLE:EXPORT	BONUS:WEAPON|TOHIT|5	BONUS:WEAPON|DAMAGE|3	SOURCEPAGE:SRD 5.2.1, p.266
Rend	KEY:Creature ~ Young Blue Dragon ~ Rend	TYPE:Weapon.Natural.Melee.Slashing	DAMAGE:2d6	CRITRANGE:1	WIELD:OneHanded	SIZE:M	WT:0	COST:0	VISIBLE:EXPORT	BONUS:WEAPON|TOHIT|9	BONUS:WEAPON|DAMAGE|5	SOURCEPAGE:SRD 5.2.1, p.266
Rend	KEY:Creature ~ Adult Blue Dragon ~ Rend	TYPE:Weapon.Natural.Melee.Slashing	DAMAGE:2d8	CRITRANGE:1	WIELD:OneHanded	SIZE:M	WT:0	COST:0	VISIBLE:EXPORT	BONUS:WEAPON|TOHIT|12	BONUS:WEAPON|DAMAGE|7	SOURCEPAGE:SRD 5.2.1, p.266
Rend	KEY:Creature ~ Ancient Blue Dragon ~ Rend	TYPE:Weapon.Natural.Melee.Slashing	DAMAGE:2d8	CRITRANGE:1	WIELD:OneHanded	SIZE:M	WT:0	COST:0	VISIBLE:EXPORT	BONUS:WEAPON|TOHIT|16	BONUS:WEAPON|DAMAGE|9	SOURCEPAGE:SRD 5.2.1, p.267
Claw	KEY:Creature ~ Bone Devil ~ Claw	TYPE:Weapon.Natural.Melee.Slashing	DAMAGE:2d8	CRITRANGE:1	WIELD:OneHanded	SIZE:M	WT:0	COST:0	VISIBLE:EXPORT	BONUS:WEAPON|TOHIT|8	BONUS:WEAPON|DAMAGE|4	SOURCEPAGE:SRD 5.2.1, p.267
Infernal Sting	KEY:Creature ~ Bone Devil ~ Infernal Sting	TYPE:Weapon.Natural.Melee.Piercing	DAMAGE:2d10	CRITRANGE:1	WIELD:OneHanded	SIZE:M	WT:0	COST:0	VISIBLE:EXPORT	BONUS:WEAPON|TOHIT|8	BONUS:WEAPON|DAMAGE|4	SOURCEPAGE:SRD 5.2.1, p.267
Rend	KEY:Creature ~ Brass Dragon Wyrmling ~ Rend	TYPE:Weapon.Natural.Melee.Slashing	DAMAGE:1d10	CRITRANGE:1	WIELD:OneHanded	SIZE:M	WT:0	COST:0	VISIBLE:EXPORT	BONUS:WEAPON|TOHIT|4	BONUS:WEAPON|DAMAGE|2	SOURCEPAGE:SRD 5.2.1, p.268
Rend	KEY:Creature ~ Young Brass Dragon ~ Rend	TYPE:Weapon.Natural.Melee.Slashing	DAMAGE:2d10	CRITRANGE:1	WIELD:OneHanded	SIZE:M	WT:0	COST:0	VISIBLE:EXPORT	BONUS:WEAPON|TOHIT|7	BONUS:WEAPON|DAMAGE|4	SOURCEPAGE:SRD 5.2.1, p.268
Rend	KEY:Creature ~ Adult Brass Dragon ~ Rend	TYPE:Weapon.Natural.Melee.Slashing	DAMAGE:2d10	CRITRANGE:1	WIELD:OneHanded	SIZE:M	WT:0	COST:0	VISIBLE:EXPORT	BONUS:WEAPON|TOHIT|11	BONUS:WEAPON|DAMAGE|6	SOURCEPAGE:SRD 5.2.1, p.268
Rend	KEY:Creature ~ Ancient Brass Dragon ~ Rend	TYPE:Weapon.Natural.Melee.Slashing	DAMAGE:2d10	CRITRANGE:1	WIELD:OneHanded	SIZE:M	WT:0	COST:0	VISIBLE:EXPORT	BONUS:WEAPON|TOHIT|14	BONUS:WEAPON|DAMAGE|8	SOURCEPAGE:SRD 5.2.1, p.269
Rend	KEY:Creature ~ Bronze Dragon Wyrmling ~ Rend	TYPE:Weapon.Natural.Melee.Slashing	DAMAGE:1d10	CRITRANGE:1	WIELD:OneHanded	SIZE:M	WT:0	COST:0	VISIBLE:EXPORT	BONUS:WEAPON|TOHIT|5	BONUS:WEAPON|DAMAGE|3	SOURCEPAGE:SRD 5.2.1, p.269
Rend	KEY:Creature ~ Young Bronze Dragon ~ Rend	TYPE:Weapon.Natural.Melee.Slashing	DAMAGE:2d10	CRITRANGE:1	WIELD:OneHanded	SIZE:M	WT:0	COST:0	VISIBLE:EXPORT	BONUS:WEAPON|TOHIT|8	BONUS:WEAPON|DAMAGE|5	SOURCEPAGE:SRD 5.2.1, p.270
Rend	KEY:Creature ~ Adult Bronze Dragon ~ Rend	TYPE:Weapon.Natural.Melee.Slashing	DAMAGE:2d8	CRITRANGE:1	WIELD:OneHanded	SIZE:M	WT:0	COST:0	VISIBLE:EXPORT	BONUS:WEAPON|TOHIT|12	BONUS:WEAPON|DAMAGE|7	SOURCEPAGE:SRD 5.2.1, p.270
Rend	KEY:Creature ~ Ancient Bronze Dragon ~ Rend	TYPE:Weapon.Natural.Melee.Slashing	DAMAGE:2d8	CRITRANGE:1	WIELD:OneHanded	SIZE:M	WT:0	COST:0	VISIBLE:EXPORT	BONUS:WEAPON|TOHIT|16	BONUS:WEAPON|DAMAGE|9	SOURCEPAGE:SRD 5.2.1, p.271
Javelin	KEY:Creature ~ Bugbear Stalker ~ Javelin	TYPE:Weapon.Natural.Melee.Thrown.Ranged.Piercing	DAMAGE:3d6	CRITRANGE:1	WIELD:OneHanded	SIZE:M	WT:0	COST:0	VISIBLE:EXPORT	BONUS:WEAPON|TOHIT|5	BONUS:WEAPON|DAMAGE|3	RANGE:30	FACT:ShortRange|30	FACT:LongRange|120	SOURCEPAGE:SRD 5.2.1, p.271
Morningstar	KEY:Creature ~ Bugbear Stalker ~ Morningstar	TYPE:Weapon.Natural.Melee.Piercing	DAMAGE:2d8	CRITRANGE:1	WIELD:OneHanded	SIZE:M	WT:0	COST:0	VISIBLE:EXPORT	BONUS:WEAPON|TOHIT|5	BONUS:WEAPON|DAMAGE|3	SOURCEPAGE:SRD 5.2.1, p.271
Grab	KEY:Creature ~ Bugbear Warrior ~ Grab	TYPE:Weapon.Natural.Melee.Bludgeoning	DAMAGE:2d6	CRITRANGE:1	WIELD:OneHanded	SIZE:M	WT:0	COST:0	VISIBLE:EXPORT	BONUS:WEAPON|TOHIT|4	BONUS:WEAPON|DAMAGE|2	SOURCEPAGE:SRD 5.2.1, p.272
Light Hammer	KEY:Creature ~ Bugbear Warrior ~ Light Hammer	TYPE:Weapon.Natural.Melee.Thrown.Ranged.Bludgeoning	DAMAGE:3d4	CRITRANGE:1	WIELD:OneHanded	SIZE:M	WT:0	COST:0	VISIBLE:EXPORT	BONUS:WEAPON|TOHIT|4	BONUS:WEAPON|DAMAGE|2	RANGE:20	FACT:ShortRange|20	FACT:LongRange|60	SOURCEPAGE:SRD 5.2.1, p.272
Bite	KEY:Creature ~ Bulette ~ Bite	TYPE:Weapon.Natural.Melee.Piercing	DAMAGE:2d12	CRITRANGE:1	WIELD:OneHanded	SIZE:M	WT:0	COST:0	VISIBLE:EXPORT	BONUS:WEAPON|TOHIT|7	BONUS:WEAPON|DAMAGE|4	SOURCEPAGE:SRD 5.2.1, p.272
Pike	KEY:Creature ~ Centaur Trooper ~ Pike	TYPE:Weapon.Natural.Melee.Piercing	DAMAGE:1d10	CRITRANGE:1	WIELD:OneHanded	SIZE:M	WT:0	COST:0	VISIBLE:EXPORT	BONUS:WEAPON|TOHIT|6	BONUS:WEAPON|DAMAGE|4	SOURCEPAGE:SRD 5.2.1, p.272
Longbow	KEY:Creature ~ Centaur Trooper ~ Longbow	TYPE:Weapon.Natural.Ranged.Piercing	DAMAGE:1d8	CRITRANGE:1	WIELD:OneHanded	SIZE:M	WT:0	COST:0	VISIBLE:EXPORT	BONUS:WEAPON|TOHIT|4	BONUS:WEAPON|DAMAGE|2	RANGE:150	FACT:ShortRange|150	FACT:LongRange|600	SOURCEPAGE:SRD 5.2.1, p.272
Chain	KEY:Creature ~ Chain Devil ~ Chain	TYPE:Weapon.Natural.Melee.Slashing	DAMAGE:2d6	CRITRANGE:1	WIELD:OneHanded	SIZE:M	WT:0	COST:0	VISIBLE:EXPORT	BONUS:WEAPON|TOHIT|7	BONUS:WEAPON|DAMAGE|4	SOURCEPAGE:SRD 5.2.1, p.272
Bite	KEY:Creature ~ Chimera ~ Bite	TYPE:Weapon.Natural.Melee.Piercing	DAMAGE:2d6	CRITRANGE:1	WIELD:OneHanded	SIZE:M	WT:0	COST:0	VISIBLE:EXPORT	BONUS:WEAPON|TOHIT|7	BONUS:WEAPON|DAMAGE|4	SOURCEPAGE:SRD 5.2.1, p.273
Claw	KEY:Creature ~ Chimera ~ Claw	TYPE:Weapon.Natural.Melee.Slashing	DAMAGE:1d6	CRITRANGE:1	WIELD:OneHanded	SIZE:M	WT:0	COST:0	VISIBLE:EXPORT	BONUS:WEAPON|TOHIT|7	BONUS:WEAPON|DAMAGE|4	SOURCEPAGE:SRD 5.2.1, p.273
Ram	KEY:Creature ~ Chimera ~ Ram	TYPE:Weapon.Natural.Melee.Bludgeoning	DAMAGE:1d12	CRITRANGE:1	WIELD:OneHanded	SIZE:M	WT:0	COST:0	VISIBLE:EXPORT	BONUS:WEAPON|TOHIT|7	BONUS:WEAPON|DAMAGE|4	SOURCEPAGE:SRD 5.2.1, p.273
Pincer	KEY:Creature ~ Chuul ~ Pincer	TYPE:Weapon.Natural.Melee.Bludgeoning	DAMAGE:1d10	CRITRANGE:1	WIELD:OneHanded	SIZE:M	WT:0	COST:0	VISIBLE:EXPORT	BONUS:WEAPON|TOHIT|6	BONUS:WEAPON|DAMAGE|4	SOURCEPAGE:SRD 5.2.1, p.273
Slam	KEY:Creature ~ Clay Golem ~ Slam	TYPE:Weapon.Natural.Melee.Bludgeoning	DAMAGE:1d10	CRITRANGE:1	WIELD:OneHanded	SIZE:M	WT:0	COST:0	VISIBLE:EXPORT	BONUS:WEAPON|TOHIT|9	BONUS:WEAPON|DAMAGE|5	SOURCEPAGE:SRD 5.2.1, p.274
Attach	KEY:Creature ~ Cloaker ~ Attach	TYPE:Weapon.Natural.Melee.Piercing	DAMAGE:3d6	CRITRANGE:1	WIELD:OneHanded	SIZE:M	WT:0	COST:0	VISIBLE:EXPORT	BONUS:WEAPON|TOHIT|6	BONUS:WEAPON|DAMAGE|3	SOURCEPAGE:SRD 5.2.1, p.274
Tail	KEY:Creature ~ Cloaker ~ Tail	TYPE:Weapon.Natural.Melee.Slashing	DAMAGE:1d10	CRITRANGE:1	WIELD:OneHanded	SIZE:M	WT:0	COST:0	VISIBLE:EXPORT	BONUS:WEAPON|TOHIT|6	BONUS:WEAPON|DAMAGE|3	SOURCEPAGE:SRD 5.2.1, p.274
Thunderous Mace	KEY:Creature ~ Cloud Giant ~ Thunderous Mace	TYPE:Weapon.Natural.Melee.Bludgeoning	DAMAGE:3d8	CRITRANGE:1	WIELD:OneHanded	SIZE:M	WT:0	COST:0	VISIBLE:EXPORT	BONUS:WEAPON|TOHIT|12	BONUS:WEAPON|DAMAGE|8	SOURCEPAGE:SRD 5.2.1, p.275
Thundercloud	KEY:Creature ~ Cloud Giant ~ Thundercloud	TYPE:Weapon.Natural.Ranged.Thunder	DAMAGE:3d6	CRITRANGE:1	WIELD:OneHanded	SIZE:M	WT:0	COST:0	VISIBLE:EXPORT	BONUS:WEAPON|TOHIT|12	BONUS:WEAPON|DAMAGE|8	SOURCEPAGE:SRD 5.2.1, p.275
Petrifying Bite	KEY:Creature ~ Cockatrice ~ Petrifying Bite	TYPE:Weapon.Natural.Melee.Piercing	DAMAGE:1d4	CRITRANGE:1	WIELD:OneHanded	SIZE:M	WT:0	COST:0	VISIBLE:EXPORT	BONUS:WEAPON|TOHIT|3	BONUS:WEAPON|DAMAGE|1	SOURCEPAGE:SRD 5.2.1, p.275
Club	KEY:Creature ~ Commoner ~ Club	TYPE:Weapon.Natural.Melee.Bludgeoning	DAMAGE:1d4	CRITRANGE:1	WIELD:OneHanded	SIZE:M	WT:0	COST:0	VISIBLE:EXPORT	BONUS:WEAPON|TOHIT|2	SOURCEPAGE:SRD 5.2.1, p.275
Rend	KEY:Creature ~ Copper Dragon Wyrmling ~ Rend	TYPE:Weapon.Natural.Melee.Slashing	DAMAGE:1d10	CRITRANGE:1	WIELD:OneHanded	SIZE:M	WT:0	COST:0	VISIBLE:EXPORT	BONUS:WEAPON|TOHIT|4	BONUS:WEAPON|DAMAGE|2	SOURCEPAGE:SRD 5.2.1, p.275
Rend	KEY:Creature ~ Young Copper Dragon ~ Rend	TYPE:Weapon.Natural.Melee.Slashing	DAMAGE:2d10	CRITRANGE:1	WIELD:OneHanded	SIZE:M	WT:0	COST:0	VISIBLE:EXPORT	BONUS:WEAPON|TOHIT|7	BONUS:WEAPON|DAMAGE|4	SOURCEPAGE:SRD 5.2.1, p.276
Rend	KEY:Creature ~ Adult Copper Dragon ~ Rend	TYPE:Weapon.Natural.Melee.Slashing	DAMAGE:2d10	CRITRANGE:1	WIELD:OneHanded	SIZE:M	WT:0	COST:0	VISIBLE:EXPORT	BONUS:WEAPON|TOHIT|11	BONUS:WEAPON|DAMAGE|6	SOURCEPAGE:SRD 5.2.1, p.276
Rend	KEY:Creature ~ Ancient Copper Dragon ~ Rend	TYPE:Weapon.Natural.Melee.Slashing	DAMAGE:2d10	CRITRANGE:1	WIELD:OneHanded	SIZE:M	WT:0	COST:0	VISIBLE:EXPORT	BONUS:WEAPON|TOHIT|15	BONUS:WEAPON|DAMAGE|8	SOURCEPAGE:SRD 5.2.1, p.277
Bite	KEY:Creature ~ Couatl ~ Bite	TYPE:Weapon.Natural.Melee.Piercing	DAMAGE:1d12	CRITRANGE:1	WIELD:OneHanded	SIZE:M	WT:0	COST:0	VISIBLE:EXPORT	BONUS:WEAPON|TOHIT|7	BONUS:WEAPON|DAMAGE|5	SOURCEPAGE:SRD 5.2.1, p.277
Swarm of Grasping Hands	KEY:Creature ~ Swarm of Crawling Claws ~ Swarm of Grasping Hands	TYPE:Weapon.Natural.Melee.Necrotic	DAMAGE:4d8	CRITRANGE:1	WIELD:OneHanded	SIZE:M	WT:0	COST:0	VISIBLE:EXPORT	BONUS:WEAPON|TOHIT|4	BONUS:WEAPON|DAMAGE|2	SOURCEPAGE:SRD 5.2.1, p.278
Ritual Sickle	KEY:Creature ~ Cultist ~ Ritual Sickle	TYPE:Weapon.Natural.Melee.Slashing	DAMAGE:1d4	CRITRANGE:1	WIELD:OneHanded	SIZE:M	WT:0	COST:0	VISIBLE:EXPORT	BONUS:WEAPON|TOHIT|3	BONUS:WEAPON|DAMAGE|1	SOURCEPAGE:SRD 5.2.1, p.278
Pact Blade	KEY:Creature ~ Cultist Fanatic ~ Pact Blade	TYPE:Weapon.Natural.Melee.Slashing	DAMAGE:1d8	CRITRANGE:1	WIELD:OneHanded	SIZE:M	WT:0	COST:0	VISIBLE:EXPORT	BONUS:WEAPON|TOHIT|4	BONUS:WEAPON|DAMAGE|2	SOURCEPAGE:SRD 5.2.1, p.278
Crush	KEY:Creature ~ Darkmantle ~ Crush	TYPE:Weapon.Natural.Melee.Bludgeoning	DAMAGE:1d6	CRITRANGE:1	WIELD:OneHanded	SIZE:M	WT:0	COST:0	VISIBLE:EXPORT	BONUS:WEAPON|TOHIT|5	BONUS:WEAPON|DAMAGE|3	SOURCEPAGE:SRD 5.2.1, p.278
Bite	KEY:Creature ~ Death Dog ~ Bite	TYPE:Weapon.Natural.Melee.Piercing	DAMAGE:1d4	CRITRANGE:1	WIELD:OneHanded	SIZE:M	WT:0	COST:0	VISIBLE:EXPORT	BONUS:WEAPON|TOHIT|4	BONUS:WEAPON|DAMAGE|2	SOURCEPAGE:SRD 5.2.1, p.279
Holy Mace	KEY:Creature ~ Deva ~ Holy Mace	TYPE:Weapon.Natural.Melee.Bludgeoning	DAMAGE:1d6	CRITRANGE:1	WIELD:OneHanded	SIZE:M	WT:0	COST:0	VISIBLE:EXPORT	BONUS:WEAPON|TOHIT|8	BONUS:WEAPON|DAMAGE|4	SOURCEPAGE:SRD 5.2.1, p.279
Storm Blade	KEY:Creature ~ Djinni ~ Storm Blade	TYPE:Weapon.Natural.Melee.Slashing	DAMAGE:2d6	CRITRANGE:1	WIELD:OneHanded	SIZE:M	WT:0	COST:0	VISIBLE:EXPORT	BONUS:WEAPON|TOHIT|9	BONUS:WEAPON|DAMAGE|5	SOURCEPAGE:SRD 5.2.1, p.280
Storm Bolt	KEY:Creature ~ Djinni ~ Storm Bolt	TYPE:Weapon.Natural.Ranged.Thunder	DAMAGE:3d8	CRITRANGE:1	WIELD:OneHanded	SIZE:M	WT:0	COST:0	VISIBLE:EXPORT	BONUS:WEAPON|TOHIT|9	SOURCEPAGE:SRD 5.2.1, p.280
Slam	KEY:Creature ~ Doppelganger ~ Slam	TYPE:Weapon.Natural.Melee.Bludgeoning	DAMAGE:2d6	CRITRANGE:1	WIELD:OneHanded	SIZE:M	WT:0	COST:0	VISIBLE:EXPORT	BONUS:WEAPON|TOHIT|6	BONUS:WEAPON|DAMAGE|4	SOURCEPAGE:SRD 5.2.1, p.280
Bite	KEY:Creature ~ Dragon Turtle ~ Bite	TYPE:Weapon.Natural.Melee.Piercing	DAMAGE:3d10	CRITRANGE:1	WIELD:OneHanded	SIZE:M	WT:0	COST:0	VISIBLE:EXPORT	BONUS:WEAPON|TOHIT|13	BONUS:WEAPON|DAMAGE|7	SOURCEPAGE:SRD 5.2.1, p.281
Tail	KEY:Creature ~ Dragon Turtle ~ Tail	TYPE:Weapon.Natural.Melee.Bludgeoning	DAMAGE:2d10	CRITRANGE:1	WIELD:OneHanded	SIZE:M	WT:0	COST:0	VISIBLE:EXPORT	BONUS:WEAPON|TOHIT|13	BONUS:WEAPON|DAMAGE|7	SOURCEPAGE:SRD 5.2.1, p.281
Rend	KEY:Creature ~ Dretch ~ Rend	TYPE:Weapon.Natural.Melee.Slashing	DAMAGE:1d6	CRITRANGE:1	WIELD:OneHanded	SIZE:M	WT:0	COST:0	VISIBLE:EXPORT	BONUS:WEAPON|TOHIT|3	BONUS:WEAPON|DAMAGE|1	SOURCEPAGE:SRD 5.2.1, p.281
Foreleg	KEY:Creature ~ Drider ~ Foreleg	TYPE:Weapon.Natural.Melee.Piercing	DAMAGE:2d8	CRITRANGE:1	WIELD:OneHanded	SIZE:M	WT:0	COST:0	VISIBLE:EXPORT	BONUS:WEAPON|TOHIT|7	BONUS:WEAPON|DAMAGE|4	SOURCEPAGE:SRD 5.2.1, p.281
Poison Burst	KEY:Creature ~ Drider ~ Poison Burst	TYPE:Weapon.Natural.Ranged.Poison	DAMAGE:3d6	CRITRANGE:1	WIELD:OneHanded	SIZE:M	WT:0	COST:0	VISIBLE:EXPORT	BONUS:WEAPON|TOHIT|6	BONUS:WEAPON|DAMAGE|3	SOURCEPAGE:SRD 5.2.1, p.281
Vine Staff	KEY:Creature ~ Druid ~ Vine Staff	TYPE:Weapon.Natural.Melee.Bludgeoning	DAMAGE:1d8	CRITRANGE:1	WIELD:OneHanded	SIZE:M	WT:0	COST:0	VISIBLE:EXPORT	BONUS:WEAPON|TOHIT|5	BONUS:WEAPON|DAMAGE|3	SOURCEPAGE:SRD 5.2.1, p.282
Verdant Wisp	KEY:Creature ~ Druid ~ Verdant Wisp	TYPE:Weapon.Natural.Ranged.Radiant	DAMAGE:3d6	CRITRANGE:1	WIELD:OneHanded	SIZE:M	WT:0	COST:0	VISIBLE:EXPORT	BONUS:WEAPON|TOHIT|5	SOURCEPAGE:SRD 5.2.1, p.282
Vine Lash	KEY:Creature ~ Dryad ~ Vine Lash	TYPE:Weapon.Natural.Melee.Slashing	DAMAGE:1d8	CRITRANGE:1	WIELD:OneHanded	SIZE:M	WT:0	COST:0	VISIBLE:EXPORT	BONUS:WEAPON|TOHIT|6	BONUS:WEAPON|DAMAGE|4	SOURCEPAGE:SRD 5.2.1, p.282
Thorn Burst	KEY:Creature ~ Dryad ~ Thorn Burst	TYPE:Weapon.Natural.Ranged.Piercing	DAMAGE:1d6	CRITRANGE:1	WIELD:OneHanded	SIZE:M	WT:0	COST:0	VISIBLE:EXPORT	BONUS:WEAPON|TOHIT|6	BONUS:WEAPON|DAMAGE|4	SOURCEPAGE:SRD 5.2.1, p.282
Slam	KEY:Creature ~ Earth Elemental ~ Slam	TYPE:Weapon.Natural.Melee.Bludgeoning	DAMAGE:2d8	CRITRANGE:1	WIELD:OneHanded	SIZE:M	WT:0	COST:0	VISIBLE:EXPORT	BONUS:WEAPON|TOHIT|8	BONUS:WEAPON|DAMAGE|5	SOURCEPAGE:SRD 5.2.1, p.282
Rock Launch	KEY:Creature ~ Earth Elemental ~ Rock Launch	TYPE:Weapon.Natural.Ranged.Bludgeoning	DAMAGE:1d6	CRITRANGE:1	WIELD:OneHanded	SIZE:M	WT:0	COST:0	VISIBLE:EXPORT	BONUS:WEAPON|TOHIT|8	BONUS:WEAPON|DAMAGE|5	SOURCEPAGE:SRD 5.2.1, p.282
Heated Blade	KEY:Creature ~ Efreeti ~ Heated Blade	TYPE:Weapon.Natural.Melee.Slashing	DAMAGE:2d6	CRITRANGE:1	WIELD:OneHanded	SIZE:M	WT:0	COST:0	VISIBLE:EXPORT	BONUS:WEAPON|TOHIT|10	BONUS:WEAPON|DAMAGE|6	SOURCEPAGE:SRD 5.2.1, p.283
Hurl Flame	KEY:Creature ~ Efreeti ~ Hurl Flame	TYPE:Weapon.Natural.Ranged.Fire	DAMAGE:7d6	CRITRANGE:1	WIELD:OneHanded	SIZE:M	WT:0	COST:0	VISIBLE:EXPORT	BONUS:WEAPON|TOHIT|8	SOURCEPAGE:SRD 5.2.1, p.283
Withering Sword	KEY:Creature ~ Erinyes ~ Withering Sword	TYPE:Weapon.Natural.Melee.Slashing	DAMAGE:2d8	CRITRANGE:1	WIELD:OneHanded	SIZE:M	WT:0	COST:0	VISIBLE:EXPORT	BONUS:WEAPON|TOHIT|8	BONUS:WEAPON|DAMAGE|4	SOURCEPAGE:SRD 5.2.1, p.283
Bite	KEY:Creature ~ Ettercap ~ Bite	TYPE:Weapon.Natural.Melee.Piercing	DAMAGE:1d6	CRITRANGE:1	WIELD:OneHanded	SIZE:M	WT:0	COST:0	VISIBLE:EXPORT	BONUS:WEAPON|TOHIT|4	BONUS:WEAPON|DAMAGE|2	SOURCEPAGE:SRD 5.2.1, p.284
Claw	KEY:Creature ~ Ettercap ~ Claw	TYPE:Weapon.Natural.Melee.Slashing	DAMAGE:2d4	CRITRANGE:1	WIELD:OneHanded	SIZE:M	WT:0	COST:0	VISIBLE:EXPORT	BONUS:WEAPON|TOHIT|4	BONUS:WEAPON|DAMAGE|2	SOURCEPAGE:SRD 5.2.1, p.284
Battleaxe	KEY:Creature ~ Ettin ~ Battleaxe	TYPE:Weapon.Natural.Melee.Slashing	DAMAGE:2d8	CRITRANGE:1	WIELD:OneHanded	SIZE:M	WT:0	COST:0	VISIBLE:EXPORT	BONUS:WEAPON|TOHIT|7	BONUS:WEAPON|DAMAGE|5	SOURCEPAGE:SRD 5.2.1, p.284
Morningstar	KEY:Creature ~ Ettin ~ Morningstar	TYPE:Weapon.Natural.Melee.Piercing	DAMAGE:2d8	CRITRANGE:1	WIELD:OneHanded	SIZE:M	WT:0	COST:0	VISIBLE:EXPORT	BONUS:WEAPON|TOHIT|7	BONUS:WEAPON|DAMAGE|5	SOURCEPAGE:SRD 5.2.1, p.284
Burn	KEY:Creature ~ Fire Elemental ~ Burn	TYPE:Weapon.Natural.Melee.Fire	DAMAGE:2d6	CRITRANGE:1	WIELD:OneHanded	SIZE:M	WT:0	COST:0	VISIBLE:EXPORT	BONUS:WEAPON|TOHIT|6	BONUS:WEAPON|DAMAGE|3	SOURCEPAGE:SRD 5.2.1, p.284
Flame Sword	KEY:Creature ~ Fire Giant ~ Flame Sword	TYPE:Weapon.Natural.Melee.Slashing	DAMAGE:4d6	CRITRANGE:1	WIELD:OneHanded	SIZE:M	WT:0	COST:0	VISIBLE:EXPORT	BONUS:WEAPON|TOHIT|11	BONUS:WEAPON|DAMAGE|7	SOURCEPAGE:SRD 5.2.1, p.285
Hammer Throw	KEY:Creature ~ Fire Giant ~ Hammer Throw	TYPE:Weapon.Natural.Ranged.Bludgeoning	DAMAGE:3d10	CRITRANGE:1	WIELD:OneHanded	SIZE:M	WT:0	COST:0	VISIBLE:EXPORT	BONUS:WEAPON|TOHIT|11	BONUS:WEAPON|DAMAGE|7	RANGE:60	FACT:ShortRange|60	FACT:LongRange|240	SOURCEPAGE:SRD 5.2.1, p.285
Slam	KEY:Creature ~ Flesh Golem ~ Slam	TYPE:Weapon.Natural.Melee.Bludgeoning	DAMAGE:2d8	CRITRANGE:1	WIELD:OneHanded	SIZE:M	WT:0	COST:0	VISIBLE:EXPORT	BONUS:WEAPON|TOHIT|7	BONUS:WEAPON|DAMAGE|4	SOURCEPAGE:SRD 5.2.1, p.285
Frost Axe	KEY:Creature ~ Frost Giant ~ Frost Axe	TYPE:Weapon.Natural.Melee.Slashing	DAMAGE:2d12	CRITRANGE:1	WIELD:OneHanded	SIZE:M	WT:0	COST:0	VISIBLE:EXPORT	BONUS:WEAPON|TOHIT|9	BONUS:WEAPON|DAMAGE|6	SOURCEPAGE:SRD 5.2.1, p.285
Great Bow	KEY:Creature ~ Frost Giant ~ Great Bow	TYPE:Weapon.Natural.Ranged.Piercing	DAMAGE:2d10	CRITRANGE:1	WIELD:OneHanded	SIZE:M	WT:0	COST:0	VISIBLE:EXPORT	BONUS:WEAPON|TOHIT|9	BONUS:WEAPON|DAMAGE|6	RANGE:150	FACT:ShortRange|150	FACT:LongRange|600	SOURCEPAGE:SRD 5.2.1, p.285
Rotting Touch	KEY:Creature ~ Violet Fungus ~ Rotting Touch	TYPE:Weapon.Natural.Melee.Necrotic	DAMAGE:1d8	CRITRANGE:1	WIELD:OneHanded	SIZE:M	WT:0	COST:0	VISIBLE:EXPORT	BONUS:WEAPON|TOHIT|2	SOURCEPAGE:SRD 5.2.1, p.286
Claw	KEY:Creature ~ Gargoyle ~ Claw	TYPE:Weapon.Natural.Melee.Slashing	DAMAGE:2d4	CRITRANGE:1	WIELD:OneHanded	SIZE:M	WT:0	COST:0	VISIBLE:EXPORT	BONUS:WEAPON|TOHIT|4	BONUS:WEAPON|DAMAGE|2	SOURCEPAGE:SRD 5.2.1, p.286
Pseudopod	KEY:Creature ~ Gelatinous Cube ~ Pseudopod	TYPE:Weapon.Natural.Melee.Acid	DAMAGE:3d6	CRITRANGE:1	WIELD:OneHanded	SIZE:M	WT:0	COST:0	VISIBLE:EXPORT	BONUS:WEAPON|TOHIT|4	BONUS:WEAPON|DAMAGE|2	SOURCEPAGE:SRD 5.2.1, p.286
Bite	KEY:Creature ~ Ghast ~ Bite	TYPE:Weapon.Natural.Melee.Piercing	DAMAGE:1d8	CRITRANGE:1	WIELD:OneHanded	SIZE:M	WT:0	COST:0	VISIBLE:EXPORT	BONUS:WEAPON|TOHIT|5	BONUS:WEAPON|DAMAGE|3	SOURCEPAGE:SRD 5.2.1, p.287
Claw	KEY:Creature ~ Ghast ~ Claw	TYPE:Weapon.Natural.Melee.Slashing	DAMAGE:2d6	CRITRANGE:1	WIELD:OneHanded	SIZE:M	WT:0	COST:0	VISIBLE:EXPORT	BONUS:WEAPON|TOHIT|5	BONUS:WEAPON|DAMAGE|3	SOURCEPAGE:SRD 5.2.1, p.287
Withering Touch	KEY:Creature ~ Ghost ~ Withering Touch	TYPE:Weapon.Natural.Melee.Necrotic	DAMAGE:3d10	CRITRANGE:1	WIELD:OneHanded	SIZE:M	WT:0	COST:0	VISIBLE:EXPORT	BONUS:WEAPON|TOHIT|5	BONUS:WEAPON|DAMAGE|3	SOURCEPAGE:SRD 5.2.1, p.287
Bite	KEY:Creature ~ Ghoul ~ Bite	TYPE:Weapon.Natural.Melee.Piercing	DAMAGE:1d6	CRITRANGE:1	WIELD:OneHanded	SIZE:M	WT:0	COST:0	VISIBLE:EXPORT	BONUS:WEAPON|TOHIT|4	BONUS:WEAPON|DAMAGE|2	SOURCEPAGE:SRD 5.2.1, p.288
Claw	KEY:Creature ~ Ghoul ~ Claw	TYPE:Weapon.Natural.Melee.Slashing	DAMAGE:1d4	CRITRANGE:1	WIELD:OneHanded	SIZE:M	WT:0	COST:0	VISIBLE:EXPORT	BONUS:WEAPON|TOHIT|4	BONUS:WEAPON|DAMAGE|2	SOURCEPAGE:SRD 5.2.1, p.288
Bite	KEY:Creature ~ Gibbering Mouther ~ Bite	TYPE:Weapon.Natural.Melee.Piercing	DAMAGE:2d6	CRITRANGE:1	WIELD:OneHanded	SIZE:M	WT:0	COST:0	VISIBLE:EXPORT	BONUS:WEAPON|TOHIT|2	SOURCEPAGE:SRD 5.2.1, p.288
Pincer	KEY:Creature ~ Glabrezu ~ Pincer	TYPE:Weapon.Natural.Melee.Slashing	DAMAGE:2d10	CRITRANGE:1	WIELD:OneHanded	SIZE:M	WT:0	COST:0	VISIBLE:EXPORT	BONUS:WEAPON|TOHIT|9	BONUS:WEAPON|DAMAGE|5	SOURCEPAGE:SRD 5.2.1, p.289
Spear	KEY:Creature ~ Gladiator ~ Spear	TYPE:Weapon.Natural.Melee.Thrown.Ranged.Piercing	DAMAGE:2d6	CRITRANGE:1	WIELD:OneHanded	SIZE:M	WT:0	COST:0	VISIBLE:EXPORT	BONUS:WEAPON|TOHIT|7	BONUS:WEAPON|DAMAGE|4	RANGE:20	FACT:ShortRange|20	FACT:LongRange|60	SOURCEPAGE:SRD 5.2.1, p.289
Rend	KEY:Creature ~ Gnoll Warrior ~ Rend	TYPE:Weapon.Natural.Melee.Piercing	DAMAGE:1d6	CRITRANGE:1	WIELD:OneHanded	SIZE:M	WT:0	COST:0	VISIBLE:EXPORT	BONUS:WEAPON|TOHIT|4	BONUS:WEAPON|DAMAGE|2	SOURCEPAGE:SRD 5.2.1, p.289
Bone Bow	KEY:Creature ~ Gnoll Warrior ~ Bone Bow	TYPE:Weapon.Natural.Ranged.Piercing	DAMAGE:1d10	CRITRANGE:1	WIELD:OneHanded	SIZE:M	WT:0	COST:0	VISIBLE:EXPORT	BONUS:WEAPON|TOHIT|3	BONUS:WEAPON|DAMAGE|1	RANGE:150	FACT:ShortRange|150	FACT:LongRange|600	SOURCEPAGE:SRD 5.2.1, p.289
Dagger	KEY:Creature ~ Goblin Minion ~ Dagger	TYPE:Weapon.Natural.Melee.Thrown.Ranged.Piercing	DAMAGE:1d4	CRITRANGE:1	WIELD:OneHanded	SIZE:M	WT:0	COST:0	VISIBLE:EXPORT	BONUS:WEAPON|TOHIT|4	BONUS:WEAPON|DAMAGE|2	RANGE:20	FACT:ShortRange|20	FACT:LongRange|60	SOURCEPAGE:SRD 5.2.1, p.290
Scimitar	KEY:Creature ~ Goblin Warrior ~ Scimitar	TYPE:Weapon.Natural.Melee.Slashing	DAMAGE:1d6	CRITRANGE:1	WIELD:OneHanded	SIZE:M	WT:0	COST:0	VISIBLE:EXPORT	BONUS:WEAPON|TOHIT|4	BONUS:WEAPON|DAMAGE|2	SOURCEPAGE:SRD 5.2.1, p.290
Shortbow	KEY:Creature ~ Goblin Warrior ~ Shortbow	TYPE:Weapon.Natural.Ranged.Piercing	DAMAGE:1d6	CRITRANGE:1	WIELD:OneHanded	SIZE:M	WT:0	COST:0	VISIBLE:EXPORT	BONUS:WEAPON|TOHIT|4	BONUS:WEAPON|DAMAGE|2	RANGE:80	FACT:ShortRange|80	FACT:LongRange|320	SOURCEPAGE:SRD 5.2.1, p.290
Scimitar	KEY:Creature ~ Goblin Boss ~ Scimitar	TYPE:Weapon.Natural.Melee.Slashing	DAMAGE:1d6	CRITRANGE:1	WIELD:OneHanded	SIZE:M	WT:0	COST:0	VISIBLE:EXPORT	BONUS:WEAPON|TOHIT|4	BONUS:WEAPON|DAMAGE|2	SOURCEPAGE:SRD 5.2.1, p.290
Shortbow	KEY:Creature ~ Goblin Boss ~ Shortbow	TYPE:Weapon.Natural.Ranged.Piercing	DAMAGE:1d6	CRITRANGE:1	WIELD:OneHanded	SIZE:M	WT:0	COST:0	VISIBLE:EXPORT	BONUS:WEAPON|TOHIT|4	BONUS:WEAPON|DAMAGE|2	RANGE:80	FACT:ShortRange|80	FACT:LongRange|320	SOURCEPAGE:SRD 5.2.1, p.290
Rend	KEY:Creature ~ Gold Dragon Wyrmling ~ Rend	TYPE:Weapon.Natural.Melee.Slashing	DAMAGE:1d10	CRITRANGE:1	WIELD:OneHanded	SIZE:M	WT:0	COST:0	VISIBLE:EXPORT	BONUS:WEAPON|TOHIT|6	BONUS:WEAPON|DAMAGE|4	SOURCEPAGE:SRD 5.2.1, p.290
Rend	KEY:Creature ~ Young Gold Dragon ~ Rend	TYPE:Weapon.Natural.Melee.Slashing	DAMAGE:2d10	CRITRANGE:1	WIELD:OneHanded	SIZE:M	WT:0	COST:0	VISIBLE:EXPORT	BONUS:WEAPON|TOHIT|10	BONUS:WEAPON|DAMAGE|6	SOURCEPAGE:SRD 5.2.1, p.291
Rend	KEY:Creature ~ Adult Gold Dragon ~ Rend	TYPE:Weapon.Natural.Melee.Slashing	DAMAGE:2d8	CRITRANGE:1	WIELD:OneHanded	SIZE:M	WT:0	COST:0	VISIBLE:EXPORT	BONUS:WEAPON|TOHIT|14	BONUS:WEAPON|DAMAGE|8	SOURCEPAGE:SRD 5.2.1, p.291
Rend	KEY:Creature ~ Ancient Gold Dragon ~ Rend	TYPE:Weapon.Natural.Melee.Slashing	DAMAGE:2d8	CRITRANGE:1	WIELD:OneHanded	SIZE:M	WT:0	COST:0	VISIBLE:EXPORT	BONUS:WEAPON|TOHIT|17	BONUS:WEAPON|DAMAGE|10	SOURCEPAGE:SRD 5.2.1, p.292
Gore	KEY:Creature ~ Gorgon ~ Gore	TYPE:Weapon.Natural.Melee.Piercing	DAMAGE:2d12	CRITRANGE:1	WIELD:OneHanded	SIZE:M	WT:0	COST:0	VISIBLE:EXPORT	BONUS:WEAPON|TOHIT|8	BONUS:WEAPON|DAMAGE|5	SOURCEPAGE:SRD 5.2.1, p.292
Pseudopod	KEY:Creature ~ Gray Ooze ~ Pseudopod	TYPE:Weapon.Natural.Melee.Acid	DAMAGE:2d8	CRITRANGE:1	WIELD:OneHanded	SIZE:M	WT:0	COST:0	VISIBLE:EXPORT	BONUS:WEAPON|TOHIT|3	BONUS:WEAPON|DAMAGE|1	SOURCEPAGE:SRD 5.2.1, p.293
Rend	KEY:Creature ~ Green Dragon Wyrmling ~ Rend	TYPE:Weapon.Natural.Melee.Slashing	DAMAGE:1d10	CRITRANGE:1	WIELD:OneHanded	SIZE:M	WT:0	COST:0	VISIBLE:EXPORT	BONUS:WEAPON|TOHIT|4	BONUS:WEAPON|DAMAGE|2	SOURCEPAGE:SRD 5.2.1, p.293
Rend	KEY:Creature ~ Young Green Dragon ~ Rend	TYPE:Weapon.Natural.Melee.Slashing	DAMAGE:2d6	CRITRANGE:1	WIELD:OneHanded	SIZE:M	WT:0	COST:0	VISIBLE:EXPORT	BONUS:WEAPON|TOHIT|7	BONUS:WEAPON|DAMAGE|4	SOURCEPAGE:SRD 5.2.1, p.293
Rend	KEY:Creature ~ Adult Green Dragon ~ Rend	TYPE:Weapon.Natural.Melee.Slashing	DAMAGE:2d8	CRITRANGE:1	WIELD:OneHanded	SIZE:M	WT:0	COST:0	VISIBLE:EXPORT	BONUS:WEAPON|TOHIT|11	BONUS:WEAPON|DAMAGE|6	SOURCEPAGE:SRD 5.2.1, p.294
Rend	KEY:Creature ~ Ancient Green Dragon ~ Rend	TYPE:Weapon.Natural.Melee.Slashing	DAMAGE:2d8	CRITRANGE:1	WIELD:OneHanded	SIZE:M	WT:0	COST:0	VISIBLE:EXPORT	BONUS:WEAPON|TOHIT|15	BONUS:WEAPON|DAMAGE|8	SOURCEPAGE:SRD 5.2.1, p.294
Claw	KEY:Creature ~ Green Hag ~ Claw	TYPE:Weapon.Natural.Melee.Slashing	DAMAGE:1d8	CRITRANGE:1	WIELD:OneHanded	SIZE:M	WT:0	COST:0	VISIBLE:EXPORT	BONUS:WEAPON|TOHIT|6	BONUS:WEAPON|DAMAGE|4	SOURCEPAGE:SRD 5.2.1, p.295
Beak	KEY:Creature ~ Grick ~ Beak	TYPE:Weapon.Natural.Melee.Piercing	DAMAGE:2d6	CRITRANGE:1	WIELD:OneHanded	SIZE:M	WT:0	COST:0	VISIBLE:EXPORT	BONUS:WEAPON|TOHIT|4	BONUS:WEAPON|DAMAGE|2	SOURCEPAGE:SRD 5.2.1, p.295
Tentacles	KEY:Creature ~ Grick ~ Tentacles	TYPE:Weapon.Natural.Melee.Slashing	DAMAGE:1d10	CRITRANGE:1	WIELD:OneHanded	SIZE:M	WT:0	COST:0	VISIBLE:EXPORT	BONUS:WEAPON|TOHIT|4	BONUS:WEAPON|DAMAGE|2	SOURCEPAGE:SRD 5.2.1, p.295
Rend	KEY:Creature ~ Griffon ~ Rend	TYPE:Weapon.Natural.Melee.Piercing	DAMAGE:1d8	CRITRANGE:1	WIELD:OneHanded	SIZE:M	WT:0	COST:0	VISIBLE:EXPORT	BONUS:WEAPON|TOHIT|6	BONUS:WEAPON|DAMAGE|4	SOURCEPAGE:SRD 5.2.1, p.295
Bone Cudgel	KEY:Creature ~ Grimlock ~ Bone Cudgel	TYPE:Weapon.Natural.Melee.Bludgeoning	DAMAGE:1d6	CRITRANGE:1	WIELD:OneHanded	SIZE:M	WT:0	COST:0	VISIBLE:EXPORT	BONUS:WEAPON|TOHIT|5	BONUS:WEAPON|DAMAGE|3	SOURCEPAGE:SRD 5.2.1, p.296
Bite	KEY:Creature ~ Guardian Naga ~ Bite	TYPE:Weapon.Natural.Melee.Piercing	DAMAGE:2d12	CRITRANGE:1	WIELD:OneHanded	SIZE:M	WT:0	COST:0	VISIBLE:EXPORT	BONUS:WEAPON|TOHIT|8	BONUS:WEAPON|DAMAGE|4	SOURCEPAGE:SRD 5.2.1, p.296
Spear	KEY:Creature ~ Guard ~ Spear	TYPE:Weapon.Natural.Melee.Thrown.Ranged.Piercing	DAMAGE:1d6	CRITRANGE:1	WIELD:OneHanded	SIZE:M	WT:0	COST:0	VISIBLE:EXPORT	BONUS:WEAPON|TOHIT|3	BONUS:WEAPON|DAMAGE|1	RANGE:20	FACT:ShortRange|20	FACT:LongRange|60	SOURCEPAGE:SRD 5.2.1, p.296
Javelin	KEY:Creature ~ Guard Captain ~ Javelin	TYPE:Weapon.Natural.Melee.Thrown.Ranged.Piercing	DAMAGE:3d6	CRITRANGE:1	WIELD:OneHanded	SIZE:M	WT:0	COST:0	VISIBLE:EXPORT	BONUS:WEAPON|TOHIT|6	BONUS:WEAPON|DAMAGE|4	RANGE:30	FACT:ShortRange|30	FACT:LongRange|120	SOURCEPAGE:SRD 5.2.1, p.296
Longsword	KEY:Creature ~ Guard Captain ~ Longsword	TYPE:Weapon.Natural.Melee.Slashing	DAMAGE:2d10	CRITRANGE:1	WIELD:OneHanded	SIZE:M	WT:0	COST:0	VISIBLE:EXPORT	BONUS:WEAPON|TOHIT|6	BONUS:WEAPON|DAMAGE|4	SOURCEPAGE:SRD 5.2.1, p.296
Claw	KEY:Creature ~ Half-Dragon ~ Claw	TYPE:Weapon.Natural.Melee.Slashing	DAMAGE:1d4	CRITRANGE:1	WIELD:OneHanded	SIZE:M	WT:0	COST:0	VISIBLE:EXPORT	BONUS:WEAPON|TOHIT|7	BONUS:WEAPON|DAMAGE|4	SOURCEPAGE:SRD 5.2.1, p.297
Claw	KEY:Creature ~ Harpy ~ Claw	TYPE:Weapon.Natural.Melee.Slashing	DAMAGE:2d4	CRITRANGE:1	WIELD:OneHanded	SIZE:M	WT:0	COST:0	VISIBLE:EXPORT	BONUS:WEAPON|TOHIT|3	BONUS:WEAPON|DAMAGE|1	SOURCEPAGE:SRD 5.2.1, p.297
Bite	KEY:Creature ~ Hell Hound ~ Bite	TYPE:Weapon.Natural.Melee.Piercing	DAMAGE:1d8	CRITRANGE:1	WIELD:OneHanded	SIZE:M	WT:0	COST:0	VISIBLE:EXPORT	BONUS:WEAPON|TOHIT|5	BONUS:WEAPON|DAMAGE|3	SOURCEPAGE:SRD 5.2.1, p.297
Rend	KEY:Creature ~ Hezrou ~ Rend	TYPE:Weapon.Natural.Melee.Slashing	DAMAGE:1d4	CRITRANGE:1	WIELD:OneHanded	SIZE:M	WT:0	COST:0	VISIBLE:EXPORT	BONUS:WEAPON|TOHIT|7	BONUS:WEAPON|DAMAGE|4	SOURCEPAGE:SRD 5.2.1, p.298
Tree Club	KEY:Creature ~ Hill Giant ~ Tree Club	TYPE:Weapon.Natural.Melee.Bludgeoning	DAMAGE:3d8	CRITRANGE:1	WIELD:OneHanded	SIZE:M	WT:0	COST:0	VISIBLE:EXPORT	BONUS:WEAPON|TOHIT|8	BONUS:WEAPON|DAMAGE|5	SOURCEPAGE:SRD 5.2.1, p.298
Trash Lob	KEY:Creature ~ Hill Giant ~ Trash Lob	TYPE:Weapon.Natural.Ranged.Bludgeoning	DAMAGE:2d10	CRITRANGE:1	WIELD:OneHanded	SIZE:M	WT:0	COST:0	VISIBLE:EXPORT	BONUS:WEAPON|TOHIT|8	BONUS:WEAPON|DAMAGE|5	RANGE:60	FACT:ShortRange|60	FACT:LongRange|240	SOURCEPAGE:SRD 5.2.1, p.298
Rend	KEY:Creature ~ Hippogriff ~ Rend	TYPE:Weapon.Natural.Melee.Slashing	DAMAGE:1d8	CRITRANGE:1	WIELD:OneHanded	SIZE:M	WT:0	COST:0	VISIBLE:EXPORT	BONUS:WEAPON|TOHIT|5	BONUS:WEAPON|DAMAGE|3	SOURCEPAGE:SRD 5.2.1, p.298
Longsword	KEY:Creature ~ Hobgoblin Warrior ~ Longsword	TYPE:Weapon.Natural.Melee.Slashing	DAMAGE:2d10	CRITRANGE:1	WIELD:OneHanded	SIZE:M	WT:0	COST:0	VISIBLE:EXPORT	BONUS:WEAPON|TOHIT|3	BONUS:WEAPON|DAMAGE|1	SOURCEPAGE:SRD 5.2.1, p.298
Longbow	KEY:Creature ~ Hobgoblin Warrior ~ Longbow	TYPE:Weapon.Natural.Ranged.Piercing	DAMAGE:1d8	CRITRANGE:1	WIELD:OneHanded	SIZE:M	WT:0	COST:0	VISIBLE:EXPORT	BONUS:WEAPON|TOHIT|3	BONUS:WEAPON|DAMAGE|1	RANGE:150	FACT:ShortRange|150	FACT:LongRange|600	SOURCEPAGE:SRD 5.2.1, p.298
Greatsword	KEY:Creature ~ Hobgoblin Captain ~ Greatsword	TYPE:Weapon.Natural.Melee.Slashing	DAMAGE:2d6	CRITRANGE:1	WIELD:OneHanded	SIZE:M	WT:0	COST:0	VISIBLE:EXPORT	BONUS:WEAPON|TOHIT|4	BONUS:WEAPON|DAMAGE|2	SOURCEPAGE:SRD 5.2.1, p.299
Longbow	KEY:Creature ~ Hobgoblin Captain ~ Longbow	TYPE:Weapon.Natural.Ranged.Piercing	DAMAGE:1d8	CRITRANGE:1	WIELD:OneHanded	SIZE:M	WT:0	COST:0	VISIBLE:EXPORT	BONUS:WEAPON|TOHIT|4	BONUS:WEAPON|DAMAGE|2	RANGE:150	FACT:ShortRange|150	FACT:LongRange|600	SOURCEPAGE:SRD 5.2.1, p.299
Searing Fork	KEY:Creature ~ Horned Devil ~ Searing Fork	TYPE:Weapon.Natural.Melee.Piercing	DAMAGE:2d8	CRITRANGE:1	WIELD:OneHanded	SIZE:M	WT:0	COST:0	VISIBLE:EXPORT	BONUS:WEAPON|TOHIT|10	BONUS:WEAPON|DAMAGE|6	SOURCEPAGE:SRD 5.2.1, p.299
Hurl Flame	KEY:Creature ~ Horned Devil ~ Hurl Flame	TYPE:Weapon.Natural.Ranged.Fire	DAMAGE:5d8	CRITRANGE:1	WIELD:OneHanded	SIZE:M	WT:0	COST:0	VISIBLE:EXPORT	BONUS:WEAPON|TOHIT|8	BONUS:WEAPON|DAMAGE|4	SOURCEPAGE:SRD 5.2.1, p.299
Bite	KEY:Creature ~ Hydra ~ Bite	TYPE:Weapon.Natural.Melee.Piercing	DAMAGE:1d10	CRITRANGE:1	WIELD:OneHanded	SIZE:M	WT:0	COST:0	VISIBLE:EXPORT	BONUS:WEAPON|TOHIT|8	BONUS:WEAPON|DAMAGE|5	SOURCEPAGE:SRD 5.2.1, p.300
Ice Spear	KEY:Creature ~ Ice Devil ~ Ice Spear	TYPE:Weapon.Natural.Melee.Thrown.Ranged.Piercing	DAMAGE:2d8	CRITRANGE:1	WIELD:OneHanded	SIZE:M	WT:0	COST:0	VISIBLE:EXPORT	BONUS:WEAPON|TOHIT|10	BONUS:WEAPON|DAMAGE|5	RANGE:30	FACT:ShortRange|30	FACT:LongRange|120	SOURCEPAGE:SRD 5.2.1, p.300
Tail	KEY:Creature ~ Ice Devil ~ Tail	TYPE:Weapon.Natural.Melee.Bludgeoning	DAMAGE:3d6	CRITRANGE:1	WIELD:OneHanded	SIZE:M	WT:0	COST:0	VISIBLE:EXPORT	BONUS:WEAPON|TOHIT|10	BONUS:WEAPON|DAMAGE|5	SOURCEPAGE:SRD 5.2.1, p.300
Sting	KEY:Creature ~ Imp ~ Sting	TYPE:Weapon.Natural.Melee.Piercing	DAMAGE:1d6	CRITRANGE:1	WIELD:OneHanded	SIZE:M	WT:0	COST:0	VISIBLE:EXPORT	BONUS:WEAPON|TOHIT|5	BONUS:WEAPON|DAMAGE|3	SOURCEPAGE:SRD 5.2.1, p.300
Restless Touch	KEY:Creature ~ Incubus ~ Restless Touch	TYPE:Weapon.Natural.Melee.Psychic	DAMAGE:3d6	CRITRANGE:1	WIELD:OneHanded	SIZE:M	WT:0	COST:0	VISIBLE:EXPORT	BONUS:WEAPON|TOHIT|7	BONUS:WEAPON|DAMAGE|5	SOURCEPAGE:SRD 5.2.1, p.301
Wind Swipe	KEY:Creature ~ Invisible Stalker ~ Wind Swipe	TYPE:Weapon.Natural.Melee.Force	DAMAGE:2d6	CRITRANGE:1	WIELD:OneHanded	SIZE:M	WT:0	COST:0	VISIBLE:EXPORT	BONUS:WEAPON|TOHIT|7	BONUS:WEAPON|DAMAGE|4	SOURCEPAGE:SRD 5.2.1, p.301
Bladed Arm	KEY:Creature ~ Iron Golem ~ Bladed Arm	TYPE:Weapon.Natural.Melee.Slashing	DAMAGE:3d8	CRITRANGE:1	WIELD:OneHanded	SIZE:M	WT:0	COST:0	VISIBLE:EXPORT	BONUS:WEAPON|TOHIT|12	BONUS:WEAPON|DAMAGE|7	SOURCEPAGE:SRD 5.2.1, p.302
Fiery Bolt	KEY:Creature ~ Iron Golem ~ Fiery Bolt	TYPE:Weapon.Natural.Ranged.Fire	DAMAGE:8d8	CRITRANGE:1	WIELD:OneHanded	SIZE:M	WT:0	COST:0	VISIBLE:EXPORT	BONUS:WEAPON|TOHIT|10	SOURCEPAGE:SRD 5.2.1, p.302
Greatsword	KEY:Creature ~ Knight ~ Greatsword	TYPE:Weapon.Natural.Melee.Slashing	DAMAGE:2d6	CRITRANGE:1	WIELD:OneHanded	SIZE:M	WT:0	COST:0	VISIBLE:EXPORT	BONUS:WEAPON|TOHIT|5	BONUS:WEAPON|DAMAGE|3	SOURCEPAGE:SRD 5.2.1, p.302
Heavy Crossbow	KEY:Creature ~ Knight ~ Heavy Crossbow	TYPE:Weapon.Natural.Ranged.Piercing	DAMAGE:2d10	CRITRANGE:1	WIELD:OneHanded	SIZE:M	WT:0	COST:0	VISIBLE:EXPORT	BONUS:WEAPON|TOHIT|2	RANGE:100	FACT:ShortRange|100	FACT:LongRange|400	SOURCEPAGE:SRD 5.2.1, p.302
Dagger	KEY:Creature ~ Kobold Warrior ~ Dagger	TYPE:Weapon.Natural.Melee.Thrown.Ranged.Piercing	DAMAGE:1d4	CRITRANGE:1	WIELD:OneHanded	SIZE:M	WT:0	COST:0	VISIBLE:EXPORT	BONUS:WEAPON|TOHIT|4	BONUS:WEAPON|DAMAGE|2	RANGE:20	FACT:ShortRange|20	FACT:LongRange|60	SOURCEPAGE:SRD 5.2.1, p.302
Tentacle	KEY:Creature ~ Kraken ~ Tentacle	TYPE:Weapon.Natural.Melee.Bludgeoning	DAMAGE:4d6	CRITRANGE:1	WIELD:OneHanded	SIZE:M	WT:0	COST:0	VISIBLE:EXPORT	BONUS:WEAPON|TOHIT|17	BONUS:WEAPON|DAMAGE|10	SOURCEPAGE:SRD 5.2.1, p.303
Claw	KEY:Creature ~ Lamia ~ Claw	TYPE:Weapon.Natural.Melee.Slashing	DAMAGE:1d8	CRITRANGE:1	WIELD:OneHanded	SIZE:M	WT:0	COST:0	VISIBLE:EXPORT	BONUS:WEAPON|TOHIT|5	BONUS:WEAPON|DAMAGE|3	SOURCEPAGE:SRD 5.2.1, p.303
Vile Slime	KEY:Creature ~ Lemure ~ Vile Slime	TYPE:Weapon.Natural.Melee.Poison	DAMAGE:1d4	CRITRANGE:1	WIELD:OneHanded	SIZE:M	WT:0	COST:0	VISIBLE:EXPORT	BONUS:WEAPON|TOHIT|2	SOURCEPAGE:SRD 5.2.1, p.304
Eldritch Burst	KEY:Creature ~ Lich ~ Eldritch Burst	TYPE:Weapon.Natural.Melee.Force	DAMAGE:4d12	CRITRANGE:1	WIELD:OneHanded	SIZE:M	WT:0	COST:0	VISIBLE:EXPORT	BONUS:WEAPON|TOHIT|12	BONUS:WEAPON|DAMAGE|5	SOURCEPAGE:SRD 5.2.1, p.304
Paralyzing Touch	KEY:Creature ~ Lich ~ Paralyzing Touch	TYPE:Weapon.Natural.Melee.Cold	DAMAGE:3d6	CRITRANGE:1	WIELD:OneHanded	SIZE:M	WT:0	COST:0	VISIBLE:EXPORT	BONUS:WEAPON|TOHIT|12	BONUS:WEAPON|DAMAGE|5	SOURCEPAGE:SRD 5.2.1, p.304
Arcane Burst	KEY:Creature ~ Mage ~ Arcane Burst	TYPE:Weapon.Natural.Melee.Force	DAMAGE:3d8	CRITRANGE:1	WIELD:OneHanded	SIZE:M	WT:0	COST:0	VISIBLE:EXPORT	BONUS:WEAPON|TOHIT|6	BONUS:WEAPON|DAMAGE|3	SOURCEPAGE:SRD 5.2.1, p.305
Arcane Burst	KEY:Creature ~ Archmage ~ Arcane Burst	TYPE:Weapon.Natural.Melee.Force	DAMAGE:4d10	CRITRANGE:1	WIELD:OneHanded	SIZE:M	WT:0	COST:0	VISIBLE:EXPORT	BONUS:WEAPON|TOHIT|9	BONUS:WEAPON|DAMAGE|5	SOURCEPAGE:SRD 5.2.1, p.305
Touch	KEY:Creature ~ Magmin ~ Touch	TYPE:Weapon.Natural.Melee.Fire	DAMAGE:2d4	CRITRANGE:1	WIELD:OneHanded	SIZE:M	WT:0	COST:0	VISIBLE:EXPORT	BONUS:WEAPON|TOHIT|4	BONUS:WEAPON|DAMAGE|2	SOURCEPAGE:SRD 5.2.1, p.305
Rend	KEY:Creature ~ Manticore ~ Rend	TYPE:Weapon.Natural.Melee.Slashing	DAMAGE:1d8	CRITRANGE:1	WIELD:OneHanded	SIZE:M	WT:0	COST:0	VISIBLE:EXPORT	BONUS:WEAPON|TOHIT|5	BONUS:WEAPON|DAMAGE|3	SOURCEPAGE:SRD 5.2.1, p.306
Tail Spike	KEY:Creature ~ Manticore ~ Tail Spike	TYPE:Weapon.Natural.Ranged.Piercing	DAMAGE:1d8	CRITRANGE:1	WIELD:OneHanded	SIZE:M	WT:0	COST:0	VISIBLE:EXPORT	BONUS:WEAPON|TOHIT|5	BONUS:WEAPON|DAMAGE|3	RANGE:100	FACT:ShortRange|100	FACT:LongRange|200	SOURCEPAGE:SRD 5.2.1, p.306
Pact Blade	KEY:Creature ~ Marilith ~ Pact Blade	TYPE:Weapon.Natural.Melee.Slashing	DAMAGE:1d10	CRITRANGE:1	WIELD:OneHanded	SIZE:M	WT:0	COST:0	VISIBLE:EXPORT	BONUS:WEAPON|TOHIT|10	BONUS:WEAPON|DAMAGE|5	SOURCEPAGE:SRD 5.2.1, p.306
Claw	KEY:Creature ~ Medusa ~ Claw	TYPE:Weapon.Natural.Melee.Slashing	DAMAGE:2d6	CRITRANGE:1	WIELD:OneHanded	SIZE:M	WT:0	COST:0	VISIBLE:EXPORT	BONUS:WEAPON|TOHIT|6	BONUS:WEAPON|DAMAGE|3	SOURCEPAGE:SRD 5.2.1, p.306
Snake Hair	KEY:Creature ~ Medusa ~ Snake Hair	TYPE:Weapon.Natural.Melee.Piercing	DAMAGE:1d4	CRITRANGE:1	WIELD:OneHanded	SIZE:M	WT:0	COST:0	VISIBLE:EXPORT	BONUS:WEAPON|TOHIT|6	BONUS:WEAPON|DAMAGE|3	SOURCEPAGE:SRD 5.2.1, p.306
Poison Ray	KEY:Creature ~ Medusa ~ Poison Ray	TYPE:Weapon.Natural.Ranged.Poison	DAMAGE:2d8	CRITRANGE:1	WIELD:OneHanded	SIZE:M	WT:0	COST:0	VISIBLE:EXPORT	BONUS:WEAPON|TOHIT|5	BONUS:WEAPON|DAMAGE|2	SOURCEPAGE:SRD 5.2.1, p.306
Claw	KEY:Creature ~ Dust Mephit ~ Claw	TYPE:Weapon.Natural.Melee.Slashing	DAMAGE:1d4	CRITRANGE:1	WIELD:OneHanded	SIZE:M	WT:0	COST:0	VISIBLE:EXPORT	BONUS:WEAPON|TOHIT|4	BONUS:WEAPON|DAMAGE|2	SOURCEPAGE:SRD 5.2.1, p.307
Claw	KEY:Creature ~ Ice Mephit ~ Claw	TYPE:Weapon.Natural.Melee.Slashing	DAMAGE:1d4	CRITRANGE:1	WIELD:OneHanded	SIZE:M	WT:0	COST:0	VISIBLE:EXPORT	BONUS:WEAPON|TOHIT|3	BONUS:WEAPON|DAMAGE|1	SOURCEPAGE:SRD 5.2.1, p.307
Claw	KEY:Creature ~ Magma Mephit ~ Claw	TYPE:Weapon.Natural.Melee.Slashing	DAMAGE:1d4	CRITRANGE:1	WIELD:OneHanded	SIZE:M	WT:0	COST:0	VISIBLE:EXPORT	BONUS:WEAPON|TOHIT|3	BONUS:WEAPON|DAMAGE|1	SOURCEPAGE:SRD 5.2.1, p.307
Claw	KEY:Creature ~ Steam Mephit ~ Claw	TYPE:Weapon.Natural.Melee.Slashing	DAMAGE:1d4	CRITRANGE:1	WIELD:OneHanded	SIZE:M	WT:0	COST:0	VISIBLE:EXPORT	BONUS:WEAPON|TOHIT|2	SOURCEPAGE:SRD 5.2.1, p.308
Ocean Spear	KEY:Creature ~ Merfolk Skirmisher ~ Ocean Spear	TYPE:Weapon.Natural.Melee.Thrown.Ranged.Piercing	DAMAGE:1d6	CRITRANGE:1	WIELD:OneHanded	SIZE:M	WT:0	COST:0	VISIBLE:EXPORT	BONUS:WEAPON|TOHIT|2	RANGE:20	FACT:ShortRange|20	FACT:LongRange|60	SOURCEPAGE:SRD 5.2.1, p.308
Bite	KEY:Creature ~ Merrow ~ Bite	TYPE:Weapon.Natural.Melee.Piercing	DAMAGE:1d4	CRITRANGE:1	WIELD:OneHanded	SIZE:M	WT:0	COST:0	VISIBLE:EXPORT	BONUS:WEAPON|TOHIT|6	BONUS:WEAPON|DAMAGE|4	SOURCEPAGE:SRD 5.2.1, p.308
Claw	KEY:Creature ~ Merrow ~ Claw	TYPE:Weapon.Natural.Melee.Slashing	DAMAGE:2d4	CRITRANGE:1	WIELD:OneHanded	SIZE:M	WT:0	COST:0	VISIBLE:EXPORT	BONUS:WEAPON|TOHIT|6	BONUS:WEAPON|DAMAGE|4	SOURCEPAGE:SRD 5.2.1, p.308
Harpoon	KEY:Creature ~ Merrow ~ Harpoon	TYPE:Weapon.Natural.Melee.Thrown.Ranged.Piercing	DAMAGE:2d6	CRITRANGE:1	WIELD:OneHanded	SIZE:M	WT:0	COST:0	VISIBLE:EXPORT	BONUS:WEAPON|TOHIT|6	BONUS:WEAPON|DAMAGE|4	RANGE:20	FACT:ShortRange|20	FACT:LongRange|60	SOURCEPAGE:SRD 5.2.1, p.308
Bite	KEY:Creature ~ Mimic ~ Bite	TYPE:Weapon.Natural.Melee.Piercing	DAMAGE:1d8	CRITRANGE:1	WIELD:OneHanded	SIZE:M	WT:0	COST:0	VISIBLE:EXPORT	BONUS:WEAPON|TOHIT|5	BONUS:WEAPON|DAMAGE|3	SOURCEPAGE:SRD 5.2.1, p.308
Pseudopod	KEY:Creature ~ Mimic ~ Pseudopod	TYPE:Weapon.Natural.Melee.Bludgeoning	DAMAGE:1d8	CRITRANGE:1	WIELD:OneHanded	SIZE:M	WT:0	COST:0	VISIBLE:EXPORT	BONUS:WEAPON|TOHIT|5	BONUS:WEAPON|DAMAGE|3	SOURCEPAGE:SRD 5.2.1, p.308
Abyssal Glaive	KEY:Creature ~ Minotaur of Baphomet ~ Abyssal Glaive	TYPE:Weapon.Natural.Melee.Slashing	DAMAGE:1d12	CRITRANGE:1	WIELD:OneHanded	SIZE:M	WT:0	COST:0	VISIBLE:EXPORT	BONUS:WEAPON|TOHIT|6	BONUS:WEAPON|DAMAGE|4	SOURCEPAGE:SRD 5.2.1, p.309
Gore (Recharge 5–6)	KEY:Creature ~ Minotaur of Baphomet ~ Gore (Recharge 5–6)	TYPE:Weapon.Natural.Melee.Piercing	DAMAGE:4d6	CRITRANGE:1	WIELD:OneHanded	SIZE:M	WT:0	COST:0	VISIBLE:EXPORT	BONUS:WEAPON|TOHIT|6	BONUS:WEAPON|DAMAGE|4	SOURCEPAGE:SRD 5.2.1, p.309
Rotting Fist	KEY:Creature ~ Mummy ~ Rotting Fist	TYPE:Weapon.Natural.Melee.Bludgeoning	DAMAGE:1d10	CRITRANGE:1	WIELD:OneHanded	SIZE:M	WT:0	COST:0	VISIBLE:EXPORT	BONUS:WEAPON|TOHIT|5	BONUS:WEAPON|DAMAGE|3	SOURCEPAGE:SRD 5.2.1, p.309
Rotting Fist	KEY:Creature ~ Mummy Lord ~ Rotting Fist	TYPE:Weapon.Natural.Melee.Bludgeoning	DAMAGE:2d10	CRITRANGE:1	WIELD:OneHanded	SIZE:M	WT:0	COST:0	VISIBLE:EXPORT	BONUS:WEAPON|TOHIT|9	BONUS:WEAPON|DAMAGE|4	SOURCEPAGE:SRD 5.2.1, p.309
Channel Negative Energy	KEY:Creature ~ Mummy Lord ~ Channel Negative Energy	TYPE:Weapon.Natural.Ranged.Necrotic	DAMAGE:6d6	CRITRANGE:1	WIELD:OneHanded	SIZE:M	WT:0	COST:0	VISIBLE:EXPORT	BONUS:WEAPON|TOHIT|9	BONUS:WEAPON|DAMAGE|4	SOURCEPAGE:SRD 5.2.1, p.309
Rend	KEY:Creature ~ Nalfeshnee ~ Rend	TYPE:Weapon.Natural.Melee.Slashing	DAMAGE:2d10	CRITRANGE:1	WIELD:OneHanded	SIZE:M	WT:0	COST:0	VISIBLE:EXPORT	BONUS:WEAPON|TOHIT|10	BONUS:WEAPON|DAMAGE|5	SOURCEPAGE:SRD 5.2.1, p.310
Claw	KEY:Creature ~ Night Hag ~ Claw	TYPE:Weapon.Natural.Melee.Slashing	DAMAGE:2d8	CRITRANGE:1	WIELD:OneHanded	SIZE:M	WT:0	COST:0	VISIBLE:EXPORT	BONUS:WEAPON|TOHIT|7	BONUS:WEAPON|DAMAGE|4	SOURCEPAGE:SRD 5.2.1, p.311
Hooves	KEY:Creature ~ Nightmare ~ Hooves	TYPE:Weapon.Natural.Melee.Bludgeoning	DAMAGE:2d8	CRITRANGE:1	WIELD:OneHanded	SIZE:M	WT:0	COST:0	VISIBLE:EXPORT	BONUS:WEAPON|TOHIT|6	BONUS:WEAPON|DAMAGE|4	SOURCEPAGE:SRD 5.2.1, p.311
Rapier	KEY:Creature ~ Noble ~ Rapier	TYPE:Weapon.Natural.Melee.Piercing	DAMAGE:1d8	CRITRANGE:1	WIELD:OneHanded	SIZE:M	WT:0	COST:0	VISIBLE:EXPORT	BONUS:WEAPON|TOHIT|3	BONUS:WEAPON|DAMAGE|1	SOURCEPAGE:SRD 5.2.1, p.312
Pseudopod	KEY:Creature ~ Ochre Jelly ~ Pseudopod	TYPE:Weapon.Natural.Melee.Acid	DAMAGE:3d6	CRITRANGE:1	WIELD:OneHanded	SIZE:M	WT:0	COST:0	VISIBLE:EXPORT	BONUS:WEAPON|TOHIT|4	BONUS:WEAPON|DAMAGE|2	SOURCEPAGE:SRD 5.2.1, p.312
Greatclub	KEY:Creature ~ Ogre ~ Greatclub	TYPE:Weapon.Natural.Melee.Bludgeoning	DAMAGE:2d8	CRITRANGE:1	WIELD:OneHanded	SIZE:M	WT:0	COST:0	VISIBLE:EXPORT	BONUS:WEAPON|TOHIT|6	BONUS:WEAPON|DAMAGE|4	SOURCEPAGE:SRD 5.2.1, p.312
Javelin	KEY:Creature ~ Ogre ~ Javelin	TYPE:Weapon.Natural.Melee.Thrown.Ranged.Piercing	DAMAGE:2d6	CRITRANGE:1	WIELD:OneHanded	SIZE:M	WT:0	COST:0	VISIBLE:EXPORT	BONUS:WEAPON|TOHIT|6	BONUS:WEAPON|DAMAGE|4	RANGE:30	FACT:ShortRange|30	FACT:LongRange|120	SOURCEPAGE:SRD 5.2.1, p.312
Claw	KEY:Creature ~ Oni ~ Claw	TYPE:Weapon.Natural.Melee.Slashing	DAMAGE:1d12	CRITRANGE:1	WIELD:OneHanded	SIZE:M	WT:0	COST:0	VISIBLE:EXPORT	BONUS:WEAPON|TOHIT|7	BONUS:WEAPON|DAMAGE|4	SOURCEPAGE:SRD 5.2.1, p.312
Nightmare Ray	KEY:Creature ~ Oni ~ Nightmare Ray	TYPE:Weapon.Natural.Ranged.Psychic	DAMAGE:2d6	CRITRANGE:1	WIELD:OneHanded	SIZE:M	WT:0	COST:0	VISIBLE:EXPORT	BONUS:WEAPON|TOHIT|5	BONUS:WEAPON|DAMAGE|2	SOURCEPAGE:SRD 5.2.1, p.312
Bite	KEY:Creature ~ Otyugh ~ Bite	TYPE:Weapon.Natural.Melee.Piercing	DAMAGE:2d8	CRITRANGE:1	WIELD:OneHanded	SIZE:M	WT:0	COST:0	VISIBLE:EXPORT	BONUS:WEAPON|TOHIT|6	BONUS:WEAPON|DAMAGE|3	SOURCEPAGE:SRD 5.2.1, p.313
Tentacle	KEY:Creature ~ Otyugh ~ Tentacle	TYPE:Weapon.Natural.Melee.Piercing	DAMAGE:2d8	CRITRANGE:1	WIELD:OneHanded	SIZE:M	WT:0	COST:0	VISIBLE:EXPORT	BONUS:WEAPON|TOHIT|6	BONUS:WEAPON|DAMAGE|3	SOURCEPAGE:SRD 5.2.1, p.313
Rend	KEY:Creature ~ Owlbear ~ Rend	TYPE:Weapon.Natural.Melee.Slashing	DAMAGE:2d8	CRITRANGE:1	WIELD:OneHanded	SIZE:M	WT:0	COST:0	VISIBLE:EXPORT	BONUS:WEAPON|TOHIT|7	BONUS:WEAPON|DAMAGE|5	SOURCEPAGE:SRD 5.2.1, p.313
Hooves	KEY:Creature ~ Pegasus ~ Hooves	TYPE:Weapon.Natural.Melee.Bludgeoning	DAMAGE:1d6	CRITRANGE:1	WIELD:OneHanded	SIZE:M	WT:0	COST:0	VISIBLE:EXPORT	BONUS:WEAPON|TOHIT|6	BONUS:WEAPON|DAMAGE|4	SOURCEPAGE:SRD 5.2.1, p.313
Bite	KEY:Creature ~ Phase Spider ~ Bite	TYPE:Weapon.Natural.Melee.Piercing	DAMAGE:1d10	CRITRANGE:1	WIELD:OneHanded	SIZE:M	WT:0	COST:0	VISIBLE:EXPORT	BONUS:WEAPON|TOHIT|5	BONUS:WEAPON|DAMAGE|3	SOURCEPAGE:SRD 5.2.1, p.313
Dagger	KEY:Creature ~ Pirate ~ Dagger	TYPE:Weapon.Natural.Melee.Thrown.Ranged.Piercing	DAMAGE:1d4	CRITRANGE:1	WIELD:OneHanded	SIZE:M	WT:0	COST:0	VISIBLE:EXPORT	BONUS:WEAPON|TOHIT|5	BONUS:WEAPON|DAMAGE|3	RANGE:20	FACT:ShortRange|20	FACT:LongRange|60	SOURCEPAGE:SRD 5.2.1, p.314
Rapier	KEY:Creature ~ Pirate Captain ~ Rapier	TYPE:Weapon.Natural.Melee.Piercing	DAMAGE:2d8	CRITRANGE:1	WIELD:OneHanded	SIZE:M	WT:0	COST:0	VISIBLE:EXPORT	BONUS:WEAPON|TOHIT|7	BONUS:WEAPON|DAMAGE|4	SOURCEPAGE:SRD 5.2.1, p.314
Pistol	KEY:Creature ~ Pirate Captain ~ Pistol	TYPE:Weapon.Natural.Ranged.Piercing	DAMAGE:2d10	CRITRANGE:1	WIELD:OneHanded	SIZE:M	WT:0	COST:0	VISIBLE:EXPORT	BONUS:WEAPON|TOHIT|7	BONUS:WEAPON|DAMAGE|4	RANGE:30	FACT:ShortRange|30	FACT:LongRange|90	SOURCEPAGE:SRD 5.2.1, p.314
Bite	KEY:Creature ~ Pit Fiend ~ Bite	TYPE:Weapon.Natural.Melee.Piercing	DAMAGE:3d6	CRITRANGE:1	WIELD:OneHanded	SIZE:M	WT:0	COST:0	VISIBLE:EXPORT	BONUS:WEAPON|TOHIT|14	BONUS:WEAPON|DAMAGE|8	SOURCEPAGE:SRD 5.2.1, p.314
Devilish Claw	KEY:Creature ~ Pit Fiend ~ Devilish Claw	TYPE:Weapon.Natural.Melee.Necrotic	DAMAGE:4d8	CRITRANGE:1	WIELD:OneHanded	SIZE:M	WT:0	COST:0	VISIBLE:EXPORT	BONUS:WEAPON|TOHIT|14	BONUS:WEAPON|DAMAGE|8	SOURCEPAGE:SRD 5.2.1, p.314
Fiery Mace	KEY:Creature ~ Pit Fiend ~ Fiery Mace	TYPE:Weapon.Natural.Melee.Force	DAMAGE:4d6	CRITRANGE:1	WIELD:OneHanded	SIZE:M	WT:0	COST:0	VISIBLE:EXPORT	BONUS:WEAPON|TOHIT|14	BONUS:WEAPON|DAMAGE|8	SOURCEPAGE:SRD 5.2.1, p.314
Radiant Sword	KEY:Creature ~ Planetar ~ Radiant Sword	TYPE:Weapon.Natural.Melee.Slashing	DAMAGE:2d6	CRITRANGE:1	WIELD:OneHanded	SIZE:M	WT:0	COST:0	VISIBLE:EXPORT	BONUS:WEAPON|TOHIT|12	BONUS:WEAPON|DAMAGE|7	SOURCEPAGE:SRD 5.2.1, p.315
Mace	KEY:Creature ~ Priest Acolyte ~ Mace	TYPE:Weapon.Natural.Melee.Bludgeoning	DAMAGE:1d6	CRITRANGE:1	WIELD:OneHanded	SIZE:M	WT:0	COST:0	VISIBLE:EXPORT	BONUS:WEAPON|TOHIT|4	BONUS:WEAPON|DAMAGE|2	SOURCEPAGE:SRD 5.2.1, p.316
Radiant Flame	KEY:Creature ~ Priest Acolyte ~ Radiant Flame	TYPE:Weapon.Natural.Ranged.Radiant	DAMAGE:2d6	CRITRANGE:1	WIELD:OneHanded	SIZE:M	WT:0	COST:0	VISIBLE:EXPORT	BONUS:WEAPON|TOHIT|4	SOURCEPAGE:SRD 5.2.1, p.316
Mace	KEY:Creature ~ Priest ~ Mace	TYPE:Weapon.Natural.Melee.Bludgeoning	DAMAGE:1d6	CRITRANGE:1	WIELD:OneHanded	SIZE:M	WT:0	COST:0	VISIBLE:EXPORT	BONUS:WEAPON|TOHIT|5	BONUS:WEAPON|DAMAGE|3	SOURCEPAGE:SRD 5.2.1, p.316
Radiant Flame	KEY:Creature ~ Priest ~ Radiant Flame	TYPE:Weapon.Natural.Ranged.Radiant	DAMAGE:2d10	CRITRANGE:1	WIELD:OneHanded	SIZE:M	WT:0	COST:0	VISIBLE:EXPORT	BONUS:WEAPON|TOHIT|5	SOURCEPAGE:SRD 5.2.1, p.316
Bite	KEY:Creature ~ Pseudodragon ~ Bite	TYPE:Weapon.Natural.Melee.Piercing	DAMAGE:1d4	CRITRANGE:1	WIELD:OneHanded	SIZE:M	WT:0	COST:0	VISIBLE:EXPORT	BONUS:WEAPON|TOHIT|4	BONUS:WEAPON|DAMAGE|2	SOURCEPAGE:SRD 5.2.1, p.316
Bite	KEY:Creature ~ Purple Worm ~ Bite	TYPE:Weapon.Natural.Melee.Piercing	DAMAGE:3d8	CRITRANGE:1	WIELD:OneHanded	SIZE:M	WT:0	COST:0	VISIBLE:EXPORT	BONUS:WEAPON|TOHIT|14	BONUS:WEAPON|DAMAGE|9	SOURCEPAGE:SRD 5.2.1, p.316
Tail Stinger	KEY:Creature ~ Purple Worm ~ Tail Stinger	TYPE:Weapon.Natural.Melee.Piercing	DAMAGE:2d6	CRITRANGE:1	WIELD:OneHanded	SIZE:M	WT:0	COST:0	VISIBLE:EXPORT	BONUS:WEAPON|TOHIT|14	BONUS:WEAPON|DAMAGE|9	SOURCEPAGE:SRD 5.2.1, p.316
Rend	KEY:Creature ~ Quasit ~ Rend	TYPE:Weapon.Natural.Melee.Slashing	DAMAGE:1d4	CRITRANGE:1	WIELD:OneHanded	SIZE:M	WT:0	COST:0	VISIBLE:EXPORT	BONUS:WEAPON|TOHIT|5	BONUS:WEAPON|DAMAGE|3	SOURCEPAGE:SRD 5.2.1, p.317
Cursed Touch	KEY:Creature ~ Rakshasa ~ Cursed Touch	TYPE:Weapon.Natural.Melee.Slashing	DAMAGE:2d6	CRITRANGE:1	WIELD:OneHanded	SIZE:M	WT:0	COST:0	VISIBLE:EXPORT	BONUS:WEAPON|TOHIT|10	BONUS:WEAPON|DAMAGE|5	SOURCEPAGE:SRD 5.2.1, p.317
Rend	KEY:Creature ~ Red Dragon Wyrmling ~ Rend	TYPE:Weapon.Natural.Melee.Slashing	DAMAGE:1d10	CRITRANGE:1	WIELD:OneHanded	SIZE:M	WT:0	COST:0	VISIBLE:EXPORT	BONUS:WEAPON|TOHIT|6	BONUS:WEAPON|DAMAGE|4	SOURCEPAGE:SRD 5.2.1, p.318
Rend	KEY:Creature ~ Young Red Dragon ~ Rend	TYPE:Weapon.Natural.Melee.Slashing	DAMAGE:2d6	CRITRANGE:1	WIELD:OneHanded	SIZE:M	WT:0	COST:0	VISIBLE:EXPORT	BONUS:WEAPON|TOHIT|10	BONUS:WEAPON|DAMAGE|6	SOURCEPAGE:SRD 5.2.1, p.318
Rend	KEY:Creature ~ Adult Red Dragon ~ Rend	TYPE:Weapon.Natural.Melee.Slashing	DAMAGE:1d10	CRITRANGE:1	WIELD:OneHanded	SIZE:M	WT:0	COST:0	VISIBLE:EXPORT	BONUS:WEAPON|TOHIT|14	BONUS:WEAPON|DAMAGE|8	SOURCEPAGE:SRD 5.2.1, p.318
Rend	KEY:Creature ~ Ancient Red Dragon ~ Rend	TYPE:Weapon.Natural.Melee.Slashing	DAMAGE:2d8	CRITRANGE:1	WIELD:OneHanded	SIZE:M	WT:0	COST:0	VISIBLE:EXPORT	BONUS:WEAPON|TOHIT|17	BONUS:WEAPON|DAMAGE|10	SOURCEPAGE:SRD 5.2.1, p.319
Bite	KEY:Creature ~ Remorhaz ~ Bite	TYPE:Weapon.Natural.Melee.Piercing	DAMAGE:2d10	CRITRANGE:1	WIELD:OneHanded	SIZE:M	WT:0	COST:0	VISIBLE:EXPORT	BONUS:WEAPON|TOHIT|11	BONUS:WEAPON|DAMAGE|7	SOURCEPAGE:SRD 5.2.1, p.319
Beak	KEY:Creature ~ Roc ~ Beak	TYPE:Weapon.Natural.Melee.Piercing	DAMAGE:3d12	CRITRANGE:1	WIELD:OneHanded	SIZE:M	WT:0	COST:0	VISIBLE:EXPORT	BONUS:WEAPON|TOHIT|13	BONUS:WEAPON|DAMAGE|9	SOURCEPAGE:SRD 5.2.1, p.320
Talons	KEY:Creature ~ Roc ~ Talons	TYPE:Weapon.Natural.Melee.Slashing	DAMAGE:4d6	CRITRANGE:1	WIELD:OneHanded	SIZE:M	WT:0	COST:0	VISIBLE:EXPORT	BONUS:WEAPON|TOHIT|13	BONUS:WEAPON|DAMAGE|9	SOURCEPAGE:SRD 5.2.1, p.320
Bite	KEY:Creature ~ Roper ~ Bite	TYPE:Weapon.Natural.Melee.Piercing	DAMAGE:3d8	CRITRANGE:1	WIELD:OneHanded	SIZE:M	WT:0	COST:0	VISIBLE:EXPORT	BONUS:WEAPON|TOHIT|7	BONUS:WEAPON|DAMAGE|4	SOURCEPAGE:SRD 5.2.1, p.320
Bite	KEY:Creature ~ Rust Monster ~ Bite	TYPE:Weapon.Natural.Melee.Piercing	DAMAGE:1d8	CRITRANGE:1	WIELD:OneHanded	SIZE:M	WT:0	COST:0	VISIBLE:EXPORT	BONUS:WEAPON|TOHIT|3	BONUS:WEAPON|DAMAGE|1	SOURCEPAGE:SRD 5.2.1, p.320
Claw	KEY:Creature ~ Sahuagin Warrior ~ Claw	TYPE:Weapon.Natural.Melee.Slashing	DAMAGE:1d6	CRITRANGE:1	WIELD:OneHanded	SIZE:M	WT:0	COST:0	VISIBLE:EXPORT	BONUS:WEAPON|TOHIT|3	BONUS:WEAPON|DAMAGE|1	SOURCEPAGE:SRD 5.2.1, p.321
Flame Spear	KEY:Creature ~ Salamander ~ Flame Spear	TYPE:Weapon.Natural.Melee.Thrown.Ranged.Piercing	DAMAGE:2d8	CRITRANGE:1	WIELD:OneHanded	SIZE:M	WT:0	COST:0	VISIBLE:EXPORT	BONUS:WEAPON|TOHIT|7	BONUS:WEAPON|DAMAGE|4	RANGE:20	FACT:ShortRange|20	FACT:LongRange|60	SOURCEPAGE:SRD 5.2.1, p.321
Hooves	KEY:Creature ~ Satyr ~ Hooves	TYPE:Weapon.Natural.Melee.Bludgeoning	DAMAGE:1d4	CRITRANGE:1	WIELD:OneHanded	SIZE:M	WT:0	COST:0	VISIBLE:EXPORT	BONUS:WEAPON|TOHIT|5	BONUS:WEAPON|DAMAGE|3	SOURCEPAGE:SRD 5.2.1, p.321
Shortsword	KEY:Creature ~ Scout ~ Shortsword	TYPE:Weapon.Natural.Melee.Piercing	DAMAGE:1d6	CRITRANGE:1	WIELD:OneHanded	SIZE:M	WT:0	COST:0	VISIBLE:EXPORT	BONUS:WEAPON|TOHIT|4	BONUS:WEAPON|DAMAGE|2	SOURCEPAGE:SRD 5.2.1, p.322
Longbow	KEY:Creature ~ Scout ~ Longbow	TYPE:Weapon.Natural.Ranged.Piercing	DAMAGE:1d8	CRITRANGE:1	WIELD:OneHanded	SIZE:M	WT:0	COST:0	VISIBLE:EXPORT	BONUS:WEAPON|TOHIT|4	BONUS:WEAPON|DAMAGE|2	RANGE:150	FACT:ShortRange|150	FACT:LongRange|600	SOURCEPAGE:SRD 5.2.1, p.322
Claw	KEY:Creature ~ Sea Hag ~ Claw	TYPE:Weapon.Natural.Melee.Slashing	DAMAGE:2d6	CRITRANGE:1	WIELD:OneHanded	SIZE:M	WT:0	COST:0	VISIBLE:EXPORT	BONUS:WEAPON|TOHIT|5	BONUS:WEAPON|DAMAGE|3	SOURCEPAGE:SRD 5.2.1, p.322
Draining Swipe	KEY:Creature ~ Shadow ~ Draining Swipe	TYPE:Weapon.Natural.Melee.Necrotic	DAMAGE:1d6	CRITRANGE:1	WIELD:OneHanded	SIZE:M	WT:0	COST:0	VISIBLE:EXPORT	BONUS:WEAPON|TOHIT|4	BONUS:WEAPON|DAMAGE|2	SOURCEPAGE:SRD 5.2.1, p.322
Charged Tendril	KEY:Creature ~ Shambling Mound ~ Charged Tendril	TYPE:Weapon.Natural.Melee.Bludgeoning	DAMAGE:1d6	CRITRANGE:1	WIELD:OneHanded	SIZE:M	WT:0	COST:0	VISIBLE:EXPORT	BONUS:WEAPON|TOHIT|7	BONUS:WEAPON|DAMAGE|4	SOURCEPAGE:SRD 5.2.1, p.323
Fist	KEY:Creature ~ Shield Guardian ~ Fist	TYPE:Weapon.Natural.Melee.Bludgeoning	DAMAGE:2d6	CRITRANGE:1	WIELD:OneHanded	SIZE:M	WT:0	COST:0	VISIBLE:EXPORT	BONUS:WEAPON|TOHIT|7	BONUS:WEAPON|DAMAGE|4	SOURCEPAGE:SRD 5.2.1, p.323
Rend	KEY:Creature ~ Silver Dragon Wyrmling ~ Rend	TYPE:Weapon.Natural.Melee.Piercing	DAMAGE:1d10	CRITRANGE:1	WIELD:OneHanded	SIZE:M	WT:0	COST:0	VISIBLE:EXPORT	BONUS:WEAPON|TOHIT|6	BONUS:WEAPON|DAMAGE|4	SOURCEPAGE:SRD 5.2.1, p.324
Rend	KEY:Creature ~ Young Silver Dragon ~ Rend	TYPE:Weapon.Natural.Melee.Slashing	DAMAGE:2d8	CRITRANGE:1	WIELD:OneHanded	SIZE:M	WT:0	COST:0	VISIBLE:EXPORT	BONUS:WEAPON|TOHIT|10	BONUS:WEAPON|DAMAGE|6	SOURCEPAGE:SRD 5.2.1, p.324
Rend	KEY:Creature ~ Adult Silver Dragon ~ Rend	TYPE:Weapon.Natural.Melee.Slashing	DAMAGE:2d8	CRITRANGE:1	WIELD:OneHanded	SIZE:M	WT:0	COST:0	VISIBLE:EXPORT	BONUS:WEAPON|TOHIT|13	BONUS:WEAPON|DAMAGE|8	SOURCEPAGE:SRD 5.2.1, p.324
Rend	KEY:Creature ~ Ancient Silver Dragon ~ Rend	TYPE:Weapon.Natural.Melee.Slashing	DAMAGE:2d8	CRITRANGE:1	WIELD:OneHanded	SIZE:M	WT:0	COST:0	VISIBLE:EXPORT	BONUS:WEAPON|TOHIT|17	BONUS:WEAPON|DAMAGE|10	SOURCEPAGE:SRD 5.2.1, p.325
Shortsword	KEY:Creature ~ Skeleton ~ Shortsword	TYPE:Weapon.Natural.Melee.Piercing	DAMAGE:1d6	CRITRANGE:1	WIELD:OneHanded	SIZE:M	WT:0	COST:0	VISIBLE:EXPORT	BONUS:WEAPON|TOHIT|5	BONUS:WEAPON|DAMAGE|3	SOURCEPAGE:SRD 5.2.1, p.325
Shortbow	KEY:Creature ~ Skeleton ~ Shortbow	TYPE:Weapon.Natural.Ranged.Piercing	DAMAGE:1d6	CRITRANGE:1	WIELD:OneHanded	SIZE:M	WT:0	COST:0	VISIBLE:EXPORT	BONUS:WEAPON|TOHIT|5	BONUS:WEAPON|DAMAGE|3	RANGE:80	FACT:ShortRange|80	FACT:LongRange|320	SOURCEPAGE:SRD 5.2.1, p.325
Hooves	KEY:Creature ~ Warhorse Skeleton ~ Hooves	TYPE:Weapon.Natural.Melee.Bludgeoning	DAMAGE:1d6	CRITRANGE:1	WIELD:OneHanded	SIZE:M	WT:0	COST:0	VISIBLE:EXPORT	BONUS:WEAPON|TOHIT|6	BONUS:WEAPON|DAMAGE|4	SOURCEPAGE:SRD 5.2.1, p.326
Gore	KEY:Creature ~ Minotaur Skeleton ~ Gore	TYPE:Weapon.Natural.Melee.Piercing	DAMAGE:2d6	CRITRANGE:1	WIELD:OneHanded	SIZE:M	WT:0	COST:0	VISIBLE:EXPORT	BONUS:WEAPON|TOHIT|6	BONUS:WEAPON|DAMAGE|4	SOURCEPAGE:SRD 5.2.1, p.326
Slam	KEY:Creature ~ Minotaur Skeleton ~ Slam	TYPE:Weapon.Natural.Melee.Bludgeoning	DAMAGE:2d10	CRITRANGE:1	WIELD:OneHanded	SIZE:M	WT:0	COST:0	VISIBLE:EXPORT	BONUS:WEAPON|TOHIT|6	BONUS:WEAPON|DAMAGE|4	SOURCEPAGE:SRD 5.2.1, p.326
Flying Sword	KEY:Creature ~ Solar ~ Flying Sword	TYPE:Weapon.Natural.Melee.Slashing	DAMAGE:4d6	CRITRANGE:1	WIELD:OneHanded	SIZE:M	WT:0	COST:0	VISIBLE:EXPORT	BONUS:WEAPON|TOHIT|15	BONUS:WEAPON|DAMAGE|8	SOURCEPAGE:SRD 5.2.1, p.326
Life Drain	KEY:Creature ~ Specter ~ Life Drain	TYPE:Weapon.Natural.Melee.Necrotic	DAMAGE:2d6	CRITRANGE:1	WIELD:OneHanded	SIZE:M	WT:0	COST:0	VISIBLE:EXPORT	BONUS:WEAPON|TOHIT|4	SOURCEPAGE:SRD 5.2.1, p.327
Rend	KEY:Creature ~ Sphinx of Wonder ~ Rend	TYPE:Weapon.Natural.Melee.Slashing	DAMAGE:1d4	CRITRANGE:1	WIELD:OneHanded	SIZE:M	WT:0	COST:0	VISIBLE:EXPORT	BONUS:WEAPON|TOHIT|5	BONUS:WEAPON|DAMAGE|3	SOURCEPAGE:SRD 5.2.1, p.327
Claw	KEY:Creature ~ Sphinx of Lore ~ Claw	TYPE:Weapon.Natural.Melee.Slashing	DAMAGE:3d6	CRITRANGE:1	WIELD:OneHanded	SIZE:M	WT:0	COST:0	VISIBLE:EXPORT	BONUS:WEAPON|TOHIT|8	BONUS:WEAPON|DAMAGE|4	SOURCEPAGE:SRD 5.2.1, p.327
Claw	KEY:Creature ~ Sphinx of Valor ~ Claw	TYPE:Weapon.Natural.Melee.Slashing	DAMAGE:4d6	CRITRANGE:1	WIELD:OneHanded	SIZE:M	WT:0	COST:0	VISIBLE:EXPORT	BONUS:WEAPON|TOHIT|12	BONUS:WEAPON|DAMAGE|6	SOURCEPAGE:SRD 5.2.1, p.328
Bite	KEY:Creature ~ Spirit Naga ~ Bite	TYPE:Weapon.Natural.Melee.Piercing	DAMAGE:1d6	CRITRANGE:1	WIELD:OneHanded	SIZE:M	WT:0	COST:0	VISIBLE:EXPORT	BONUS:WEAPON|TOHIT|7	BONUS:WEAPON|DAMAGE|4	SOURCEPAGE:SRD 5.2.1, p.329
Necrotic Ray	KEY:Creature ~ Spirit Naga ~ Necrotic Ray	TYPE:Weapon.Natural.Ranged.Necrotic	DAMAGE:6d6	CRITRANGE:1	WIELD:OneHanded	SIZE:M	WT:0	COST:0	VISIBLE:EXPORT	BONUS:WEAPON|TOHIT|6	SOURCEPAGE:SRD 5.2.1, p.329
Needle Sword	KEY:Creature ~ Sprite ~ Needle Sword	TYPE:Weapon.Natural.Melee.Piercing	DAMAGE:1d4	CRITRANGE:1	WIELD:OneHanded	SIZE:M	WT:0	COST:0	VISIBLE:EXPORT	BONUS:WEAPON|TOHIT|6	BONUS:WEAPON|DAMAGE|4	SOURCEPAGE:SRD 5.2.1, p.329
Shortsword	KEY:Creature ~ Spy ~ Shortsword	TYPE:Weapon.Natural.Melee.Piercing	DAMAGE:1d6	CRITRANGE:1	WIELD:OneHanded	SIZE:M	WT:0	COST:0	VISIBLE:EXPORT	BONUS:WEAPON|TOHIT|4	BONUS:WEAPON|DAMAGE|2	SOURCEPAGE:SRD 5.2.1, p.329
Hand Crossbow	KEY:Creature ~ Spy ~ Hand Crossbow	TYPE:Weapon.Natural.Ranged.Piercing	DAMAGE:1d6	CRITRANGE:1	WIELD:OneHanded	SIZE:M	WT:0	COST:0	VISIBLE:EXPORT	BONUS:WEAPON|TOHIT|4	BONUS:WEAPON|DAMAGE|2	RANGE:30	FACT:ShortRange|30	FACT:LongRange|120	SOURCEPAGE:SRD 5.2.1, p.329
Proboscis	KEY:Creature ~ Stirge ~ Proboscis	TYPE:Weapon.Natural.Melee.Piercing	DAMAGE:1d6	CRITRANGE:1	WIELD:OneHanded	SIZE:M	WT:0	COST:0	VISIBLE:EXPORT	BONUS:WEAPON|TOHIT|5	BONUS:WEAPON|DAMAGE|3	SOURCEPAGE:SRD 5.2.1, p.329
Stone Club	KEY:Creature ~ Stone Giant ~ Stone Club	TYPE:Weapon.Natural.Melee.Bludgeoning	DAMAGE:3d10	CRITRANGE:1	WIELD:OneHanded	SIZE:M	WT:0	COST:0	VISIBLE:EXPORT	BONUS:WEAPON|TOHIT|9	BONUS:WEAPON|DAMAGE|6	SOURCEPAGE:SRD 5.2.1, p.330
Boulder	KEY:Creature ~ Stone Giant ~ Boulder	TYPE:Weapon.Natural.Ranged.Bludgeoning	DAMAGE:2d8	CRITRANGE:1	WIELD:OneHanded	SIZE:M	WT:0	COST:0	VISIBLE:EXPORT	BONUS:WEAPON|TOHIT|9	BONUS:WEAPON|DAMAGE|6	RANGE:60	FACT:ShortRange|60	FACT:LongRange|240	SOURCEPAGE:SRD 5.2.1, p.330
Slam	KEY:Creature ~ Stone Golem ~ Slam	TYPE:Weapon.Natural.Melee.Bludgeoning	DAMAGE:2d8	CRITRANGE:1	WIELD:OneHanded	SIZE:M	WT:0	COST:0	VISIBLE:EXPORT	BONUS:WEAPON|TOHIT|10	BONUS:WEAPON|DAMAGE|6	SOURCEPAGE:SRD 5.2.1, p.330
Force Bolt	KEY:Creature ~ Stone Golem ~ Force Bolt	TYPE:Weapon.Natural.Ranged.Force	DAMAGE:4d10	CRITRANGE:1	WIELD:OneHanded	SIZE:M	WT:0	COST:0	VISIBLE:EXPORT	BONUS:WEAPON|TOHIT|9	SOURCEPAGE:SRD 5.2.1, p.330
Storm Sword	KEY:Creature ~ Storm Giant ~ Storm Sword	TYPE:Weapon.Natural.Melee.Slashing	DAMAGE:4d6	CRITRANGE:1	WIELD:OneHanded	SIZE:M	WT:0	COST:0	VISIBLE:EXPORT	BONUS:WEAPON|TOHIT|14	BONUS:WEAPON|DAMAGE|9	SOURCEPAGE:SRD 5.2.1, p.330
Thunderbolt	KEY:Creature ~ Storm Giant ~ Thunderbolt	TYPE:Weapon.Natural.Ranged.Lightning	DAMAGE:2d12	CRITRANGE:1	WIELD:OneHanded	SIZE:M	WT:0	COST:0	VISIBLE:EXPORT	BONUS:WEAPON|TOHIT|14	BONUS:WEAPON|DAMAGE|9	SOURCEPAGE:SRD 5.2.1, p.330
Fiendish Touch	KEY:Creature ~ Succubus ~ Fiendish Touch	TYPE:Weapon.Natural.Melee.Psychic	DAMAGE:2d10	CRITRANGE:1	WIELD:OneHanded	SIZE:M	WT:0	COST:0	VISIBLE:EXPORT	BONUS:WEAPON|TOHIT|7	BONUS:WEAPON|DAMAGE|5	SOURCEPAGE:SRD 5.2.1, p.331
Bite	KEY:Creature ~ Tarrasque ~ Bite	TYPE:Weapon.Natural.Melee.Piercing	DAMAGE:4d12	CRITRANGE:1	WIELD:OneHanded	SIZE:M	WT:0	COST:0	VISIBLE:EXPORT	BONUS:WEAPON|TOHIT|19	BONUS:WEAPON|DAMAGE|10	SOURCEPAGE:SRD 5.2.1, p.331
Claw	KEY:Creature ~ Tarrasque ~ Claw	TYPE:Weapon.Natural.Melee.Slashing	DAMAGE:4d8	CRITRANGE:1	WIELD:OneHanded	SIZE:M	WT:0	COST:0	VISIBLE:EXPORT	BONUS:WEAPON|TOHIT|19	BONUS:WEAPON|DAMAGE|10	SOURCEPAGE:SRD 5.2.1, p.331
Tail	KEY:Creature ~ Tarrasque ~ Tail	TYPE:Weapon.Natural.Melee.Bludgeoning	DAMAGE:3d8	CRITRANGE:1	WIELD:OneHanded	SIZE:M	WT:0	COST:0	VISIBLE:EXPORT	BONUS:WEAPON|TOHIT|19	BONUS:WEAPON|DAMAGE|10	SOURCEPAGE:SRD 5.2.1, p.331
Mace	KEY:Creature ~ Tough ~ Mace	TYPE:Weapon.Natural.Melee.Bludgeoning	DAMAGE:1d6	CRITRANGE:1	WIELD:OneHanded	SIZE:M	WT:0	COST:0	VISIBLE:EXPORT	BONUS:WEAPON|TOHIT|4	BONUS:WEAPON|DAMAGE|2	SOURCEPAGE:SRD 5.2.1, p.332
Heavy Crossbow	KEY:Creature ~ Tough ~ Heavy Crossbow	TYPE:Weapon.Natural.Ranged.Piercing	DAMAGE:1d10	CRITRANGE:1	WIELD:OneHanded	SIZE:M	WT:0	COST:0	VISIBLE:EXPORT	BONUS:WEAPON|TOHIT|3	BONUS:WEAPON|DAMAGE|1	RANGE:100	FACT:ShortRange|100	FACT:LongRange|400	SOURCEPAGE:SRD 5.2.1, p.332
Warhammer	KEY:Creature ~ Tough Boss ~ Warhammer	TYPE:Weapon.Natural.Melee.Bludgeoning	DAMAGE:2d8	CRITRANGE:1	WIELD:OneHanded	SIZE:M	WT:0	COST:0	VISIBLE:EXPORT	BONUS:WEAPON|TOHIT|5	BONUS:WEAPON|DAMAGE|3	SOURCEPAGE:SRD 5.2.1, p.332
Heavy Crossbow	KEY:Creature ~ Tough Boss ~ Heavy Crossbow	TYPE:Weapon.Natural.Ranged.Piercing	DAMAGE:2d10	CRITRANGE:1	WIELD:OneHanded	SIZE:M	WT:0	COST:0	VISIBLE:EXPORT	BONUS:WEAPON|TOHIT|4	BONUS:WEAPON|DAMAGE|2	RANGE:100	FACT:ShortRange|100	FACT:LongRange|400	SOURCEPAGE:SRD 5.2.1, p.332
Slam	KEY:Creature ~ Treant ~ Slam	TYPE:Weapon.Natural.Melee.Bludgeoning	DAMAGE:3d6	CRITRANGE:1	WIELD:OneHanded	SIZE:M	WT:0	COST:0	VISIBLE:EXPORT	BONUS:WEAPON|TOHIT|10	BONUS:WEAPON|DAMAGE|6	SOURCEPAGE:SRD 5.2.1, p.333
Hail of Bark	KEY:Creature ~ Treant ~ Hail of Bark	TYPE:Weapon.Natural.Ranged.Piercing	DAMAGE:4d10	CRITRANGE:1	WIELD:OneHanded	SIZE:M	WT:0	COST:0	VISIBLE:EXPORT	BONUS:WEAPON|TOHIT|10	BONUS:WEAPON|DAMAGE|6	SOURCEPAGE:SRD 5.2.1, p.333
Rend	KEY:Creature ~ Troll ~ Rend	TYPE:Weapon.Natural.Melee.Slashing	DAMAGE:2d6	CRITRANGE:1	WIELD:OneHanded	SIZE:M	WT:0	COST:0	VISIBLE:EXPORT	BONUS:WEAPON|TOHIT|7	BONUS:WEAPON|DAMAGE|4	SOURCEPAGE:SRD 5.2.1, p.333
Rend	KEY:Creature ~ Troll Limb ~ Rend	TYPE:Weapon.Natural.Melee.Slashing	DAMAGE:2d4	CRITRANGE:1	WIELD:OneHanded	SIZE:M	WT:0	COST:0	VISIBLE:EXPORT	BONUS:WEAPON|TOHIT|6	BONUS:WEAPON|DAMAGE|4	SOURCEPAGE:SRD 5.2.1, p.333
Hooves	KEY:Creature ~ Unicorn ~ Hooves	TYPE:Weapon.Natural.Melee.Bludgeoning	DAMAGE:2d6	CRITRANGE:1	WIELD:OneHanded	SIZE:M	WT:0	COST:0	VISIBLE:EXPORT	BONUS:WEAPON|TOHIT|7	BONUS:WEAPON|DAMAGE|4	SOURCEPAGE:SRD 5.2.1, p.334
Radiant Horn	KEY:Creature ~ Unicorn ~ Radiant Horn	TYPE:Weapon.Natural.Melee.Radiant	DAMAGE:1d10	CRITRANGE:1	WIELD:OneHanded	SIZE:M	WT:0	COST:0	VISIBLE:EXPORT	BONUS:WEAPON|TOHIT|7	BONUS:WEAPON|DAMAGE|4	SOURCEPAGE:SRD 5.2.1, p.334
Umbral Dagger	KEY:Creature ~ Vampire Familiar ~ Umbral Dagger	TYPE:Weapon.Natural.Melee.Thrown.Ranged.Piercing	DAMAGE:1d4	CRITRANGE:1	WIELD:OneHanded	SIZE:M	WT:0	COST:0	VISIBLE:EXPORT	BONUS:WEAPON|TOHIT|5	BONUS:WEAPON|DAMAGE|3	RANGE:20	FACT:ShortRange|20	FACT:LongRange|60	SOURCEPAGE:SRD 5.2.1, p.334
Claw	KEY:Creature ~ Vampire Spawn ~ Claw	TYPE:Weapon.Natural.Melee.Slashing	DAMAGE:2d4	CRITRANGE:1	WIELD:OneHanded	SIZE:M	WT:0	COST:0	VISIBLE:EXPORT	BONUS:WEAPON|TOHIT|6	BONUS:WEAPON|DAMAGE|3	SOURCEPAGE:SRD 5.2.1, p.334
Grave Strike (Vampire Form Only)	KEY:Creature ~ Vampire ~ Grave Strike (Vampire Form Only)	TYPE:Weapon.Natural.Melee.Bludgeoning	DAMAGE:1d8	CRITRANGE:1	WIELD:OneHanded	SIZE:M	WT:0	COST:0	VISIBLE:EXPORT	BONUS:WEAPON|TOHIT|9	BONUS:WEAPON|DAMAGE|4	SOURCEPAGE:SRD 5.2.1, p.335
Shred	KEY:Creature ~ Vrock ~ Shred	TYPE:Weapon.Natural.Melee.Piercing	DAMAGE:2d6	CRITRANGE:1	WIELD:OneHanded	SIZE:M	WT:0	COST:0	VISIBLE:EXPORT	BONUS:WEAPON|TOHIT|6	BONUS:WEAPON|DAMAGE|3	SOURCEPAGE:SRD 5.2.1, p.336
Spear	KEY:Creature ~ Warrior Infantry ~ Spear	TYPE:Weapon.Natural.Melee.Thrown.Ranged.Piercing	DAMAGE:1d6	CRITRANGE:1	WIELD:OneHanded	SIZE:M	WT:0	COST:0	VISIBLE:EXPORT	BONUS:WEAPON|TOHIT|3	BONUS:WEAPON|DAMAGE|1	RANGE:20	FACT:ShortRange|20	FACT:LongRange|60	SOURCEPAGE:SRD 5.2.1, p.336
Greatsword	KEY:Creature ~ Warrior Veteran ~ Greatsword	TYPE:Weapon.Natural.Melee.Slashing	DAMAGE:2d6	CRITRANGE:1	WIELD:OneHanded	SIZE:M	WT:0	COST:0	VISIBLE:EXPORT	BONUS:WEAPON|TOHIT|5	BONUS:WEAPON|DAMAGE|3	SOURCEPAGE:SRD 5.2.1, p.337
Heavy Crossbow	KEY:Creature ~ Warrior Veteran ~ Heavy Crossbow	TYPE:Weapon.Natural.Ranged.Piercing	DAMAGE:2d10	CRITRANGE:1	WIELD:OneHanded	SIZE:M	WT:0	COST:0	VISIBLE:EXPORT	BONUS:WEAPON|TOHIT|3	BONUS:WEAPON|DAMAGE|1	RANGE:100	FACT:ShortRange|100	FACT:LongRange|400	SOURCEPAGE:SRD 5.2.1, p.337
Slam	KEY:Creature ~ Water Elemental ~ Slam	TYPE:Weapon.Natural.Melee.Bludgeoning	DAMAGE:2d8	CRITRANGE:1	WIELD:OneHanded	SIZE:M	WT:0	COST:0	VISIBLE:EXPORT	BONUS:WEAPON|TOHIT|7	BONUS:WEAPON|DAMAGE|4	SOURCEPAGE:SRD 5.2.1, p.337
Bite (Bear or Hybrid Form Only)	KEY:Creature ~ Werebear ~ Bite (Bear or Hybrid Form Only)	TYPE:Weapon.Natural.Melee.Piercing	DAMAGE:2d12	CRITRANGE:1	WIELD:OneHanded	SIZE:M	WT:0	COST:0	VISIBLE:EXPORT	BONUS:WEAPON|TOHIT|7	BONUS:WEAPON|DAMAGE|4	SOURCEPAGE:SRD 5.2.1, p.337
Handaxe (Humanoid or Hybrid Form Only)	KEY:Creature ~ Werebear ~ Handaxe (Humanoid or Hybrid Form Only)	TYPE:Weapon.Natural.Melee.Thrown.Ranged.Slashing	DAMAGE:3d6	CRITRANGE:1	WIELD:OneHanded	SIZE:M	WT:0	COST:0	VISIBLE:EXPORT	BONUS:WEAPON|TOHIT|7	BONUS:WEAPON|DAMAGE|4	RANGE:20	FACT:ShortRange|20	FACT:LongRange|60	SOURCEPAGE:SRD 5.2.1, p.337
Rend (Bear or Hybrid Form Only)	KEY:Creature ~ Werebear ~ Rend (Bear or Hybrid Form Only)	TYPE:Weapon.Natural.Melee.Slashing	DAMAGE:2d8	CRITRANGE:1	WIELD:OneHanded	SIZE:M	WT:0	COST:0	VISIBLE:EXPORT	BONUS:WEAPON|TOHIT|7	BONUS:WEAPON|DAMAGE|4	SOURCEPAGE:SRD 5.2.1, p.337
Gore (Boar or Hybrid Form Only)	KEY:Creature ~ Wereboar ~ Gore (Boar or Hybrid Form Only)	TYPE:Weapon.Natural.Melee.Piercing	DAMAGE:2d8	CRITRANGE:1	WIELD:OneHanded	SIZE:M	WT:0	COST:0	VISIBLE:EXPORT	BONUS:WEAPON|TOHIT|5	BONUS:WEAPON|DAMAGE|3	SOURCEPAGE:SRD 5.2.1, p.338
Javelin (Humanoid or Hybrid Form Only)	KEY:Creature ~ Wereboar ~ Javelin (Humanoid or Hybrid Form Only)	TYPE:Weapon.Natural.Melee.Thrown.Ranged.Piercing	DAMAGE:3d6	CRITRANGE:1	WIELD:OneHanded	SIZE:M	WT:0	COST:0	VISIBLE:EXPORT	BONUS:WEAPON|TOHIT|5	BONUS:WEAPON|DAMAGE|3	RANGE:30	FACT:ShortRange|30	FACT:LongRange|120	SOURCEPAGE:SRD 5.2.1, p.338
Tusk (Boar or Hybrid Form Only)	KEY:Creature ~ Wereboar ~ Tusk (Boar or Hybrid Form Only)	TYPE:Weapon.Natural.Melee.Piercing	DAMAGE:2d6	CRITRANGE:1	WIELD:OneHanded	SIZE:M	WT:0	COST:0	VISIBLE:EXPORT	BONUS:WEAPON|TOHIT|5	BONUS:WEAPON|DAMAGE|3	SOURCEPAGE:SRD 5.2.1, p.338
Bite (Rat or Hybrid Form Only)	KEY:Creature ~ Wererat ~ Bite (Rat or Hybrid Form Only)	TYPE:Weapon.Natural.Melee.Piercing	DAMAGE:2d4	CRITRANGE:1	WIELD:OneHanded	SIZE:M	WT:0	COST:0	VISIBLE:EXPORT	BONUS:WEAPON|TOHIT|5	BONUS:WEAPON|DAMAGE|3	SOURCEPAGE:SRD 5.2.1, p.338
Scratch	KEY:Creature ~ Wererat ~ Scratch	TYPE:Weapon.Natural.Melee.Thrown.Ranged.Slashing	DAMAGE:1d6	CRITRANGE:1	WIELD:OneHanded	SIZE:M	WT:0	COST:0	VISIBLE:EXPORT	BONUS:WEAPON|TOHIT|5	BONUS:WEAPON|DAMAGE|3	RANGE:30	FACT:ShortRange|30	FACT:LongRange|120	SOURCEPAGE:SRD 5.2.1, p.338
Bite (Tiger or Hybrid Form Only)	KEY:Creature ~ Weretiger ~ Bite (Tiger or Hybrid Form Only)	TYPE:Weapon.Natural.Melee.Piercing	DAMAGE:2d8	CRITRANGE:1	WIELD:OneHanded	SIZE:M	WT:0	COST:0	VISIBLE:EXPORT	BONUS:WEAPON|TOHIT|5	BONUS:WEAPON|DAMAGE|3	SOURCEPAGE:SRD 5.2.1, p.339
Scratch	KEY:Creature ~ Weretiger ~ Scratch	TYPE:Weapon.Natural.Melee.Slashing	DAMAGE:2d6	CRITRANGE:1	WIELD:OneHanded	SIZE:M	WT:0	COST:0	VISIBLE:EXPORT	BONUS:WEAPON|TOHIT|5	BONUS:WEAPON|DAMAGE|3	SOURCEPAGE:SRD 5.2.1, p.339
Longbow (Humanoid or Hybrid Form Only)	KEY:Creature ~ Weretiger ~ Longbow (Humanoid or Hybrid Form Only)	TYPE:Weapon.Natural.Ranged.Piercing	DAMAGE:2d8	CRITRANGE:1	WIELD:OneHanded	SIZE:M	WT:0	COST:0	VISIBLE:EXPORT	BONUS:WEAPON|TOHIT|4	BONUS:WEAPON|DAMAGE|2	RANGE:150	FACT:ShortRange|150	FACT:LongRange|600	SOURCEPAGE:SRD 5.2.1, p.339
Bite (Wolf or Hybrid Form Only)	KEY:Creature ~ Werewolf ~ Bite (Wolf or Hybrid Form Only)	TYPE:Weapon.Natural.Melee.Piercing	DAMAGE:2d8	CRITRANGE:1	WIELD:OneHanded	SIZE:M	WT:0	COST:0	VISIBLE:EXPORT	BONUS:WEAPON|TOHIT|5	BONUS:WEAPON|DAMAGE|3	SOURCEPAGE:SRD 5.2.1, p.339
Scratch	KEY:Creature ~ Werewolf ~ Scratch	TYPE:Weapon.Natural.Melee.Slashing	DAMAGE:2d6	CRITRANGE:1	WIELD:OneHanded	SIZE:M	WT:0	COST:0	VISIBLE:EXPORT	BONUS:WEAPON|TOHIT|5	BONUS:WEAPON|DAMAGE|3	SOURCEPAGE:SRD 5.2.1, p.339
Longbow (Humanoid or Hybrid Form Only)	KEY:Creature ~ Werewolf ~ Longbow (Humanoid or Hybrid Form Only)	TYPE:Weapon.Natural.Ranged.Piercing	DAMAGE:2d8	CRITRANGE:1	WIELD:OneHanded	SIZE:M	WT:0	COST:0	VISIBLE:EXPORT	BONUS:WEAPON|TOHIT|4	BONUS:WEAPON|DAMAGE|2	RANGE:150	FACT:ShortRange|150	FACT:LongRange|600	SOURCEPAGE:SRD 5.2.1, p.339
Rend	KEY:Creature ~ White Dragon Wyrmling ~ Rend	TYPE:Weapon.Natural.Melee.Slashing	DAMAGE:1d8	CRITRANGE:1	WIELD:OneHanded	SIZE:M	WT:0	COST:0	VISIBLE:EXPORT	BONUS:WEAPON|TOHIT|4	BONUS:WEAPON|DAMAGE|2	SOURCEPAGE:SRD 5.2.1, p.339
Rend	KEY:Creature ~ Young White Dragon ~ Rend	TYPE:Weapon.Natural.Melee.Slashing	DAMAGE:2d4	CRITRANGE:1	WIELD:OneHanded	SIZE:M	WT:0	COST:0	VISIBLE:EXPORT	BONUS:WEAPON|TOHIT|7	BONUS:WEAPON|DAMAGE|4	SOURCEPAGE:SRD 5.2.1, p.340
Rend	KEY:Creature ~ Adult White Dragon ~ Rend	TYPE:Weapon.Natural.Melee.Slashing	DAMAGE:2d6	CRITRANGE:1	WIELD:OneHanded	SIZE:M	WT:0	COST:0	VISIBLE:EXPORT	BONUS:WEAPON|TOHIT|11	BONUS:WEAPON|DAMAGE|6	SOURCEPAGE:SRD 5.2.1, p.340
Rend	KEY:Creature ~ Ancient White Dragon ~ Rend	TYPE:Weapon.Natural.Melee.Slashing	DAMAGE:2d8	CRITRANGE:1	WIELD:OneHanded	SIZE:M	WT:0	COST:0	VISIBLE:EXPORT	BONUS:WEAPON|TOHIT|14	BONUS:WEAPON|DAMAGE|8	SOURCEPAGE:SRD 5.2.1, p.341
Necrotic Sword	KEY:Creature ~ Wight ~ Necrotic Sword	TYPE:Weapon.Natural.Melee.Slashing	DAMAGE:1d8	CRITRANGE:1	WIELD:OneHanded	SIZE:M	WT:0	COST:0	VISIBLE:EXPORT	BONUS:WEAPON|TOHIT|4	BONUS:WEAPON|DAMAGE|2	SOURCEPAGE:SRD 5.2.1, p.341
Necrotic Bow	KEY:Creature ~ Wight ~ Necrotic Bow	TYPE:Weapon.Natural.Ranged.Piercing	DAMAGE:1d8	CRITRANGE:1	WIELD:OneHanded	SIZE:M	WT:0	COST:0	VISIBLE:EXPORT	BONUS:WEAPON|TOHIT|4	BONUS:WEAPON|DAMAGE|2	RANGE:150	FACT:ShortRange|150	FACT:LongRange|600	SOURCEPAGE:SRD 5.2.1, p.341
Shock	KEY:Creature ~ Will-o’-Wisp ~ Shock	TYPE:Weapon.Natural.Melee.Lightning	DAMAGE:2d8	CRITRANGE:1	WIELD:OneHanded	SIZE:M	WT:0	COST:0	VISIBLE:EXPORT	BONUS:WEAPON|TOHIT|4	BONUS:WEAPON|DAMAGE|2	SOURCEPAGE:SRD 5.2.1, p.341
Bite	KEY:Creature ~ Winter Wolf ~ Bite	TYPE:Weapon.Natural.Melee.Piercing	DAMAGE:2d6	CRITRANGE:1	WIELD:OneHanded	SIZE:M	WT:0	COST:0	VISIBLE:EXPORT	BONUS:WEAPON|TOHIT|6	BONUS:WEAPON|DAMAGE|4	SOURCEPAGE:SRD 5.2.1, p.342
Bite	KEY:Creature ~ Worg ~ Bite	TYPE:Weapon.Natural.Melee.Piercing	DAMAGE:1d8	CRITRANGE:1	WIELD:OneHanded	SIZE:M	WT:0	COST:0	VISIBLE:EXPORT	BONUS:WEAPON|TOHIT|5	BONUS:WEAPON|DAMAGE|3	SOURCEPAGE:SRD 5.2.1, p.342
Life Drain	KEY:Creature ~ Wraith ~ Life Drain	TYPE:Weapon.Natural.Melee.Necrotic	DAMAGE:4d8	CRITRANGE:1	WIELD:OneHanded	SIZE:M	WT:0	COST:0	VISIBLE:EXPORT	BONUS:WEAPON|TOHIT|6	BONUS:WEAPON|DAMAGE|3	SOURCEPAGE:SRD 5.2.1, p.342
Bite	KEY:Creature ~ Wyvern ~ Bite	TYPE:Weapon.Natural.Melee.Piercing	DAMAGE:2d8	CRITRANGE:1	WIELD:OneHanded	SIZE:M	WT:0	COST:0	VISIBLE:EXPORT	BONUS:WEAPON|TOHIT|7	BONUS:WEAPON|DAMAGE|4	SOURCEPAGE:SRD 5.2.1, p.343
Sting	KEY:Creature ~ Wyvern ~ Sting	TYPE:Weapon.Natural.Melee.Piercing	DAMAGE:2d6	CRITRANGE:1	WIELD:OneHanded	SIZE:M	WT:0	COST:0	VISIBLE:EXPORT	BONUS:WEAPON|TOHIT|7	BONUS:WEAPON|DAMAGE|4	SOURCEPAGE:SRD 5.2.1, p.343
Bite	KEY:Creature ~ Xorn ~ Bite	TYPE:Weapon.Natural.Melee.Piercing	DAMAGE:4d6	CRITRANGE:1	WIELD:OneHanded	SIZE:M	WT:0	COST:0	VISIBLE:EXPORT	BONUS:WEAPON|TOHIT|6	BONUS:WEAPON|DAMAGE|3	SOURCEPAGE:SRD 5.2.1, p.343
Claw	KEY:Creature ~ Xorn ~ Claw	TYPE:Weapon.Natural.Melee.Slashing	DAMAGE:1d10	CRITRANGE:1	WIELD:OneHanded	SIZE:M	WT:0	COST:0	VISIBLE:EXPORT	BONUS:WEAPON|TOHIT|6	BONUS:WEAPON|DAMAGE|3	SOURCEPAGE:SRD 5.2.1, p.343
Slam	KEY:Creature ~ Zombie ~ Slam	TYPE:Weapon.Natural.Melee.Bludgeoning	DAMAGE:1d8	CRITRANGE:1	WIELD:OneHanded	SIZE:M	WT:0	COST:0	VISIBLE:EXPORT	BONUS:WEAPON|TOHIT|3	BONUS:WEAPON|DAMAGE|1	SOURCEPAGE:SRD 5.2.1, p.343
Slam	KEY:Creature ~ Ogre Zombie ~ Slam	TYPE:Weapon.Natural.Melee.Bludgeoning	DAMAGE:2d8	CRITRANGE:1	WIELD:OneHanded	SIZE:M	WT:0	COST:0	VISIBLE:EXPORT	BONUS:WEAPON|TOHIT|6	BONUS:WEAPON|DAMAGE|4	SOURCEPAGE:SRD 5.2.1, p.344
Bite	KEY:Creature ~ Allosaurus ~ Bite	TYPE:Weapon.Natural.Melee.Piercing	DAMAGE:2d10	CRITRANGE:1	WIELD:OneHanded	SIZE:M	WT:0	COST:0	VISIBLE:EXPORT	BONUS:WEAPON|TOHIT|6	BONUS:WEAPON|DAMAGE|4	SOURCEPAGE:SRD 5.2.1, p.344
Claws	KEY:Creature ~ Allosaurus ~ Claws	TYPE:Weapon.Natural.Melee.Slashing	DAMAGE:1d8	CRITRANGE:1	WIELD:OneHanded	SIZE:M	WT:0	COST:0	VISIBLE:EXPORT	BONUS:WEAPON|TOHIT|6	BONUS:WEAPON|DAMAGE|4	SOURCEPAGE:SRD 5.2.1, p.344
Tail	KEY:Creature ~ Ankylosaurus ~ Tail	TYPE:Weapon.Natural.Melee.Bludgeoning	DAMAGE:1d10	CRITRANGE:1	WIELD:OneHanded	SIZE:M	WT:0	COST:0	VISIBLE:EXPORT	BONUS:WEAPON|TOHIT|6	BONUS:WEAPON|DAMAGE|4	SOURCEPAGE:SRD 5.2.1, p.344
Fist	KEY:Creature ~ Ape ~ Fist	TYPE:Weapon.Natural.Melee.Bludgeoning	DAMAGE:1d4	CRITRANGE:1	WIELD:OneHanded	SIZE:M	WT:0	COST:0	VISIBLE:EXPORT	BONUS:WEAPON|TOHIT|5	BONUS:WEAPON|DAMAGE|3	SOURCEPAGE:SRD 5.2.1, p.344
Rock (Recharge 6)	KEY:Creature ~ Ape ~ Rock (Recharge 6)	TYPE:Weapon.Natural.Ranged.Bludgeoning	DAMAGE:2d6	CRITRANGE:1	WIELD:OneHanded	SIZE:M	WT:0	COST:0	VISIBLE:EXPORT	BONUS:WEAPON|TOHIT|5	BONUS:WEAPON|DAMAGE|3	RANGE:25	FACT:ShortRange|25	FACT:LongRange|50	SOURCEPAGE:SRD 5.2.1, p.344
Bite	KEY:Creature ~ Archelon ~ Bite	TYPE:Weapon.Natural.Melee.Piercing	DAMAGE:3d6	CRITRANGE:1	WIELD:OneHanded	SIZE:M	WT:0	COST:0	VISIBLE:EXPORT	BONUS:WEAPON|TOHIT|6	BONUS:WEAPON|DAMAGE|4	SOURCEPAGE:SRD 5.2.1, p.344
Rend	KEY:Creature ~ Black Bear ~ Rend	TYPE:Weapon.Natural.Melee.Slashing	DAMAGE:1d6	CRITRANGE:1	WIELD:OneHanded	SIZE:M	WT:0	COST:0	VISIBLE:EXPORT	BONUS:WEAPON|TOHIT|4	BONUS:WEAPON|DAMAGE|2	SOURCEPAGE:SRD 5.2.1, p.345
Beak	KEY:Creature ~ Blood Hawk ~ Beak	TYPE:Weapon.Natural.Melee.Piercing	DAMAGE:1d4	CRITRANGE:1	WIELD:OneHanded	SIZE:M	WT:0	COST:0	VISIBLE:EXPORT	BONUS:WEAPON|TOHIT|4	BONUS:WEAPON|DAMAGE|2	SOURCEPAGE:SRD 5.2.1, p.345
Gore	KEY:Creature ~ Boar ~ Gore	TYPE:Weapon.Natural.Melee.Piercing	DAMAGE:1d6	CRITRANGE:1	WIELD:OneHanded	SIZE:M	WT:0	COST:0	VISIBLE:EXPORT	BONUS:WEAPON|TOHIT|3	BONUS:WEAPON|DAMAGE|1	SOURCEPAGE:SRD 5.2.1, p.346
Bite	KEY:Creature ~ Brown Bear ~ Bite	TYPE:Weapon.Natural.Melee.Piercing	DAMAGE:1d8	CRITRANGE:1	WIELD:OneHanded	SIZE:M	WT:0	COST:0	VISIBLE:EXPORT	BONUS:WEAPON|TOHIT|5	BONUS:WEAPON|DAMAGE|3	SOURCEPAGE:SRD 5.2.1, p.346
Claw	KEY:Creature ~ Brown Bear ~ Claw	TYPE:Weapon.Natural.Melee.Slashing	DAMAGE:1d4	CRITRANGE:1	WIELD:OneHanded	SIZE:M	WT:0	COST:0	VISIBLE:EXPORT	BONUS:WEAPON|TOHIT|5	BONUS:WEAPON|DAMAGE|3	SOURCEPAGE:SRD 5.2.1, p.346
Bite	KEY:Creature ~ Camel ~ Bite	TYPE:Weapon.Natural.Melee.Bludgeoning	DAMAGE:1d4	CRITRANGE:1	WIELD:OneHanded	SIZE:M	WT:0	COST:0	VISIBLE:EXPORT	BONUS:WEAPON|TOHIT|4	BONUS:WEAPON|DAMAGE|2	SOURCEPAGE:SRD 5.2.1, p.346
Bite	KEY:Creature ~ Constrictor Snake ~ Bite	TYPE:Weapon.Natural.Melee.Piercing	DAMAGE:1d8	CRITRANGE:1	WIELD:OneHanded	SIZE:M	WT:0	COST:0	VISIBLE:EXPORT	BONUS:WEAPON|TOHIT|4	BONUS:WEAPON|DAMAGE|2	SOURCEPAGE:SRD 5.2.1, p.346
Bite	KEY:Creature ~ Crocodile ~ Bite	TYPE:Weapon.Natural.Melee.Piercing	DAMAGE:1d8	CRITRANGE:1	WIELD:OneHanded	SIZE:M	WT:0	COST:0	VISIBLE:EXPORT	BONUS:WEAPON|TOHIT|4	BONUS:WEAPON|DAMAGE|2	SOURCEPAGE:SRD 5.2.1, p.347
Ram	KEY:Creature ~ Deer ~ Ram	TYPE:Weapon.Natural.Melee.Bludgeoning	DAMAGE:1d4	CRITRANGE:1	WIELD:OneHanded	SIZE:M	WT:0	COST:0	VISIBLE:EXPORT	BONUS:WEAPON|TOHIT|2	SOURCEPAGE:SRD 5.2.1, p.347
Bite	KEY:Creature ~ Dire Wolf ~ Bite	TYPE:Weapon.Natural.Melee.Piercing	DAMAGE:1d10	CRITRANGE:1	WIELD:OneHanded	SIZE:M	WT:0	COST:0	VISIBLE:EXPORT	BONUS:WEAPON|TOHIT|5	BONUS:WEAPON|DAMAGE|3	SOURCEPAGE:SRD 5.2.1, p.347
Hooves	KEY:Creature ~ Draft Horse ~ Hooves	TYPE:Weapon.Natural.Melee.Bludgeoning	DAMAGE:1d4	CRITRANGE:1	WIELD:OneHanded	SIZE:M	WT:0	COST:0	VISIBLE:EXPORT	BONUS:WEAPON|TOHIT|6	BONUS:WEAPON|DAMAGE|4	SOURCEPAGE:SRD 5.2.1, p.347
Talons	KEY:Creature ~ Eagle ~ Talons	TYPE:Weapon.Natural.Melee.Slashing	DAMAGE:1d4	CRITRANGE:1	WIELD:OneHanded	SIZE:M	WT:0	COST:0	VISIBLE:EXPORT	BONUS:WEAPON|TOHIT|4	BONUS:WEAPON|DAMAGE|2	SOURCEPAGE:SRD 5.2.1, p.348
Gore	KEY:Creature ~ Elephant ~ Gore	TYPE:Weapon.Natural.Melee.Piercing	DAMAGE:2d8	CRITRANGE:1	WIELD:OneHanded	SIZE:M	WT:0	COST:0	VISIBLE:EXPORT	BONUS:WEAPON|TOHIT|8	BONUS:WEAPON|DAMAGE|6	SOURCEPAGE:SRD 5.2.1, p.348
Ram	KEY:Creature ~ Elk ~ Ram	TYPE:Weapon.Natural.Melee.Bludgeoning	DAMAGE:1d6	CRITRANGE:1	WIELD:OneHanded	SIZE:M	WT:0	COST:0	VISIBLE:EXPORT	BONUS:WEAPON|TOHIT|5	BONUS:WEAPON|DAMAGE|3	SOURCEPAGE:SRD 5.2.1, p.348
Fist	KEY:Creature ~ Giant Ape ~ Fist	TYPE:Weapon.Natural.Melee.Bludgeoning	DAMAGE:3d10	CRITRANGE:1	WIELD:OneHanded	SIZE:M	WT:0	COST:0	VISIBLE:EXPORT	BONUS:WEAPON|TOHIT|9	BONUS:WEAPON|DAMAGE|6	SOURCEPAGE:SRD 5.2.1, p.349
Bite	KEY:Creature ~ Giant Badger ~ Bite	TYPE:Weapon.Natural.Melee.Piercing	DAMAGE:2d4	CRITRANGE:1	WIELD:OneHanded	SIZE:M	WT:0	COST:0	VISIBLE:EXPORT	BONUS:WEAPON|TOHIT|3	BONUS:WEAPON|DAMAGE|1	SOURCEPAGE:SRD 5.2.1, p.349
Bite	KEY:Creature ~ Giant Bat ~ Bite	TYPE:Weapon.Natural.Melee.Piercing	DAMAGE:1d6	CRITRANGE:1	WIELD:OneHanded	SIZE:M	WT:0	COST:0	VISIBLE:EXPORT	BONUS:WEAPON|TOHIT|5	BONUS:WEAPON|DAMAGE|3	SOURCEPAGE:SRD 5.2.1, p.349
Gore	KEY:Creature ~ Giant Boar ~ Gore	TYPE:Weapon.Natural.Melee.Piercing	DAMAGE:2d6	CRITRANGE:1	WIELD:OneHanded	SIZE:M	WT:0	COST:0	VISIBLE:EXPORT	BONUS:WEAPON|TOHIT|5	BONUS:WEAPON|DAMAGE|3	SOURCEPAGE:SRD 5.2.1, p.349
Bite	KEY:Creature ~ Giant Centipede ~ Bite	TYPE:Weapon.Natural.Melee.Piercing	DAMAGE:1d4	CRITRANGE:1	WIELD:OneHanded	SIZE:M	WT:0	COST:0	VISIBLE:EXPORT	BONUS:WEAPON|TOHIT|4	BONUS:WEAPON|DAMAGE|2	SOURCEPAGE:SRD 5.2.1, p.349
Bite	KEY:Creature ~ Giant Constrictor Snake ~ Bite	TYPE:Weapon.Natural.Melee.Piercing	DAMAGE:2d6	CRITRANGE:1	WIELD:OneHanded	SIZE:M	WT:0	COST:0	VISIBLE:EXPORT	BONUS:WEAPON|TOHIT|6	BONUS:WEAPON|DAMAGE|4	SOURCEPAGE:SRD 5.2.1, p.350
Claw	KEY:Creature ~ Giant Crab ~ Claw	TYPE:Weapon.Natural.Melee.Bludgeoning	DAMAGE:1d6	CRITRANGE:1	WIELD:OneHanded	SIZE:M	WT:0	COST:0	VISIBLE:EXPORT	BONUS:WEAPON|TOHIT|3	BONUS:WEAPON|DAMAGE|1	SOURCEPAGE:SRD 5.2.1, p.350
Bite	KEY:Creature ~ Giant Crocodile ~ Bite	TYPE:Weapon.Natural.Melee.Piercing	DAMAGE:3d10	CRITRANGE:1	WIELD:OneHanded	SIZE:M	WT:0	COST:0	VISIBLE:EXPORT	BONUS:WEAPON|TOHIT|8	BONUS:WEAPON|DAMAGE|5	SOURCEPAGE:SRD 5.2.1, p.350
Tail	KEY:Creature ~ Giant Crocodile ~ Tail	TYPE:Weapon.Natural.Melee.Bludgeoning	DAMAGE:3d8	CRITRANGE:1	WIELD:OneHanded	SIZE:M	WT:0	COST:0	VISIBLE:EXPORT	BONUS:WEAPON|TOHIT|8	BONUS:WEAPON|DAMAGE|5	SOURCEPAGE:SRD 5.2.1, p.350
Rend	KEY:Creature ~ Giant Eagle ~ Rend	TYPE:Weapon.Natural.Melee.Slashing	DAMAGE:1d4	CRITRANGE:1	WIELD:OneHanded	SIZE:M	WT:0	COST:0	VISIBLE:EXPORT	BONUS:WEAPON|TOHIT|5	BONUS:WEAPON|DAMAGE|3	SOURCEPAGE:SRD 5.2.1, p.350
Ram	KEY:Creature ~ Giant Elk ~ Ram	TYPE:Weapon.Natural.Melee.Bludgeoning	DAMAGE:2d6	CRITRANGE:1	WIELD:OneHanded	SIZE:M	WT:0	COST:0	VISIBLE:EXPORT	BONUS:WEAPON|TOHIT|6	BONUS:WEAPON|DAMAGE|4	SOURCEPAGE:SRD 5.2.1, p.351
Bite	KEY:Creature ~ Giant Frog ~ Bite	TYPE:Weapon.Natural.Melee.Piercing	DAMAGE:1d6	CRITRANGE:1	WIELD:OneHanded	SIZE:M	WT:0	COST:0	VISIBLE:EXPORT	BONUS:WEAPON|TOHIT|3	BONUS:WEAPON|DAMAGE|2	SOURCEPAGE:SRD 5.2.1, p.351
Ram	KEY:Creature ~ Giant Goat ~ Ram	TYPE:Weapon.Natural.Melee.Bludgeoning	DAMAGE:1d6	CRITRANGE:1	WIELD:OneHanded	SIZE:M	WT:0	COST:0	VISIBLE:EXPORT	BONUS:WEAPON|TOHIT|5	BONUS:WEAPON|DAMAGE|3	SOURCEPAGE:SRD 5.2.1, p.351
Bite	KEY:Creature ~ Giant Hyena ~ Bite	TYPE:Weapon.Natural.Melee.Piercing	DAMAGE:2d6	CRITRANGE:1	WIELD:OneHanded	SIZE:M	WT:0	COST:0	VISIBLE:EXPORT	BONUS:WEAPON|TOHIT|5	BONUS:WEAPON|DAMAGE|3	SOURCEPAGE:SRD 5.2.1, p.352
Bite	KEY:Creature ~ Giant Lizard ~ Bite	TYPE:Weapon.Natural.Melee.Piercing	DAMAGE:1d8	CRITRANGE:1	WIELD:OneHanded	SIZE:M	WT:0	COST:0	VISIBLE:EXPORT	BONUS:WEAPON|TOHIT|4	BONUS:WEAPON|DAMAGE|2	SOURCEPAGE:SRD 5.2.1, p.352
Tentacles	KEY:Creature ~ Giant Octopus ~ Tentacles	TYPE:Weapon.Natural.Melee.Bludgeoning	DAMAGE:2d6	CRITRANGE:1	WIELD:OneHanded	SIZE:M	WT:0	COST:0	VISIBLE:EXPORT	BONUS:WEAPON|TOHIT|5	BONUS:WEAPON|DAMAGE|3	SOURCEPAGE:SRD 5.2.1, p.352
Talons	KEY:Creature ~ Giant Owl ~ Talons	TYPE:Weapon.Natural.Melee.Slashing	DAMAGE:1d10	CRITRANGE:1	WIELD:OneHanded	SIZE:M	WT:0	COST:0	VISIBLE:EXPORT	BONUS:WEAPON|TOHIT|4	BONUS:WEAPON|DAMAGE|2	SOURCEPAGE:SRD 5.2.1, p.352
Bite	KEY:Creature ~ Giant Rat ~ Bite	TYPE:Weapon.Natural.Melee.Piercing	DAMAGE:1d4	CRITRANGE:1	WIELD:OneHanded	SIZE:M	WT:0	COST:0	VISIBLE:EXPORT	BONUS:WEAPON|TOHIT|5	BONUS:WEAPON|DAMAGE|3	SOURCEPAGE:SRD 5.2.1, p.353
Claw	KEY:Creature ~ Giant Scorpion ~ Claw	TYPE:Weapon.Natural.Melee.Bludgeoning	DAMAGE:1d6	CRITRANGE:1	WIELD:OneHanded	SIZE:M	WT:0	COST:0	VISIBLE:EXPORT	BONUS:WEAPON|TOHIT|5	BONUS:WEAPON|DAMAGE|3	SOURCEPAGE:SRD 5.2.1, p.353
Sting	KEY:Creature ~ Giant Scorpion ~ Sting	TYPE:Weapon.Natural.Melee.Piercing	DAMAGE:1d8	CRITRANGE:1	WIELD:OneHanded	SIZE:M	WT:0	COST:0	VISIBLE:EXPORT	BONUS:WEAPON|TOHIT|5	BONUS:WEAPON|DAMAGE|3	SOURCEPAGE:SRD 5.2.1, p.353
Ram	KEY:Creature ~ Giant Seahorse ~ Ram	TYPE:Weapon.Natural.Melee.Bludgeoning	DAMAGE:2d6	CRITRANGE:1	WIELD:OneHanded	SIZE:M	WT:0	COST:0	VISIBLE:EXPORT	BONUS:WEAPON|TOHIT|4	BONUS:WEAPON|DAMAGE|2	SOURCEPAGE:SRD 5.2.1, p.353
Bite	KEY:Creature ~ Giant Shark ~ Bite	TYPE:Weapon.Natural.Melee.Piercing	DAMAGE:3d10	CRITRANGE:1	WIELD:OneHanded	SIZE:M	WT:0	COST:0	VISIBLE:EXPORT	BONUS:WEAPON|TOHIT|9	BONUS:WEAPON|DAMAGE|6	SOURCEPAGE:SRD 5.2.1, p.353
Bite	KEY:Creature ~ Giant Spider ~ Bite	TYPE:Weapon.Natural.Melee.Piercing	DAMAGE:1d8	CRITRANGE:1	WIELD:OneHanded	SIZE:M	WT:0	COST:0	VISIBLE:EXPORT	BONUS:WEAPON|TOHIT|5	BONUS:WEAPON|DAMAGE|3	SOURCEPAGE:SRD 5.2.1, p.353
Bite	KEY:Creature ~ Giant Toad ~ Bite	TYPE:Weapon.Natural.Melee.Piercing	DAMAGE:1d6	CRITRANGE:1	WIELD:OneHanded	SIZE:M	WT:0	COST:0	VISIBLE:EXPORT	BONUS:WEAPON|TOHIT|4	BONUS:WEAPON|DAMAGE|2	SOURCEPAGE:SRD 5.2.1, p.354
Bite	KEY:Creature ~ Giant Venomous Snake ~ Bite	TYPE:Weapon.Natural.Melee.Piercing	DAMAGE:1d4	CRITRANGE:1	WIELD:OneHanded	SIZE:M	WT:0	COST:0	VISIBLE:EXPORT	BONUS:WEAPON|TOHIT|6	BONUS:WEAPON|DAMAGE|4	SOURCEPAGE:SRD 5.2.1, p.354
Gouge	KEY:Creature ~ Giant Vulture ~ Gouge	TYPE:Weapon.Natural.Melee.Piercing	DAMAGE:2d6	CRITRANGE:1	WIELD:OneHanded	SIZE:M	WT:0	COST:0	VISIBLE:EXPORT	BONUS:WEAPON|TOHIT|4	BONUS:WEAPON|DAMAGE|2	SOURCEPAGE:SRD 5.2.1, p.354
Sting	KEY:Creature ~ Giant Wasp ~ Sting	TYPE:Weapon.Natural.Melee.Piercing	DAMAGE:1d6	CRITRANGE:1	WIELD:OneHanded	SIZE:M	WT:0	COST:0	VISIBLE:EXPORT	BONUS:WEAPON|TOHIT|4	BONUS:WEAPON|DAMAGE|2	SOURCEPAGE:SRD 5.2.1, p.354
Bite	KEY:Creature ~ Giant Weasel ~ Bite	TYPE:Weapon.Natural.Melee.Piercing	DAMAGE:1d4	CRITRANGE:1	WIELD:OneHanded	SIZE:M	WT:0	COST:0	VISIBLE:EXPORT	BONUS:WEAPON|TOHIT|5	BONUS:WEAPON|DAMAGE|3	SOURCEPAGE:SRD 5.2.1, p.355
Bite	KEY:Creature ~ Giant Wolf Spider ~ Bite	TYPE:Weapon.Natural.Melee.Piercing	DAMAGE:1d4	CRITRANGE:1	WIELD:OneHanded	SIZE:M	WT:0	COST:0	VISIBLE:EXPORT	BONUS:WEAPON|TOHIT|5	BONUS:WEAPON|DAMAGE|3	SOURCEPAGE:SRD 5.2.1, p.355
Bite	KEY:Creature ~ Hippopotamus ~ Bite	TYPE:Weapon.Natural.Melee.Piercing	DAMAGE:2d10	CRITRANGE:1	WIELD:OneHanded	SIZE:M	WT:0	COST:0	VISIBLE:EXPORT	BONUS:WEAPON|TOHIT|7	BONUS:WEAPON|DAMAGE|5	SOURCEPAGE:SRD 5.2.1, p.355
Bite	KEY:Creature ~ Hunter Shark ~ Bite	TYPE:Weapon.Natural.Melee.Piercing	DAMAGE:3d6	CRITRANGE:1	WIELD:OneHanded	SIZE:M	WT:0	COST:0	VISIBLE:EXPORT	BONUS:WEAPON|TOHIT|6	BONUS:WEAPON|DAMAGE|4	SOURCEPAGE:SRD 5.2.1, p.356
Bite	KEY:Creature ~ Hyena ~ Bite	TYPE:Weapon.Natural.Melee.Piercing	DAMAGE:1d6	CRITRANGE:1	WIELD:OneHanded	SIZE:M	WT:0	COST:0	VISIBLE:EXPORT	BONUS:WEAPON|TOHIT|2	SOURCEPAGE:SRD 5.2.1, p.356
Bite	KEY:Creature ~ Killer Whale ~ Bite	TYPE:Weapon.Natural.Melee.Piercing	DAMAGE:5d6	CRITRANGE:1	WIELD:OneHanded	SIZE:M	WT:0	COST:0	VISIBLE:EXPORT	BONUS:WEAPON|TOHIT|6	BONUS:WEAPON|DAMAGE|4	SOURCEPAGE:SRD 5.2.1, p.356
Rend	KEY:Creature ~ Lion ~ Rend	TYPE:Weapon.Natural.Melee.Slashing	DAMAGE:1d8	CRITRANGE:1	WIELD:OneHanded	SIZE:M	WT:0	COST:0	VISIBLE:EXPORT	BONUS:WEAPON|TOHIT|5	BONUS:WEAPON|DAMAGE|3	SOURCEPAGE:SRD 5.2.1, p.356
Gore	KEY:Creature ~ Mammoth ~ Gore	TYPE:Weapon.Natural.Melee.Piercing	DAMAGE:2d10	CRITRANGE:1	WIELD:OneHanded	SIZE:M	WT:0	COST:0	VISIBLE:EXPORT	BONUS:WEAPON|TOHIT|10	BONUS:WEAPON|DAMAGE|7	SOURCEPAGE:SRD 5.2.1, p.357
Bite	KEY:Creature ~ Mastiff ~ Bite	TYPE:Weapon.Natural.Melee.Piercing	DAMAGE:1d6	CRITRANGE:1	WIELD:OneHanded	SIZE:M	WT:0	COST:0	VISIBLE:EXPORT	BONUS:WEAPON|TOHIT|3	BONUS:WEAPON|DAMAGE|1	SOURCEPAGE:SRD 5.2.1, p.357
Hooves	KEY:Creature ~ Mule ~ Hooves	TYPE:Weapon.Natural.Melee.Bludgeoning	DAMAGE:1d4	CRITRANGE:1	WIELD:OneHanded	SIZE:M	WT:0	COST:0	VISIBLE:EXPORT	BONUS:WEAPON|TOHIT|4	BONUS:WEAPON|DAMAGE|2	SOURCEPAGE:SRD 5.2.1, p.357
Rend	KEY:Creature ~ Panther ~ Rend	TYPE:Weapon.Natural.Melee.Slashing	DAMAGE:1d6	CRITRANGE:1	WIELD:OneHanded	SIZE:M	WT:0	COST:0	VISIBLE:EXPORT	BONUS:WEAPON|TOHIT|5	BONUS:WEAPON|DAMAGE|3	SOURCEPAGE:SRD 5.2.1, p.358
Bite	KEY:Creature ~ Plesiosaurus ~ Bite	TYPE:Weapon.Natural.Melee.Piercing	DAMAGE:2d6	CRITRANGE:1	WIELD:OneHanded	SIZE:M	WT:0	COST:0	VISIBLE:EXPORT	BONUS:WEAPON|TOHIT|6	BONUS:WEAPON|DAMAGE|4	SOURCEPAGE:SRD 5.2.1, p.358
Rend	KEY:Creature ~ Polar Bear ~ Rend	TYPE:Weapon.Natural.Melee.Slashing	DAMAGE:1d8	CRITRANGE:1	WIELD:OneHanded	SIZE:M	WT:0	COST:0	VISIBLE:EXPORT	BONUS:WEAPON|TOHIT|7	BONUS:WEAPON|DAMAGE|5	SOURCEPAGE:SRD 5.2.1, p.359
Hooves	KEY:Creature ~ Pony ~ Hooves	TYPE:Weapon.Natural.Melee.Bludgeoning	DAMAGE:1d4	CRITRANGE:1	WIELD:OneHanded	SIZE:M	WT:0	COST:0	VISIBLE:EXPORT	BONUS:WEAPON|TOHIT|4	BONUS:WEAPON|DAMAGE|2	SOURCEPAGE:SRD 5.2.1, p.359
Bite	KEY:Creature ~ Pteranodon ~ Bite	TYPE:Weapon.Natural.Melee.Piercing	DAMAGE:1d8	CRITRANGE:1	WIELD:OneHanded	SIZE:M	WT:0	COST:0	VISIBLE:EXPORT	BONUS:WEAPON|TOHIT|4	BONUS:WEAPON|DAMAGE|2	SOURCEPAGE:SRD 5.2.1, p.359
Bite	KEY:Creature ~ Reef Shark ~ Bite	TYPE:Weapon.Natural.Melee.Piercing	DAMAGE:2d4	CRITRANGE:1	WIELD:OneHanded	SIZE:M	WT:0	COST:0	VISIBLE:EXPORT	BONUS:WEAPON|TOHIT|4	BONUS:WEAPON|DAMAGE|2	SOURCEPAGE:SRD 5.2.1, p.360
Gore	KEY:Creature ~ Rhinoceros ~ Gore	TYPE:Weapon.Natural.Melee.Piercing	DAMAGE:2d8	CRITRANGE:1	WIELD:OneHanded	SIZE:M	WT:0	COST:0	VISIBLE:EXPORT	BONUS:WEAPON|TOHIT|7	BONUS:WEAPON|DAMAGE|5	SOURCEPAGE:SRD 5.2.1, p.360
Hooves	KEY:Creature ~ Riding Horse ~ Hooves	TYPE:Weapon.Natural.Melee.Bludgeoning	DAMAGE:1d8	CRITRANGE:1	WIELD:OneHanded	SIZE:M	WT:0	COST:0	VISIBLE:EXPORT	BONUS:WEAPON|TOHIT|5	BONUS:WEAPON|DAMAGE|3	SOURCEPAGE:SRD 5.2.1, p.360
Rend	KEY:Creature ~ Saber-Toothed Tiger ~ Rend	TYPE:Weapon.Natural.Melee.Slashing	DAMAGE:2d6	CRITRANGE:1	WIELD:OneHanded	SIZE:M	WT:0	COST:0	VISIBLE:EXPORT	BONUS:WEAPON|TOHIT|6	BONUS:WEAPON|DAMAGE|4	SOURCEPAGE:SRD 5.2.1, p.360
Bites	KEY:Creature ~ Swarm of Bats ~ Bites	TYPE:Weapon.Natural.Melee.Piercing	DAMAGE:2d4	CRITRANGE:1	WIELD:OneHanded	SIZE:M	WT:0	COST:0	VISIBLE:EXPORT	BONUS:WEAPON|TOHIT|4	SOURCEPAGE:SRD 5.2.1, p.361
Bites	KEY:Creature ~ Swarm of Insects ~ Bites	TYPE:Weapon.Natural.Melee.Poison	DAMAGE:2d4	CRITRANGE:1	WIELD:OneHanded	SIZE:M	WT:0	COST:0	VISIBLE:EXPORT	BONUS:WEAPON|TOHIT|3	BONUS:WEAPON|DAMAGE|1	SOURCEPAGE:SRD 5.2.1, p.361
Bites	KEY:Creature ~ Swarm of Piranhas ~ Bites	TYPE:Weapon.Natural.Melee.Piercing	DAMAGE:2d4	CRITRANGE:1	WIELD:OneHanded	SIZE:M	WT:0	COST:0	VISIBLE:EXPORT	BONUS:WEAPON|TOHIT|5	BONUS:WEAPON|DAMAGE|3	SOURCEPAGE:SRD 5.2.1, p.362
Bites	KEY:Creature ~ Swarm of Rats ~ Bites	TYPE:Weapon.Natural.Melee.Piercing	DAMAGE:2d4	CRITRANGE:1	WIELD:OneHanded	SIZE:M	WT:0	COST:0	VISIBLE:EXPORT	BONUS:WEAPON|TOHIT|2	SOURCEPAGE:SRD 5.2.1, p.362
Beaks	KEY:Creature ~ Swarm of Ravens ~ Beaks	TYPE:Weapon.Natural.Melee.Piercing	DAMAGE:1d6	CRITRANGE:1	WIELD:OneHanded	SIZE:M	WT:0	COST:0	VISIBLE:EXPORT	BONUS:WEAPON|TOHIT|4	BONUS:WEAPON|DAMAGE|2	SOURCEPAGE:SRD 5.2.1, p.362
Bites	KEY:Creature ~ Swarm of Venomous Snakes ~ Bites	TYPE:Weapon.Natural.Melee.Piercing	DAMAGE:1d8	CRITRANGE:1	WIELD:OneHanded	SIZE:M	WT:0	COST:0	VISIBLE:EXPORT	BONUS:WEAPON|TOHIT|6	BONUS:WEAPON|DAMAGE|4	SOURCEPAGE:SRD 5.2.1, p.362
Rend	KEY:Creature ~ Tiger ~ Rend	TYPE:Weapon.Natural.Melee.Slashing	DAMAGE:2d6	CRITRANGE:1	WIELD:OneHanded	SIZE:M	WT:0	COST:0	VISIBLE:EXPORT	BONUS:WEAPON|TOHIT|5	BONUS:WEAPON|DAMAGE|3	SOURCEPAGE:SRD 5.2.1, p.363
Gore	KEY:Creature ~ Triceratops ~ Gore	TYPE:Weapon.Natural.Melee.Piercing	DAMAGE:2d12	CRITRANGE:1	WIELD:OneHanded	SIZE:M	WT:0	COST:0	VISIBLE:EXPORT	BONUS:WEAPON|TOHIT|9	BONUS:WEAPON|DAMAGE|6	SOURCEPAGE:SRD 5.2.1, p.363
Bite	KEY:Creature ~ Tyrannosaurus Rex ~ Bite	TYPE:Weapon.Natural.Melee.Piercing	DAMAGE:4d12	CRITRANGE:1	WIELD:OneHanded	SIZE:M	WT:0	COST:0	VISIBLE:EXPORT	BONUS:WEAPON|TOHIT|10	BONUS:WEAPON|DAMAGE|7	SOURCEPAGE:SRD 5.2.1, p.363
Tail	KEY:Creature ~ Tyrannosaurus Rex ~ Tail	TYPE:Weapon.Natural.Melee.Bludgeoning	DAMAGE:4d8	CRITRANGE:1	WIELD:OneHanded	SIZE:M	WT:0	COST:0	VISIBLE:EXPORT	BONUS:WEAPON|TOHIT|10	BONUS:WEAPON|DAMAGE|7	SOURCEPAGE:SRD 5.2.1, p.363
Bite	KEY:Creature ~ Venomous Snake ~ Bite	TYPE:Weapon.Natural.Melee.Piercing	DAMAGE:1d4	CRITRANGE:1	WIELD:OneHanded	SIZE:M	WT:0	COST:0	VISIBLE:EXPORT	BONUS:WEAPON|TOHIT|4	BONUS:WEAPON|DAMAGE|2	SOURCEPAGE:SRD 5.2.1, p.363
Beak	KEY:Creature ~ Vulture ~ Beak	TYPE:Weapon.Natural.Melee.Piercing	DAMAGE:1d4	CRITRANGE:1	WIELD:OneHanded	SIZE:M	WT:0	COST:0	VISIBLE:EXPORT	BONUS:WEAPON|TOHIT|2	SOURCEPAGE:SRD 5.2.1, p.363
Hooves	KEY:Creature ~ Warhorse ~ Hooves	TYPE:Weapon.Natural.Melee.Bludgeoning	DAMAGE:2d4	CRITRANGE:1	WIELD:OneHanded	SIZE:M	WT:0	COST:0	VISIBLE:EXPORT	BONUS:WEAPON|TOHIT|6	BONUS:WEAPON|DAMAGE|4	SOURCEPAGE:SRD 5.2.1, p.364
Bite	KEY:Creature ~ Wolf ~ Bite	TYPE:Weapon.Natural.Melee.Piercing	DAMAGE:1d6	CRITRANGE:1	WIELD:OneHanded	SIZE:M	WT:0	COST:0	VISIBLE:EXPORT	BONUS:WEAPON|TOHIT|4	BONUS:WEAPON|DAMAGE|2	SOURCEPAGE:SRD 5.2.1, p.364
