# One category per class, so a feature belongs to the class that grants it.

ABILITYCATEGORY:Primal Knowledge Skill	VISIBLE:QUALIFY	EDITABLE:YES	EDITPOOL:NO	POOL:POOL_Primal_Knowledge_Skill	CATEGORY:Special Ability	TYPE:PrimalKnowledgeSkill	PLURAL:Primal Knowledge Skills	DISPLAYLOCATION:Class Features
ABILITYCATEGORY:Barbarian Subclass	VISIBLE:QUALIFY	EDITABLE:YES	EDITPOOL:NO	POOL:POOL_Barbarian_Subclass	CATEGORY:Special Ability	TYPE:BarbarianSubclass	PLURAL:Barbarian Subclasses	DISPLAYLOCATION:Class Features
ABILITYCATEGORY:Barbarian Class Feature	VISIBLE:QUALIFY	EDITABLE:NO	EDITPOOL:NO	CATEGORY:Special Ability	TYPE:Barbarian Class Feature	PLURAL:Barbarian Class Features	DISPLAYLOCATION:Character
ABILITYCATEGORY:Bonus Proficiencies Skill	VISIBLE:QUALIFY	EDITABLE:YES	EDITPOOL:NO	POOL:POOL_Bonus_Proficiencies_Skill	CATEGORY:Special Ability	TYPE:BonusProficienciesSkill	PLURAL:Bonus Proficiencies Skills	DISPLAYLOCATION:Class Features
ABILITYCATEGORY:Bard Subclass	VISIBLE:QUALIFY	EDITABLE:YES	EDITPOOL:NO	POOL:POOL_Bard_Subclass	CATEGORY:Special Ability	TYPE:BardSubclass	PLURAL:Bard Subclasses	DISPLAYLOCATION:Class Features
ABILITYCATEGORY:Bard Class Feature	VISIBLE:QUALIFY	EDITABLE:NO	EDITPOOL:NO	CATEGORY:Special Ability	TYPE:Bard Class Feature	PLURAL:Bard Class Features	DISPLAYLOCATION:Character
ABILITYCATEGORY:Divine Order	VISIBLE:QUALIFY	EDITABLE:YES	EDITPOOL:NO	POOL:POOL_Divine_Order	CATEGORY:Special Ability	TYPE:DivineOrder	PLURAL:Divine Orders	DISPLAYLOCATION:Class Features
ABILITYCATEGORY:Blessed Strikes	VISIBLE:QUALIFY	EDITABLE:YES	EDITPOOL:NO	POOL:POOL_Blessed_Strikes	CATEGORY:Special Ability	TYPE:BlessedStrikes	PLURAL:Blessed Strikess	DISPLAYLOCATION:Class Features
ABILITYCATEGORY:Cleric Subclass	VISIBLE:QUALIFY	EDITABLE:YES	EDITPOOL:NO	POOL:POOL_Cleric_Subclass	CATEGORY:Special Ability	TYPE:ClericSubclass	PLURAL:Cleric Subclasses	DISPLAYLOCATION:Class Features
ABILITYCATEGORY:Cleric Class Feature	VISIBLE:QUALIFY	EDITABLE:NO	EDITPOOL:NO	CATEGORY:Special Ability	TYPE:Cleric Class Feature	PLURAL:Cleric Class Features	DISPLAYLOCATION:Character
ABILITYCATEGORY:Primal Order	VISIBLE:QUALIFY	EDITABLE:YES	EDITPOOL:NO	POOL:POOL_Primal_Order	CATEGORY:Special Ability	TYPE:PrimalOrder	PLURAL:Primal Orders	DISPLAYLOCATION:Class Features
ABILITYCATEGORY:Elemental Fury	VISIBLE:QUALIFY	EDITABLE:YES	EDITPOOL:NO	POOL:POOL_Elemental_Fury	CATEGORY:Special Ability	TYPE:ElementalFury	PLURAL:Elemental Furys	DISPLAYLOCATION:Class Features
ABILITYCATEGORY:Druid Subclass	VISIBLE:QUALIFY	EDITABLE:YES	EDITPOOL:NO	POOL:POOL_Druid_Subclass	CATEGORY:Special Ability	TYPE:DruidSubclass	PLURAL:Druid Subclasses	DISPLAYLOCATION:Class Features
ABILITYCATEGORY:Druid Class Feature	VISIBLE:QUALIFY	EDITABLE:NO	EDITPOOL:NO	CATEGORY:Special Ability	TYPE:Druid Class Feature	PLURAL:Druid Class Features	DISPLAYLOCATION:Character
ABILITYCATEGORY:Fighter Subclass	VISIBLE:QUALIFY	EDITABLE:YES	EDITPOOL:NO	POOL:POOL_Fighter_Subclass	CATEGORY:Special Ability	TYPE:FighterSubclass	PLURAL:Fighter Subclasses	DISPLAYLOCATION:Class Features
ABILITYCATEGORY:Fighter Class Feature	VISIBLE:QUALIFY	EDITABLE:NO	EDITPOOL:NO	CATEGORY:Special Ability	TYPE:Fighter Class Feature	PLURAL:Fighter Class Features	DISPLAYLOCATION:Character
ABILITYCATEGORY:Monk Subclass	VISIBLE:QUALIFY	EDITABLE:YES	EDITPOOL:NO	POOL:POOL_Monk_Subclass	CATEGORY:Special Ability	TYPE:MonkSubclass	PLURAL:Monk Subclasses	DISPLAYLOCATION:Class Features
ABILITYCATEGORY:Monk Class Feature	VISIBLE:QUALIFY	EDITABLE:NO	EDITPOOL:NO	CATEGORY:Special Ability	TYPE:Monk Class Feature	PLURAL:Monk Class Features	DISPLAYLOCATION:Character
ABILITYCATEGORY:Paladin Subclass	VISIBLE:QUALIFY	EDITABLE:YES	EDITPOOL:NO	POOL:POOL_Paladin_Subclass	CATEGORY:Special Ability	TYPE:PaladinSubclass	PLURAL:Paladin Subclasses	DISPLAYLOCATION:Class Features
ABILITYCATEGORY:Paladin Class Feature	VISIBLE:QUALIFY	EDITABLE:NO	EDITPOOL:NO	CATEGORY:Special Ability	TYPE:Paladin Class Feature	PLURAL:Paladin Class Features	DISPLAYLOCATION:Character
ABILITYCATEGORY:Ranger Multiclass Skill	VISIBLE:QUALIFY	EDITABLE:YES	EDITPOOL:NO	POOL:POOL_Ranger_Multiclass_Skill	CATEGORY:Special Ability	TYPE:RangerMulticlassSkill	PLURAL:Ranger Multiclass Skills	DISPLAYLOCATION:Character
ABILITYCATEGORY:Hunter’s Prey	VISIBLE:QUALIFY	EDITABLE:YES	EDITPOOL:NO	POOL:POOL_Hunter_s_Prey	CATEGORY:Special Ability	TYPE:Hunter’sPrey	PLURAL:Hunter’s Preys	DISPLAYLOCATION:Class Features
ABILITYCATEGORY:Defensive Tactics	VISIBLE:QUALIFY	EDITABLE:YES	EDITPOOL:NO	POOL:POOL_Defensive_Tactics	CATEGORY:Special Ability	TYPE:DefensiveTactics	PLURAL:Defensive Tacticss	DISPLAYLOCATION:Class Features
ABILITYCATEGORY:Ranger Subclass	VISIBLE:QUALIFY	EDITABLE:YES	EDITPOOL:NO	POOL:POOL_Ranger_Subclass	CATEGORY:Special Ability	TYPE:RangerSubclass	PLURAL:Ranger Subclasses	DISPLAYLOCATION:Class Features
ABILITYCATEGORY:Ranger Class Feature	VISIBLE:QUALIFY	EDITABLE:NO	EDITPOOL:NO	CATEGORY:Special Ability	TYPE:Ranger Class Feature	PLURAL:Ranger Class Features	DISPLAYLOCATION:Character
ABILITYCATEGORY:Rogue Multiclass Skill	VISIBLE:QUALIFY	EDITABLE:YES	EDITPOOL:NO	POOL:POOL_Rogue_Multiclass_Skill	CATEGORY:Special Ability	TYPE:RogueMulticlassSkill	PLURAL:Rogue Multiclass Skills	DISPLAYLOCATION:Character
ABILITYCATEGORY:Rogue Subclass	VISIBLE:QUALIFY	EDITABLE:YES	EDITPOOL:NO	POOL:POOL_Rogue_Subclass	CATEGORY:Special Ability	TYPE:RogueSubclass	PLURAL:Rogue Subclasses	DISPLAYLOCATION:Class Features
ABILITYCATEGORY:Rogue Class Feature	VISIBLE:QUALIFY	EDITABLE:NO	EDITPOOL:NO	CATEGORY:Special Ability	TYPE:Rogue Class Feature	PLURAL:Rogue Class Features	DISPLAYLOCATION:Character
ABILITYCATEGORY:Sorcerer Subclass	VISIBLE:QUALIFY	EDITABLE:YES	EDITPOOL:NO	POOL:POOL_Sorcerer_Subclass	CATEGORY:Special Ability	TYPE:SorcererSubclass	PLURAL:Sorcerer Subclasses	DISPLAYLOCATION:Class Features
ABILITYCATEGORY:Sorcerer Class Feature	VISIBLE:QUALIFY	EDITABLE:NO	EDITPOOL:NO	CATEGORY:Special Ability	TYPE:Sorcerer Class Feature	PLURAL:Sorcerer Class Features	DISPLAYLOCATION:Character
ABILITYCATEGORY:Metamagic	VISIBLE:QUALIFY	EDITABLE:YES	EDITPOOL:NO	POOL:POOL_Metamagic	CATEGORY:Special Ability	TYPE:Metamagic	PLURAL:Metamagic Options	DISPLAYLOCATION:Class Features
ABILITYCATEGORY:Warlock Subclass	VISIBLE:QUALIFY	EDITABLE:YES	EDITPOOL:NO	POOL:POOL_Warlock_Subclass	CATEGORY:Special Ability	TYPE:WarlockSubclass	PLURAL:Warlock Subclasses	DISPLAYLOCATION:Class Features
ABILITYCATEGORY:Warlock Class Feature	VISIBLE:QUALIFY	EDITABLE:NO	EDITPOOL:NO	CATEGORY:Special Ability	TYPE:Warlock Class Feature	PLURAL:Warlock Class Features	DISPLAYLOCATION:Character
ABILITYCATEGORY:Eldritch Invocation	VISIBLE:QUALIFY	EDITABLE:YES	EDITPOOL:NO	POOL:POOL_Eldritch_Invocation	CATEGORY:Special Ability	TYPE:EldritchInvocation	PLURAL:Eldritch Invocation Options	DISPLAYLOCATION:Class Features
ABILITYCATEGORY:Wizard Subclass	VISIBLE:QUALIFY	EDITABLE:YES	EDITPOOL:NO	POOL:POOL_Wizard_Subclass	CATEGORY:Special Ability	TYPE:WizardSubclass	PLURAL:Wizard Subclasses	DISPLAYLOCATION:Class Features
ABILITYCATEGORY:Wizard Class Feature	VISIBLE:QUALIFY	EDITABLE:NO	EDITPOOL:NO	CATEGORY:Special Ability	TYPE:Wizard Class Feature	PLURAL:Wizard Class Features	DISPLAYLOCATION:Character
ABILITYCATEGORY:Melee Weapon Mastery	VISIBLE:QUALIFY	EDITABLE:YES	EDITPOOL:NO	POOL:POOL_Melee_Weapon_Mastery	CATEGORY:Special Ability	TYPE:MeleeWeaponMastery	PLURAL:Melee Weapon Masteries	DISPLAYLOCATION:Class Features
ABILITYCATEGORY:Weapon Mastery	VISIBLE:QUALIFY	EDITABLE:YES	EDITPOOL:NO	POOL:POOL_Weapon_Mastery	CATEGORY:Special Ability	TYPE:WeaponMastery	PLURAL:Weapon Masteries	DISPLAYLOCATION:Class Features
