# CVS $Revision$ $Author$ -- Tue Feb 10 22:05:57 2009 -- reformated by prettylst.pl v1.39 (build 9329)
SOURCELONG:Paradigm - Codex Arcanis	SOURCESHORT:Codex Arcanis	SOURCEWEB:http://www.paradigmconcepts.com
#Original entry by Greg G (Phantom of Krankor)

# Race Name	Product Identity?	Favored Class				Starting Feats	Size		Move			Vision			Automatic Languages			Bonus Languages				Optionnal Weapon Prof.		Save checks bonus		Combat bonus				Bonus to skill							Stat bonus											Automatically Gained Weapon Prof.												Virtual Feat			Feat			Natural Attacks									Special ABility																				Define			Main Race Type	Template				Source Page
Elorii	NAMEISPI:YES							STARTFEATS:1	SIZE:M	MOVE:Walk,30	VISION:Low-light		AUTO:LANG|Eloran|Low Coryani		LANGBONUS:Altherin,High Coryani	WEAPONBONUS:Longsword|Rapier	BONUS:CHECKS|Will|2																												AUTO:WEAPONPROF|Longsword|Sword (Short)|Shortbow|Longbow|Longbow (Composite)|Shortbow (Composite)																				SAB:Immunity to sleep and non-magical disease,do not appear to age after reaching maturity and in fact cannot die from old age					RACETYPE:Humanoid	TEMPLATE:Elorii Subraces	SOURCEPAGE:p.161
Dark-Kin	NAMEISPI:YES	FAVCLASS:Barbarian			STARTFEATS:1	SIZE:M	MOVE:Walk,30	VISION:Darkvision (60')	AUTO:LANG|Low Coryani			LANGBONUS:High Coryani,Infernal																BONUS:SKILL|Ride|-2	BONUS:SKILL|Animal Empathy|-5	BONUS:STAT|DEX|2	BONUS:STAT|CON|2	BONUS:STAT|WIS|-2	BONUS:STAT|CHA|-2																																					SAB:Immunity to charm spells,Darkness spells have no effect upon Dark-kin,Animals become uneasy around Dark-kin	SAB:Human Blood					RACETYPE:Humanoid						SOURCEPAGE:p.162
Ss'ressen	NAMEISPI:YES	FAVCLASS:Ranger				STARTFEATS:1	SIZE:M	MOVE:Walk,30	VISION:Low-light		AUTO:LANG|Ss'ressen|Milandisian	LANGBONUS:Low Coryani												BONUS:COMBAT|AC|2|TYPE=Natural	BONUS:SKILL|Balance,Jump,Swim|2				BONUS:STAT|DEX|2	BONUS:STAT|INT|-2																								AUTO:FEAT|Improved Unarmed Strike				NATURALATTACKS:Claw,Weapon.Natural.Melee.Piercing.Slashing,1,1d4	SAB:Cold vulnerability [-4 penalty to all Dex checks and Dex based skills and attack rolls when < 40 F (Will save DC 12 for half)]					RACETYPE:Humanoid						SOURCEPAGE:p.162
Val		NAMEISPI:YES	FAVCLASS:Psion|Psychic Warrior	STARTFEATS:1	SIZE:M	MOVE:Walk,30	VISION:Normal		AUTO:LANG|High Coryani			LANGBONUS:ALL																																																														AUTO:FEAT|Bloodrank 1												SAB:Val Bloodlines	SAB:Human Blood																DEFINE:ValBloodrank|0	RACETYPE:Humanoid	TEMPLATE:Val Bloodlines		SOURCEPAGE:p.162

###Block: SRD Race MODs

# Race Name	Clear Automatic Languages	Automatic Languages		Bonus Languages	Special ABility
Human.MOD	AUTO:LANG|.CLEAR			AUTO:LANG|Low Coryani		LANGBONUS:ALL
Gnome.MOD	AUTO:LANG|.CLEAR			AUTO:LANG|Low Coryani|Gnome	LANGBONUS:ALL
Dwarf.MOD	AUTO:LANG|.CLEAR			AUTO:LANG|Low Coryani|Giant	LANGBONUS:ALL	SAB:Cannot be raised through the use of Reincarnation, but can be brought back from the dead if the body is completely healed within 24 hours	SAB:When using the craft or any Item Creation feat items take 1/3 as long to create, and is always a masterpiece; add 100gp per day spent on creating the item to the final worth of the item

#
# End
#
