# CVS $Revision$ $Author$ -- Fri Oct 19 20:16:09 2012 -- reformated by prettylst.pl v1.39 (build 15052)
SOURCELONG:Sellout! Sourcebook	SOURCESHORT:Sellout	SOURCEWEB:http://www.pandahead.com/Xcrawl/index.php	SOURCEDATE:2003-01

# Class Name	Hit Dice	Type			Abbreviation	Max Level	Source Page		Save checks bonus											Combat bonus
CLASS:Agent		HD:4		TYPE:PC.Prestige	ABB:Agt		MAXLEVEL:5	SOURCEPAGE:72	BONUS:CHECKS|BASE.Fortitude,BASE.Reflex|CL/2	BONUS:CHECKS|BASE.Will|CL/2+2	BONUS:COMBAT|BAB|(CL-1)/2|TYPE=Base.REPLACE
# Class Name	Required Feat						Required Skill
CLASS:Agent		PREFEAT:1,Skill Focus (Profession (Agent))	PRESKILL:4,Bluff=4,Gather Information=4,Sense Motive=4,Profession (Agent)=4
# Class Name	Skill Pts/Lvl	Class Skill
CLASS:Agent		STARTSKILLPTS:6	CSKILL:Bluff|Diplomacy|Drive|Gather Information|Innuendo|Knowledge (XCrawl)|Knowledge (The Business)|Knowledge (Celebrities)|Profession (Agent)|Sense Motive
1	SAB:Agent Salary % pct.|AgentSalary	SAB:Maximum Clients %|MaxClients	SAB:Connected	SAB:Insider	BONUS:VAR|AgentSalary|10	BONUS:VAR|MaxClients|max(((CL*2)-1),2)	DEFINE:AgentSalary|0	DEFINE:MaxClients|0
2	SAB:Head to Head	SAB:Namedropping												BONUS:VAR|AgentSalary|2.5
3	SAB:Funny Money															BONUS:VAR|AgentSalary|2.5
4	SAB:Master of Face Time														BONUS:VAR|AgentSalary|3
5	SAB:Old Guard															BONUS:VAR|AgentSalary|2

# Class Name	Hit Dice	Type			Abbreviation	Max Level	Source Page		Save checks bonus											Combat bonus
CLASS:Bodyguard	HD:12		TYPE:PC.Prestige	ABB:Bdg		MAXLEVEL:5	SOURCEPAGE:74	BONUS:CHECKS|BASE.Fortitude|CL/2+2	BONUS:CHECKS|BASE.Reflex,BASE.Will|CL/2	BONUS:COMBAT|BAB|CL/2+1|TYPE=Base.REPLACE
# Class Name	Req. Att.	Required Feat						Multiple Requirements																													Required Skill
CLASS:Bodyguard	PREATT:6	PREFEAT:2,Alertness,Improved Unarmed Strike	PREMULT:1,[PREMULT:2,[PRERACE:1,Half-Orc],[PRESTAT:1,STR=18]],[PREMULT:2,[PRERACE:1,Human,Dwarf%,Half-Elf,Elf%],[PRESTAT:1,STR=16]],[PREMULT:2,[PRERACE:1,Gnome%,Halfling%],[PRESTAT:1,STR=14]]	PRESKILL:3,Sense Motive=8,Spot=8,Drive=4
# Class Name	Skill Pts/Lvl	Class Skill
CLASS:Bodyguard	STARTSKILLPTS:4	CSKILL:Bluff|Climb|Drive|Intimidate|Jump|Listen|Profession (Bodyguard)|Search|Sense Motive|Spot
1	SAB:Protect the Client															BONUS:SKILL|Drive|4
2	SAB:Runaway	SAB:Browbeat									BONUS:MOVEADD|TYPE.Walk|10
3	SAB:Assisted Sprint	SAB:Spot the Bogie
4	SAB:Hammer Lock
5	SAB:Stature							BONUS:COMBAT|TOHIT.Grapple|4										BONUS:STAT|CON|1

# Class Name	Hit Dice	Type			Abbreviation	Max Level	Source Page		Save checks bonus											Combat bonus
CLASS:Coach		HD:8		TYPE:PC.Prestige	ABB:Cch		MAXLEVEL:5	SOURCEPAGE:76	BONUS:CHECKS|BASE.Will|CL/2+2	BONUS:CHECKS|BASE.Fortitude,BASE.Reflex|CL/3	BONUS:COMBAT|BAB|CL/2|TYPE=Base.REPLACE
# Class Name	Req. Att.	Required Feat		Required Skill
CLASS:Coach		PREATT:2	PREFEAT:1,Leadership	PRESKILL:5,Intimidate=8,Profession (Coach)=8,Sense Motive=8,Heal=4,Perform=4
# Class Name	Skill Pts/Lvl	Class Skill
CLASS:Coach		STARTSKILLPTS:8	CSKILL:Balance|Bluff|Climb|Concentration|Drive|Heal|Intimidate|Jump|Knowledge (Sports)|Knowledge (Tactics)|Knowledge (XCrawl)|Perform|Profession (Coach)|Read Lips|Sense Motive|Spot|Swim
1	AUTO:FEAT|Simple Weapon Proficiency	AUTO:WEAPONPROF|TYPE=Sport|TYPE=Boffer
###Block: Normal Level Progression
1	SAB:Motivation %|Motivation	SAB:Maximum Team Size (XCrawl/non-lethal) %/%|MaxTeamSize|2*MaxTeamSize	SAB:Fundamentals (Athlete)	BONUS:VAR|Motivation|min((CL*2)-1,2)	BONUS:VAR|MaxTeamSize|5+CL+CHA	DEFINE:Motivation|0	DEFINE:MaxTeamSize|0
2	SAB:Fundamentals (Fighter)
3	SAB:Fundamentals (Rangers, Clerics)
4	SAB:Fundamentals (Rogue, Monk, Sorcerer)
5	SAB:Fundamentals (any class)

# Class Name	Hit Dice	Type			Abbreviation	Max Level	Source Page		Save checks bonus												Combat bonus
CLASS:Free Agent	HD:6		TYPE:PC.Prestige	ABB:FrA		MAXLEVEL:10	SOURCEPAGE:78	BONUS:CHECKS|BASE.Reflex|CL/2+2	BONUS:CHECKS|BASE.Fortitude,BASE.Will|CL/3	BONUS:COMBAT|BAB|CL/3*4|TYPE=Base.REPLACE
# Class Name	Req. Att.	Required Feat			Required Skill					Required Text
CLASS:Free Agent	PREATT:3	PREFEAT:1,Crowd Favorite	PRESKILL:2,Perform=6,Knowledge (XCrawl)=4	PRETEXT:Fame must be 55 at some point during the career.
# Class Name	Skill Pts/Lvl	Class Skill
CLASS:Free Agent	STARTSKILLPTS:4	CSKILL:Balance|Climb|Concentration|Diplomacy|Drive|Jump|Knowledge (XCrawl)|Listen|TYPE=Profession|Spot|Swim|Tumble
### Assimilate special ability is rather involved, and its unknown if it can be properly coded.
1	SAB:Adapt	SAB:Assimilate
2	SAB:Extra Performance				BONUS:FEAT|POOL|1
3	SAB:Signing Bonus: +% pct.|SigningBonus				BONUS:VAR|SigningBonus|(CL/3)*20	DEFINE:SigningBonus|0
4	SAB:Training Bonus																	ADD:FEAT|Skill Focus
5	SAB:Cameo
7								BONUS:FEAT|POOL|1
8																					ADD:FEAT|Skill Focus
10	SAB:Rally the Troops

# Class Name	Hit Dice	Type			Abbreviation	Max Level	Source Page		Save checks bonus													Combat bonus
CLASS:Groupie	HD:4		TYPE:PC.Prestige	ABB:Grp		MAXLEVEL:5	SOURCEPAGE:81	BONUS:CHECKS|BASE.Will|CL/2+2	BONUS:CHECKS|BASE.Fortitude,BASE.Reflex|min((CL-1)/2,0)	BONUS:COMBAT|BAB|CL/2|TYPE=Base.REPLACE
# Class Name	Required Skill		Required Stat	Required Text
CLASS:Groupie	PRESKILL:1,Bluff=4	PRESTAT:1,CHA=15	PRETEXT:To qualify for this prestige class, a candidte must pass the groupie trifecta: they must get back stage, meet an XCrawler, and convince him to carry a token of theirs on their person when they fight.
# Class Name	Skill Pts/Lvl	Class Skill
CLASS:Groupie	STARTSKILLPTS:6	CSKILL:Bluff|Diplomacy|Gather Information|Innuendo|Intimidate|Knowledge (Celebrities)|Sense Motive|Spot
1	SAB:Muse +%|Muse	SAB:All Access +%|AllAccess	BONUS:VAR|Muse|(CL+1)/2	DEFINE:Muse|0	DEFINE:AllAccess|4
2	SAB:Gimme Shelter
3	SAB:I'm With The Team					BONUS:VAR|AllAccess|2
4	SAB:Booster +%|Booster					BONUS:VAR|Booster|CL-3	DEFINE:Booster|0
5	SAB:Almost Famous

# Class Name	Hit Dice	Type			Abbreviation	Max Level	Source Page		Save checks bonus											Combat bonus
CLASS:Paparazzi	HD:6		TYPE:PC.Prestige	ABB:Pap		MAXLEVEL:5	SOURCEPAGE:83	BONUS:CHECKS|BASE.Will|CL/2+2	BONUS:CHECKS|BASE.Fortitude,BASE.Reflex|CL/3	BONUS:COMBAT|BAB|CL/2|TYPE=Base.REPLACE
# Class Name	Req. Att.	Required Feat		Required Skill
CLASS:Paparazzi	PREATT:2	PREFEAT:1,Alertness	PRESKILL:3,Spot=8,Photography=4,Sense Motive=4
# Class Name	Skill Pts/Lvl	Class Skill
CLASS:Paparazzi	STARTSKILLPTS:8	CSKILL:Bluff|Climb|Concentration|Craft (Printmaking)|Diplomacy|Disguise|Drive|Gather Information|Hide|Innuendo|Photography|Search|Sense Motive|Spot
1	SAB:Favored Celeb %|FavoredCeleb	SAB:Dramatic Injury	BONUS:VAR|FavoredCeleb|1	DEFINE:FavoredCeleb|0
2	SAB:Hey Buddy! %/day (DC %)|CL+CHA|15+CL+CHA			BONUS:VAR|FavoredCeleb|2
3	SAB:Mind Over Money							BONUS:VAR|FavoredCeleb|4
4	SAB:Dirty Laundry								BONUS:VAR|FavoredCeleb|5
5	SAB:Impossible Shot							BONUS:VAR|FavoredCeleb|3

# Class Name	Hit Dice	Type			Abbreviation	Max Level	Source Page		Save checks bonus												Combat bonus
CLASS:Scrambler	HD:8		TYPE:PC.Prestige	ABB:Scr		MAXLEVEL:10	SOURCEPAGE:86	BONUS:CHECKS|BASE.Reflex|CL/2+2	BONUS:CHECKS|BASE.Fortitude,BASE.Will|CL/3	BONUS:COMBAT|BAB|CL/3*4|TYPE=Base.REPLACE
# Class Name	Req. Att.	Required Feat				Required Skill
CLASS:Scrambler	PREATT:4	PREFEAT:3,Dodge,Mobility,Serpentine	PRESKILL:2,Tumble=8,Bluff=8
# Class Name	Skill Pts/Lvl	Class Skill
CLASS:Scrambler	STARTSKILLPTS:4	CSKILL:Balance|Bluff|Climb|Jump|Sense Motive|Tumble
1	AUTO:FEAT|Simple Weapon Proficiency
1	AUTO:FEAT|Armor Proficiency (Light)
###Block: Normal Level Progression
1	SAB:Scrambler AC Bonus +%|ScramblerAC	SAB:Buckler Expert	BONUS:COMBAT|AC|ScramblerAC|TYPE=Scrambler	BONUS:VAR|ScramblerAC|(CL+1)/2	DEFINE:ScramblerAC|0
3	SAB:Tie Up Opponent
4	SAB:Scramble
5	SAB:Two-Buckler Style
6	SAB:Everywhere at Once
8	SAB:Improved Two-Buckler Style
9	SAB:Zone Defense
10	SAB:Ultimate Two-Buckler Style

# Class Name	Hit Dice	Type			Abbreviation	Max Level	Source Page		Save checks bonus											Combat bonus
CLASS:Superstar	HD:4		TYPE:PC.Prestige	ABB:SSt		MAXLEVEL:3	SOURCEPAGE:88	BONUS:CHECKS|BASE.Will|CL/2+2	BONUS:CHECKS|BASE.Fortitude,BASE.Will|CL/3	BONUS:COMBAT|BAB|CL/2|TYPE=Base.REPLACE
# Class Name	Req. Att.	Required Feat					Required Skill				Required Stat	Required Text
CLASS:Superstar	PREATT:5	PREFEAT:1,Crowd Favorite,The Profile	PRESKILL:2,Bluff=12,Perform=12	PRESTAT:1,FAM=50	PRETEXT:Must have 2 of the following: an obsessive stalker, 3+ magazine covers, entertainment news show dedicated to you, cameo as yourself in a movie or on TV, a fan club
# Class Name	Skill Pts/Lvl	Class Skill
CLASS:Superstar	STARTSKILLPTS:6	CSKILL:Bluff|Concentration|Diplomacy|Drive|Innuendo|Intimidate|Perform|Sense Motive|Speak Language|Use Magic Device
1	SAB:Eminence	SAB:Lifetime Achievement	ADD:CLASSSKILLS|3|ANY
2	SAB:Allure	SAB:Inner Circle (% friends)|CL+CHA
3	SAB:Must Do It For Fans
