# CVS $Revision: $ $Author: $ -- Fri Oct 20 01:26:43 2017 -- reformated by PCGen PrettyLST v6.06.00
###Block: Racial Equipment Special Abilities
# Elven Special Materials
# Modifier Name		Unique Key							Type										Plus		Cost				Visible		Type granted			Keys to replace						Source Page		Required Ability								Required Type								Modify VAR			Bonus Equip Mods													Bonus Armor Mods													Modify the item cost			Special Property
Darkleaf Cloth		KEY:MATERIAL_DARKLEAF_CLOTH_CLOTHING		TYPE:BaseMaterial.MasterworkQuality.Cloth.Clothing				COST:500			VISIBLE:QUALIFY	ITYPE:Darkleaf			REPLACES:MASTERWORK_ARMOR,MASTERWORK_WEAPON	SOURCEPAGE:p.27																									BONUS:EQM|WEIGHTDIV|2
Darkleaf Cloth		KEY:MATERIAL_DARKLEAF_CLOTH_ARMOR_LIGHT		TYPE:BaseMaterial.MasterworkQuality.Armor						COST:750			VISIBLE:QUALIFY	ITYPE:Darkleaf			REPLACES:MASTERWORK_ARMOR				SOURCEPAGE:p.27											PRETYPE:1,Light	PRETYPE:1,EQMOD=MATERIAL_LEATHER,Nonmetal					BONUS:EQM|WEIGHTDIV|2												BONUS:EQMARMOR|MAXDEX|2	BONUS:EQMARMOR|SPELLFAILURE|-10	BONUS:EQMARMOR|ACCHECK|3
Darkleaf Cloth		KEY:MATERIAL_DARKLEAF_CLOTH_ARMOR_MEDIUM		TYPE:BaseMaterial.MasterworkQuality.Armor						COST:1500			VISIBLE:QUALIFY	ITYPE:Darkleaf			REPLACES:MASTERWORK_ARMOR				SOURCEPAGE:p.27											PRETYPE:1,Medium	PRETYPE:1,EQMOD=MATERIAL_LEATHER,Nonmetal					BONUS:EQM|WEIGHTDIV|2												BONUS:EQMARMOR|MAXDEX|2	BONUS:EQMARMOR|SPELLFAILURE|-10	BONUS:EQMARMOR|ACCHECK|3
Darkleaf Cloth		KEY:MATERIAL_DARKLEAF_CLOTH_TOOL			TYPE:BaseMaterial.MasterworkQuality.Instruments.Tools.Goods			COST:WT*375			VISIBLE:QUALIFY	ITYPE:Darkleaf			REPLACES:MASTERWORK_ARMOR,MASTERWORK_WEAPON	SOURCEPAGE:p.27																									BONUS:EQM|WEIGHTDIV|2

Wyroot(1 Life Point)	KEY:MATERIAL_WYROOT_1LIFEPOINT			TYPE:BaseMaterial.Weapon								COST:BASECOST+1000	VISIBLE:QUALIFY	ITYPE:Wyroot			REPLACES:MASTERWORK_WEAPON				SOURCEPAGE:p.27											PRETYPE:1,EQMOD=MATERIAL_WOOD																																														SPROP:On confirmed critical, creature hit is unharmed and weapon gains 1 life point which can be absorbed by its wielder as 1 arcane or ki pool point with a swift action. This weapon can hold up to 1 life point.  Unspent life points dissipate at dusk.
Wyroot(2 Life Points)	KEY:MATERIAL_WYROOT_2LIFEPOINT			TYPE:BaseMaterial.Weapon								COST:BASECOST+2000	VISIBLE:QUALIFY	ITYPE:Wyroot			REPLACES:MASTERWORK_WEAPON				SOURCEPAGE:p.27											PRETYPE:1,EQMOD=MATERIAL_WOOD																																														SPROP:On confirmed critical, creature hit is unharmed and weapon gains 1 life point which can be absorbed by its wielder as 1 arcane or ki pool point with a swift action. This weapon can hold up to 2 life points.  Unspent life points dissipate at dusk.
Wyroot(3 Life Points)	KEY:MATERIAL_WYROOT_3LIFEPOINT			TYPE:BaseMaterial.Weapon								COST:BASECOST+4000	VISIBLE:QUALIFY	ITYPE:Wyroot			REPLACES:MASTERWORK_WEAPON				SOURCEPAGE:p.27											PRETYPE:1,EQMOD=MATERIAL_WOOD																																														SPROP:On confirmed critical, creature hit is unharmed and weapon gains 1 life point which can be absorbed by its wielder as 1 arcane or ki pool point with a swift action. This weapon can hold up to 3 life points.  Unspent life points dissipate at dusk.

# Aasimar Purifier Archetype Celestial Armor
Purifier Celestial	KEY:ARCHETYPE_PURIFIER_ARMOR_SA_CELESTIAL_ARMOR	TYPE:Armor											COST:0			VISIBLE:QUALIFY	ITYPE:Purifier Celestial									SOURCEPAGE:p.86	PREABILITY:1,CATEGORY=Archetype,Oracle Archetype ~ Purifier															BONUS:EQM|WEIGHTDIV|2|PREABILITY:1,CATEGORY=Special Ability,Celestial Armor ~ Purifier																						SPROP:No benefit.	SPROP:The purifier's armor takes on a golden or silvery sheen and becomes light as a feather.|PREABILITY:1,CATEGORY=Special Ability,Celestial Armor ~ Purifier

# Hobgoblin weapon abilities
Cruel				KEY:WEAPON_SA_CRUEL					TYPE:Weapon.Ammunition							PLUS:1					VISIBLE:QUALIFY														SOURCEPAGE:p.124																																																													SPROP:When the wielder strikes a creature that is frightened, shaken, or panicked, that creature becomes sickened for 1 round. When the wielder uses the weapon to knock unconscious or kill a creature, he gains 5 temporary hit points that last for 10 minutes.

# Oread shield abilities
Guarding			KEY:SHIELD_SA_GUARDING					TYPE:Shield									PLUS:1																					SOURCEPAGE:p.148																																																													SPROP:Allows the wearer to transfer some or all of the shield's enhancement bonus to an adjacent creature's AC
Guarding (Greater)	KEY:SHIELD_SA_GUARDING_GREATER			TYPE:Shield									PLUS:2																					SOURCEPAGE:p.148																																																													SPROP:Allows the wearer to transfer some or all of the shield's enhancement bonus to any number of adjacent allies.  All selected allies receive the same bonus. If a shielded target is ever more than 5 feet from the wearer, the effect ends for that target but not for any other targets.

# Sylph armor abilities
Cloudburst			KEY:ARMOR_SA_CLOUDBURST					TYPE:Armor																															SOURCEPAGE:p.160																																																							BONUS:ITEMCOST|TYPE.Armor|5000	SPROP:If an attack strikes the wearer and deals at least 10 points of electricity damage, as a swift action on the wearer's next turn that does not provoke an attack of opportunity, she may use shocking grasp as a spell-like ability, dealing 1d6 points of electricity damage for every 10 points of damage dealt to the wearer since last turn.

# Undine Weaponshaft
Undine Weaponshaft	KEY:MODIFICATION_SHAFT_UNDINE_WEAPONSHAFT		TYPE:Weapon																															SOURCEPAGE:p.177											PRETYPE:1,Reach,Spear,Polearm																																								BONUS:ITEMCOST|TYPE.Weapon|300	SPROP:As a full-round action, an undine can make a single melee attack with the weapon and use her hydraulic push spell-like ability against the target of that melee attack.

# Vanara Equipment
Whipwood			KEY:MATERIAL_WHIPWOOD					TYPE:BaseMaterial.Weapon								COST:500			VISIBLE:QUALIFY	ITYPE:Whipwood											SOURCEPAGE:p.207											PRETYPE:1,Wooden								BONUS:VAR|CMD_Sunder|2																																					SPROP:+5 Weapon's HP
