# CVS $Revision$ $Author$ -- Fri Oct 19 20:16:09 2012 -- reformated by prettylst.pl v1.39 (build 15052)
SOURCELONG:Rise of the Runelords, Chapter 2: The Skinsaw Murders	SOURCESHORT:PF2	SOURCEWEB:http://paizo.com/pathfinder/adventurePath/riseOfTheRunelords/v5748btpy8029	SOURCEDATE:2007-10
# Original Entry by: Stefan Radermacher

STARTPACK:Carrionstorm Default	VISIBLE:QUALIFY	EQUIPBUY:0	PREMULT:1,[!PRERACE:1,%],[PRERACE:1,Carrionstorm]	SOURCEPAGE:p.83
RACE:Carrionstorm	!PRERACE:1,%
NAME:Carrionstorm
ALIGN:NE
SKILL:Perception	RANK:2
FEAT:Improved Initiative
STAT:STR=10|DEX=11|CON=10|INT=10|WIS=10|CHA=10

STARTPACK:Boggard Priest-King Default	VISIBLE:QUALIFY	EQUIPBUY:0	PREMULT:1,[!PRERACE:1,%],[PRERACE:1,Boggard (Priest-King)]	SOURCEPAGE:p.84
RACE:Boggard (Priest-King)	!PRERACE:1,%
NAME:Boggard Priest-King
ALIGN:CE
SKILL:Perception	RANK:3
FEAT:Toughness
FEAT:Weapon Focus (Morningstar)
STAT:STR=11|DEX=11|CON=10|INT=10|WIS=11|CHA=10
GEAR:Morningstar	SIZE:PC	LOCATION:Primary Hand
GEAR:Leather	SIZE:PC	LOCATION:Equipped

STARTPACK:Faceless Stalker Default	VISIBLE:QUALIFY	EQUIPBUY:0	PREMULT:1,[!PRERACE:1,%],[PRERACE:1,Faceless Stalker]	SOURCEPAGE:p.88
RACE:Faceless Stalker	!PRERACE:1,%
NAME:Faceless Stalker
ALIGN:CE
SKILL:Climb			RANK:5
SKILL:Bluff			RANK:5
SKILL:Disguise		RANK:5
SKILL:Intimidate		RANK:5
SKILL:Sleight of Hand	RANK:5
FEAT:Dodge
FEAT:Combat Reflexes
FEAT:Improved Initiative
STAT:STR=10|DEX=10|CON=10|INT=10|WIS=11|CHA=10
GEAR:Longsword	SIZE:PC	LOCATION:Primary Hand	EQMOD:MWORKW

STARTPACK:Lamia Matriarch Default	VISIBLE:QUALIFY	EQUIPBUY:0	PREMULT:1,[!PRERACE:1,%],[PRERACE:1,Lamia Matriarch]	SOURCEPAGE:p.92
RACE:Lamia Matriarch	!PRERACE:1,%
NAME:Lamia Matriarch
ALIGN:CE
SKILL:Acrobatics			RANK:10
SKILL:Bluff				RANK:10
SKILL:Knowledge (Arcana)	RANK:10
SKILL:TYPE=Knowledge		RANK:7
SKILL:Spellcraft			RANK:12
SKILL:Use Magic Device		RANK:11
FEAT:Dodge
FEAT:Extend Spell
FEAT:Improved Critical (Scimitar)
FEAT:Iron Will
FEAT:Two-Weapon Fighting
FEAT:Weapon Focus (Scimitar)
STAT:STR=10|DEX=10|CON=11|INT=10|WIS=11|CHA=10
GEAR:Scimitar	SIZE:PC	LOCATION:Primary Hand	EQMOD:PLUS1W
GEAR:Scimitar	SIZE:PC	LOCATION:Secondary Hand	EQMOD:PLUS1W
SPELLS:SPELLBOOK=Known Spells|CLASS=Sorcerer|Haste|Death Knell|Invisibility|Cure Light Wounds|Divine Favor|Mage Armor|Shield|Dancing Lights|Daze|Detect Magic|Ghost Sound|Mage Hand|Mending|Prestidigitation

STARTPACK:Lyrakien Default	VISIBLE:QUALIFY	EQUIPBUY:0	PREMULT:1,[!PRERACE:1,%],[PRERACE:1,Lyrakien]	SOURCEPAGE:p.86
RACE:Lyrakien	!PRERACE:1,%
NAME:Lyrakien
ALIGN:CG
SKILL:Acrobatics		RANK:2
SKILL:Bluff			RANK:2
SKILL:TYPE=Knowledge	RANK:2	COUNT:2
SKILL:Perception		RANK:2
SKILL:TYPE=Perform	RANK:1	COUNT:2
SKILL:Spellcraft		RANK:2
SKILL:Stealth		RANK:2
FEAT:Improved Initiative
STAT:STR=11|DEX=11|CON=10|INT=11|WIS=11|CHA=11

STARTPACK:Lyrakien Familiar	VISIBLE:QUALIFY	EQUIPBUY:0	PREMULT:1,[!PRERACE:1,%],[PRERACE:1,Lyrakien]	SOURCEPAGE:p.86
RACE:Lyrakien	!PRERACE:1,%
ALIGN:CG
SKILL:Acrobatics		RANK:2
SKILL:Bluff			RANK:2
SKILL:TYPE=Knowledge	RANK:2	COUNT:2
SKILL:Perception		RANK:2
SKILL:TYPE=Perform	RANK:1	COUNT:2
SKILL:Spellcraft		RANK:2
SKILL:Stealth		RANK:2
FEAT:Improved Initiative
STAT:STR=11|DEX=11|CON=10|INT=11|WIS=11|CHA=11

STARTPACK:Revenant Default	VISIBLE:QUALIFY	EQUIPBUY:0	PREMULT:1,[!PRERACE:1,%],[PRERACE:1,Revenant]	SOURCEPAGE:p.92
RACE:Revenant	!PRERACE:1,%
NAME:Revenant
ALIGN:LE
SKILL:Climb		RANK:3
SKILL:Intimidate	RANK:4
SKILL:Perception	RANK:7
FEAT:Power Attack
FEAT:Cleave
FEAT:Weapon Focus (Claw)
FEAT:Improved Bull Rush
STAT:STR=10|DEX=10|CON=10|INT=10|WIS=10|CHA=10
