# CVS $Revision$ $Author$ -- Tue Dec 15 01:48:08 2015 -- reformated by PCGen PrettyLST v6.06.00
SOURCELONG:Quests	SOURCESHORT:Quests	SOURCEWEB:http://www.rpgnow.com/product_info.php?products_id=5380&src=AleaPublsihingGroup	SOURCEDATE:2005-01

# Class Name	Hit Dice	Type			Max Level	Source Page		Combat bonus															Save bonus																														Modify VAR
CLASS:Honor Guard	HD:12		TYPE:PC.Prestige	MAXLEVEL:10	SOURCEPAGE:p.5	BONUS:COMBAT|BASEAB|classlevel("APPLIEDAS=NONEPIC")*3/4|TYPE=Base.REPLACE|PREVAREQ:UseFractionalBAB,0	BONUS:SAVE|BASE.Fortitude|(classlevel("APPLIEDAS=NONEPIC")+3)*2/5	BONUS:SAVE|BASE.Reflex|classlevel("APPLIEDAS=NONEPIC")/2+2	BONUS:SAVE|BASE.Will|classlevel("APPLIEDAS=NONEPIC")/3	BONUS:VAR|ClassBABModerate|classlevel("APPLIEDAS=NONEPIC")|PREVAREQ:UseFractionalBAB,1
# Class Name	Required Ability					Required AL		Required Skill								Required Text					PRETOTALAB
CLASS:Honor Guard	PREABILITY:1,CATEGORY=FEAT,Alertness	PREALIGN:LG,NG,CG	PRESKILL:2,Diplomacy=2,Knowledge (Nobility and Royalty)=2	PRETEXT:Honor Guard, Honor score of 25+	PRETOTALAB:5
# Class Name	Skill Pts/Lvl	Class Skill
CLASS:Honor Guard	STARTSKILLPTS:2	CSKILL:Diplomacy|Gather Information|Listen|Knowledge (local)|Knowledge (Nobility and Royalty)|Profession (Soldier)|Sense Motive|Spot
1							ABILITY:Special Ability|AUTOMATIC|Harm's Way ~ Honor Guard|Honor Guard ~ Honor Guard	SPELLS:Class|TIMES=ATWILL|CASTERLEVEL=CL|Detect Evil,11+WIS
2	BONUS:VAR|CombatSense|(CL+4)/6	ABILITY:Special Ability|AUTOMATIC|Combat Sense ~ Honor Guard
3							ABILITY:Special Ability|AUTOMATIC|Lawful Strike ~ Honor Guard
4							ABILITY:Special Ability|AUTOMATIC|Sudden Action ~ Honor Guard
5							ABILITY:Special Ability|AUTOMATIC|Elite Honor Guard ~ Honor Guard
6							ABILITY:FEAT|AUTOMATIC|Diehard
7							ABILITY:Special Ability|AUTOMATIC|Defensive Strike ~ Honor Guard
10							ABILITY:Special Ability|AUTOMATIC|Blanket Protection ~ Honor Guard

# Class Name		Hit Dice	Type			Max Level	Source Page		Combat bonus															Save bonus																					Modify VAR
CLASS:Questing Knight	HD:10		TYPE:PC.Prestige	MAXLEVEL:10	SOURCEPAGE:p.6	BONUS:COMBAT|BASEAB|classlevel("APPLIEDAS=NONEPIC")*3/4|TYPE=Base.REPLACE|PREVAREQ:UseFractionalBAB,0	BONUS:SAVE|BASE.Fortitude,BASE.Will|classlevel("APPLIEDAS=NONEPIC")/2+	BONUS:SAVE|BASE.Reflex|classlevel("APPLIEDAS=NONEPIC")/3	BONUS:VAR|ClassBABModerate|classlevel("APPLIEDAS=NONEPIC")|PREVAREQ:UseFractionalBAB,1
# Class Name		Required Ability				Required Skill									Required Text			PRETOTALAB
CLASS:Questing Knight	PREABILITY:1,CATEGORY=FEAT,Quest	PRESKILL:2,Knowledge (Local)=2,Knowledge (Nobility and Royalty)=2	PRETEXT:Bound by an Oath	PRETOTALAB:5
# Class Name		Skill Pts/Lvl	Class Skill
CLASS:Questing Knight	STARTSKILLPTS:2	CSKILL:Diplomacy|Gather Information|Knowledge (local)|Knowledge (Nobility and Royalty)|Sense Motive
1								BONUS:VAR|KnowledgeLocal|((CL+1)/2)*2	ABILITY:Special Ability|AUTOMATIC|Fearless ~ Questing Knight	ABILITY:Special Ability|AUTOMATIC|Knowledge Local ~ Questing Knight
2:REPEATLEVEL:2	BONUS:ABILITYPOOL|Quest|1
4															ABILITY:Special Ability|AUTOMATIC|Honorable Surge ~ Questing Knight
