# Sat Sep 21 13:31:46 2019 -- reformatted by PCGen TidyLst v1.04.00


# Variable Name
CHANNEL:PC.STAT|NUMBER=StatScore

LOCAL:PC.MOVEMENT|NUMBER=Speed

# How to adjust Size? This throws an error...
#LOCAL:PC.SIZEADJUSTMENT|NUMBER=Size

LOCAL:PC.VISION|NUMBER=Range



LOCAL:PC.EQUIPMENT|NUMBER=Capacity
LOCAL:PC.EQUIPMENT|NUMBER=AC
LOCAL:PC.EQUIPMENT|NUMBER=AC_Prof
LOCAL:PC.EQUIPMENT|NUMBER=Bulk


LOCAL:PC.EQUIPMENT|NUMBER=StrengthValue
LOCAL:PC.EQUIPMENT|NUMBER=ItemLevel
LOCAL:PC.EQUIPMENT|NUMBER=Price

LOCAL:PC.EQUIPMENT.PART|NUMBER=ToHit
LOCAL:PC.EQUIPMENT.PART|DICE=Damage
LOCAL:PC.EQUIPMENT.PART|NUMBER=DamageBonus
























LOCAL:PC.EQUIPMENT|WeaponSlot
LOCAL:PC.EQUIPMENT|UpgradeSlot
LOCAL:PC.EQUIPMENT|UpgradeSlotTaken







LOCAL:PC.SKILL|NUMBER=Rank
LOCAL:PC.SKILL|NUMBER=Misc
LOCAL:PC.SKILL|NUMBER=Stat
LOCAL:PC.SKILL|NUMBER=Insight
LOCAL:PC.SKILL|NUMBER=Morale
LOCAL:PC.SKILL|NUMBER=Competence
LOCAL:PC.SKILL|NUMBER=Racial
LOCAL:PC.SKILL|NUMBER=Gear
LOCAL:PC.SKILL|NUMBER=Other



LOCAL:PC.STAT|NUMBER=Score
LOCAL:PC.STAT|NUMBER=Mod

LOCAL:PC.SAVE|NUMBER=Save_StatBonus



GLOBAL:NUMBER=STR
GLOBAL:NUMBER=DEX
GLOBAL:NUMBER=CON
GLOBAL:NUMBER=INT
GLOBAL:NUMBER=WIS
GLOBAL:NUMBER=CHA

GLOBAL:NUMBER=STRSCORE
GLOBAL:NUMBER=DEXSCORE
GLOBAL:NUMBER=CONSCORE
GLOBAL:NUMBER=INTSCORE
GLOBAL:NUMBER=WISSCORE
GLOBAL:NUMBER=CHASCORE


GLOBAL:NUMBER=Unencumbered
GLOBAL:NUMBER=Encumbered
GLOBAL:NUMBER=Overloaded


GLOBAL:NUMBER=Race_Hands
GLOBAL:NUMBER=Race_Reach
GLOBAL:NUMBER=Race_Legs

GLOBAL:BOOLEAN=RaceIsLong

GLOBAL:BOOLEAN=RaceType_Humanoid
GLOBAL:BOOLEAN=RaceType_Construct

GLOBAL:ORDEREDPAIR=Face
