# CVS $Revision$ $Author$ -- Thu May 17 18:58:16 2012 -- reformated by prettylst.pl v1.39 (build 15052)
SOURCELONG:Pathfinder Chronicles: Dragon Empires Gazetteer	SOURCESHORT:DEG	SOURCEWEB:http://paizo.com/products/btpy8pfu	SOURCEDATE:2012-02

# Race Name	Starting Feats	Size		Move			Face/Space	Reach		Automatic Languages		Bonus Languages															Bonus to Ability Pool				Stat bonus						Ability																										Main Race Type	Race Subtype				Type			Template		Challenge Rating
Kitsune				STARTFEATS:1	SIZE:M	MOVE:Walk,30	FACE:5	REACH:5	LANGAUTO:Common,Tien,Senzar	LANGBONUS:Aklo,Celestial,Elven,Gnome,Nagaji,Samsaran,Tengu,Wayang							BONUS:ABILITYPOOL|Kitsune Racial Trait|4	BONUS:STAT|DEX,CHA|2	BONUS:STAT|STR|-2	ABILITY:Internal|AUTOMATIC|Kitsune Racial Trait Default|PREABILITY:1,CATEGORY=Special Ability,Grant Default Racial Abilities	ABILITY:Internal|AUTOMATIC|Default	RACETYPE:Humanoid	RACESUBTYPE:Kitsune|Shapechanger	TYPE:Base.PC	TEMPLATE:Kitsune	CR:1/2
Nagaji				STARTFEATS:1	SIZE:M	MOVE:Walk,30	FACE:5	REACH:5	LANGAUTO:Nagaji,Tien		LANGBONUS:Abyssal,Aklo,Celestial,Draconic,Giant,Infernal,Samsaran,Senzar,Sylvan,Tengu,Wayang		BONUS:ABILITYPOOL|Nagaji Racial Trait|3	BONUS:STAT|STR,CHA|2	BONUS:STAT|INT|-2	ABILITY:Internal|AUTOMATIC|Nagaji Racial Trait Default|PREABILITY:1,CATEGORY=Special Ability,Grant Default Racial Abilities	ABILITY:Internal|AUTOMATIC|Default	RACETYPE:Humanoid	RACESUBTYPE:Reptilian			TYPE:Base.PC	TEMPLATE:Nagaji	CR:1/2
Samsaran				STARTFEATS:1	SIZE:M	MOVE:Walk,30	FACE:5	REACH:5	LANGAUTO:Samsaran,Tien		LANGBONUS:Abyssal,Aquan,Auran,Celestial,Draconic,Giant,Ignan,Infernal,Nagaji,Senzar,Tengu,Wayang	BONUS:ABILITYPOOL|Samsaran Racial Trait|3	BONUS:STAT|INT,WIS|2	BONUS:STAT|CON|-2	ABILITY:Internal|AUTOMATIC|Samsaran Racial Trait Default|PREABILITY:1,CATEGORY=Special Ability,Grant Default Racial Abilities	ABILITY:Internal|AUTOMATIC|Default	RACETYPE:Humanoid	RACESUBTYPE:Samsaran			TYPE:Base.PC	TEMPLATE:Samsaran	CR:1/2
Tengu		KEY:Tengu_DEG	STARTFEATS:1	SIZE:M	MOVE:Walk,30	FACE:5	REACH:5	LANGAUTO:Tengu,Tien		LANGBONUS:ALL															BONUS:ABILITYPOOL|Tengu Racial Trait|4	BONUS:STAT|DEX,WIS|2	BONUS:STAT|CON|-2	ABILITY:Internal|AUTOMATIC|Tengu Racial Trait Default|PREABILITY:1,CATEGORY=Special Ability,Grant Default Racial Abilities	ABILITY:Internal|AUTOMATIC|Default	RACETYPE:Humanoid	RACESUBTYPE:Tengu				TYPE:Base.PC	TEMPLATE:Tengu	CR:1/2
Wayang				STARTFEATS:1	SIZE:S	MOVE:Walk,20	FACE:5	REACH:5	LANGAUTO:Wayang,Tien		LANGBONUS:Abyssal,Aklo,Draconic,Goblin,Infernal,Nagaji,Samsaran,Senzar,Tengu					BONUS:ABILITYPOOL|Wayang Racial Trait|4	BONUS:STAT|DEX,INT|2	BONUS:STAT|WIS|-2	ABILITY:Internal|AUTOMATIC|Wayang Racial Trait Default|PREABILITY:1,CATEGORY=Special Ability,Grant Default Racial Abilities	ABILITY:Internal|AUTOMATIC|Default	RACETYPE:Humanoid	RACESUBTYPE:Wayang			TYPE:Base.PC	TEMPLATE:Wayang	CR:1/2


Tengu.FORGET