SOURCELONG:Rise of the Runelords, Chapter 3 - The Hook Mountain Massacre	SOURCESHORT:AP003	SOURCEWEB:http://paizo.com/pathfinder/adventurePath/riseOfTheRunelords/v5748btpy80e8	SOURCEDATE:2007-08

# Template Name			Hit Dice Size	Challenge Rating	Visible	Template						Source Page		Special ABility											Define			Required Race										Required Size	Bonus to Ability Pool												Save checks bonus			Combat bonus						Bonus to HP						Bonus to skill							Stat bonus									Modify VAR												Class Skill		Ability												Move		Subrace		Main Race Type	Race Subtype		Vision
Ogrekin							CR:1												SOURCEPAGE:pg.90																		PRERACE:1,RACETYPE=Fey,RACETYPE=Humanoid,RACETYPE=Monstrous Humanoid	PRESIZEEQ:M		BONUS:ABILITYPOOL|Ogrekin Advantageous Deformity,Ogrekin Disadvantageous Deformity|1						BONUS:COMBAT|AC|3|TYPE=NaturalArmor																			BONUS:STAT|STR|6	BONUS:STAT|CON|4	BONUS:STAT|INT,CHA|-2																																SUBRACE:Ogrekin	RACETYPE:Giant					VISION:Low-light
NPC Raging																																																																					BONUS:CHECKS|Will|RageMorale	BONUS:COMBAT|AC|-1*(RageACPenalty)																			BONUS:STAT|CON|RageConBonus	BONUS:STAT|STR|RageStrBonus	BONUS:VAR|RageDuration|-(RageConBonus/2)	BONUS:VAR|Enraged|1
Dorella Kreeg's Magic Buffs																																																																							BONUS:COMBAT|AC|4|TYPE=Armor
Barl Breakbones Skills								VISIBLE:NO																																																																																																														CSKILL:Perception
Barl Breakbones Magic Buffs																																																																							BONUS:COMBAT|AC|4|TYPE=Armor				BONUS:HP|CURRENTMAX|11|TYPE=Enhancement
Lucrecia's Magic Buffs																																																																								BONUS:COMBAT|AC|4|TYPE=Armor
Ghost (Myriana)			HITDIE:12		CR:2			VISIBLE:NO	TEMPLATE:Undead	TEMPLATE:Incorporeal				SAB:Rejuvenation (Su)	SAB:Turn Resistance +4 (Ex)	SAB:Manifestation (Su)	DEFINE:GhostAbilityDC|0																																				BONUS:COMBAT|AC|max(CHA,1)|TYPE=Deflection								BONUS:SKILL|Stealth,Perception,Search|8|TYPE=Racial	BONUS:STAT|CHA|4								BONUS:VAR|GhostAbilityDC|10+(TL/2)+CHA	BONUS:VAR|NymphBlindingBeautyDC|2				ABILITY:Special Ability|AUTOMATIC|Corrupting Gaze|Draining Touch|Telekinesis	MOVE:Fly,30	SUBRACE:Ghost	RACETYPE:Undead	RACESUBTYPE:Incorporeal	VISION:Darkvision (60')
