# CVS $Revision$ $Author$ -- Tue Dec 15 01:48:08 2015 -- reformated by PCGen PrettyLST v6.06.00
SOURCELONG:Diadamon Pantheon	SOURCESHORT:DP	SOURCEWEB:http://www.dcrouzet.net/nbomisc/	SOURCEDATE:2002-01

###Block: sovereign gods of virtues
# Deity Name	Output Name			Domains									Description of Deity/Title	Deity Weapon				Align		Source Page		Holy Item														Pantheon		Deity Title																		Usual Worshippers
Althain						DOMAINS:Good,Knowledge,Plant|PREALIGN:LG,NG,CG			DESC:Intermediate Deity								ALIGN:NG	SOURCEPAGE:p.10	FACT:Symbol|Oak Leaves													FACTSET:Pantheon|Diadamon	FACT:Title|Eternal Candle, Grand Oaklord, Great Spirit of the Forest, Lamp Bearer, Unceasing Scribe				FACT:Worshippers|Sages, scribes, wizards, tutors, philosophers, scholars, record keepers, woodsmen, woodcutters, forest dwellers, shepherds, and hunters.
Ar Talath		OUTPUTNAME:Ar-Talath	DOMAINS:Good,Law,Plant,Sun|PREALIGN:LG,LN,NG			DESC:Greater Deity		DEITYWEAP:Flail				ALIGN:LG	SOURCEPAGE:p.13	FACT:Symbol|Bough of cereal stalks											FACTSET:Pantheon|Diadamon	FACT:Title|Bow of Heaven, Lord of the Steppe, Old God, Sun God, Torch of the Gods							FACT:Worshippers|Peasants, farmers, gardeners, merchants, steppe nomads, plain dwellers, and manor lords
Beshada						DOMAINS:Chaos,Good,Healing,Moonlight|PREALIGN:NG,CG,CN	DESC:Greater Deity		DEITYWEAP:Longbow|Shortbow		ALIGN:CG	SOURCEPAGE:p.15	FACT:Symbol|Sheaf of silver arrows, three rings on a post, or three women of differing ages	FACTSET:Pantheon|Diadamon	FACT:Title|Divine Mother, Goddess of the Chase, Lady of Birthing, Light of Heaven, Moon Goddess, Protector of Midwives	FACT:Worshippers|Rangers, hunters, non-evil lycanthropes, midwives, lovers, poets, and most women
Coeurstaw						DOMAINS:Good,Law,War|PREALIGN:LG,LN,NG				DESC:Intermediate Deity		DEITYWEAP:Lance				ALIGN:LG	SOURCEPAGE:p.18	FACT:Symbol|White war-horse on a purple background, or a sun-shaped shield				FACTSET:Pantheon|Diadamon	FACT:Title|Divine Knight, God of Thwarted Love, Light-Bringer, Noble Light, Protector of Pilgrims				FACT:Worshippers|Paladins, knights, honorable warriors, soldiers, eunuchs, and arms masters
La ahl		OUTPUTNAME:La'ahl		DOMAINS:Good,Healing,Law|PREALIGN:LG,LN,NG			DESC:Greater Deity		DEITYWEAP:Net				ALIGN:LG	SOURCEPAGE:p.20	FACT:Symbol|Two-headed serpent in a vine ring or a white thorn plant					FACTSET:Pantheon|Diadamon	FACT:Title|Beloved One, Breath of Life, Lady of Unity, Mistress of Serpents								FACT:Worshippers|Healers, townspeople, bards, innkeepers, virgins, and farmers
Silvera						DOMAINS:Good,Protection,War|PREALIGN:LG,NG,CG			DESC:Intermediate Deity		DEITYWEAP:Mace (Light)|Mace (Heavy)	ALIGN:NG	SOURCEPAGE:p.22	FACT:Symbol|Porcupine or portcullis										FACTSET:Pantheon|Diadamon	FACT:Title|Eternal Guardian, Golden Bear, Queen of the Lake, Sharing Hand, Watchful One						FACT:Worshippers|Knights, guards, scouts, refugees, stone masons, and unfortunates
Thoshanir						DOMAINS:Good,Healing,Law,Purity|PREALIGN:LG,LN,NG		DESC:Greater Deity		DEITYWEAP:Warhammer			ALIGN:LG	SOURCEPAGE:p.24	FACT:Symbol|Honeybee													FACTSET:Pantheon|Diadamon	FACT:Title|Dispenser of Justice, Divine Tribunal, Eater of Filth, Immaculate One, Slayer of Demons, Sword of Justness	FACT:Worshippers|Servants, kind and helpful people, martyrs, lawmen, and knights

###Block: sovereign gods of balance
# Deity Name	Domains									Description of Deity/Title	Deity Weapon								Align		Source Page		Holy Item									Pantheon		Deity Title																						Usual Worshippers
Argenta		DOMAINS:Chaos,Knowledge,Water|PREALIGN:CG,CN,CE			DESC:Intermediate Deity		DEITYWEAP:Club										SOURCEPAGE:p.27	FACT:Symbol|Unblinking eye or water lily leaf.				FACTSET:Pantheon|Diadamon	FACT:Title|Agent of Good Fortune, Golden Temptress, Mistress of the Silver Touch, She of a Thousand Eyes.							FACT:Worshippers|Wealthy, patricians, usurers, merchants, moneychangers, goldsmiths, silversmiths, minters, townspeople, and bounty hunters.
Arn Droue		DOMAINS:Fire,Law,Thought|PREALIGN:LG,LN,LE			DESC:Intermediate Deity		DEITYWEAP:Crossbow (Heavy)|Crossbow (Light)|Crossbow (Hand)			SOURCEPAGE:p.29	FACT:Symbol|Olive branch							FACTSET:Pantheon|Diadamon	FACT:Title|Creative One, Great Benefactor, Keeper of the Sacred Flame, Laboring God, Lord of the Flame, Master of the Forge, Sublime Smithy.	FACT:Worshippers|Artisans, craftsmen, smithies, engineers, trappers, fire elementalists, and mechanics.
Bharkhamel		DOMAINS:Destruction,Luck,Sky,War|PREALIGN:LN,NG,TN,NE,CN	DESC:Greater Deity		DEITYWEAP:Battleaxe							ALIGN:TN	SOURCEPAGE:p.31	FACT:Symbol|Battle axe and two lightning bolts.			FACTSET:Pantheon|Diadamon	FACT:Title|Blood God, Glorious God, God of Tears.																FACT:Worshippers|Mercenaries, guards, warriors, soldiers, gladiators, military leaders, and adventurers.
Diaderum		DOMAINS:Animal,Sky,Water|PREALIGN:CG,CN,CE								DEITYWEAP:Trident								ALIGN:CN	SOURCEPAGE:p.32	FACT:Symbol|Three dancing fish in a jade pool or a conch shell.	FACTSET:Pantheon|Diadamon	FACT:Title|Lady of the Sea, Mistress of the Depths.																FACT:Worshippers|Sailors, fishermen, whalers, water elementalists, and navigators.
Eptielle		DOMAINS:Chaos,Emotion,Healing|PREALIGN:CG,CN,CE			DESC:Intermediate Deity		DEITYWEAP:Dagger								ALIGN:CN	SOURCEPAGE:p.34	FACT:Symbol|Vanity mirror, flowers, or caged songbird.		FACTSET:Pantheon|Diadamon	FACT:Title|Golden Goddess.																				FACT:Worshippers|Lovers, dancers, and romantics.
Erog			DOMAINS:Air,Animal,Emotion,Water|PREALIGN:LN,NG,TN,NE,CN	DESC:Intermediate Deity		DEITYWEAP:Claw								ALIGN:TN	SOURCEPAGE:p.36	FACT:Symbol|Wolf paw with eyes.						FACTSET:Pantheon|Diadamon	FACT:Title|Breath of Winter, Divine Harpist, Emperor of Beasts, Father Wolf, Frost Lord, Night Singer.							FACT:Worshippers|Bards, minstrels, musicians, barbarians, trappers, and rangers.
Finos			DOMAINS:Knowledge,Luck,Trickery|PREALIGN:LN,NG,TN,NE,CN	DESC:Intermediate Deity		DEITYWEAP:Club								ALIGN:TN	SOURCEPAGE:p.38	FACT:Symbol|Begging bowl or a rag armband.				FACTSET:Pantheon|Diadamon	FACT:Title|Lost God, Prince of Rags, Unseen One.
Oerne			DOMAINS:Decay,Law,Mortality|PREALIGN:LG,LN,LE			DESC:Greater Deity		DEITYWEAP:Mace (Light)|Mace (Heavy)					ALIGN:LN	SOURCEPAGE:p.40	FACT:Symbol|Vulture feather or a jackal.					FACTSET:Pantheon|Diadamon	FACT:Title|Guardian of Graves, Lady of the Necropolis, Mistress of the Dead, Sacred Ward of Mortality.							FACT:Worshippers|Gravediggers, morticians, embalmers, pessimists, stone engravers, the dying, and relatives of the recently deceased.
Pip			DOMAINS:Chaos,Knowledge,Luck|PREALIGN:CG,CN,CE			DESC:Greater Deity		DEITYWEAP:Sling								ALIGN:CN	SOURCEPAGE:p.42	FACT:Symbol|Checkerboard pattern with manacles.			FACTSET:Pantheon|Diadamon	FACT:Title|Feather of Heaven, Hand of Fate, Lord of Providence, Master of Destiny, Sign Bringer.								FACT:Worshippers|Nobles, gamblers, merchants, travelers, adventurers, seers, fortunetellers, diviners, and mystics.
Zykhiralamshad	DOMAINS:Chaos,Magic,Trickery|PREALIGN:CG,CN,CE			DESC:Greater Deity		DEITYWEAP:Quarterstaff							ALIGN:CN	SOURCEPAGE:p.44	FACT:Symbol|Black bird.							FACTSET:Pantheon|Diadamon	FACT:Title|High Arcanum, Lady of Enigma																		FACT:Worshippers|Wizards, sorcerers, con-artists, street magicians, investigators, judges, and explorers.

###Block: sovereign gods of vices
# Deity Name	Output Name			Domains								Description of Deity/Title	Deity Weapon				Align		Source Page		Holy Item												Pantheon		Deity Title																Usual Worshippers
Dyarx							DOMAINS:Chaos,Evil,Terror,Thought|PREALIGN:NE,CN,CE	DESC:Intermediate Deity		DEITYWEAP:Dagger				ALIGN:CE	SOURCEPAGE:p.47	FACT:Symbol|Scorpion in a web, bearded goat on a black disk, or a jagged dagger.	FACTSET:Pantheon|Diadamon	FACT:Title|Divine Hand of Madness, Lord of the Dark Moon, Sage of Terror, Shadow Fiend, Slayer of Hope.	FACT:Worshippers|Tyrants, secret police, thugs, madmen, and bullies.
Habatwa						DOMAINS:Air,Chaos,Evil,Sky|PREALIGN:NE,CN,CE		DESC:Greater Deity		DEITYWEAP:Sword (Short)			ALIGN:CE	SOURCEPAGE:p.49	FACT:Symbol|Human skull on a storm cloud.							FACTSET:Pantheon|Diadamon	FACT:Title|Berserker Mistress, Bitch Goddess, Queen of the Furies.							FACT:Worshippers|Raiders, witches, evil berserkers, seamen, feminists, shrews, spinsters, and the vengeful.
Mor Brawg						DOMAINS:Destruction,Evil,Terror|PREALIGN:LE,NE,CE	DESC:Intermediate Deity		DEITYWEAP:Morningstar			ALIGN:NE	SOURCEPAGE:p.51	FACT:Symbol|Hangman's noose and a spiked ball.							FACTSET:Pantheon|Diadamon	FACT:Title|Flayed One, Tormenter of Dreams.											FACT:Worshippers|Kidnappers, marauders, sadists, torturers, invokers, interrogators, pyromaniacs, violent mercenaries, sappers, and assassins.
Ombrum						DOMAINS:Earth,Evil,Law,Strength|PREALIGN:LN,LE,NE	DESC:Greater Deity		DEITYWEAP:Mace (Light)|Mace (Heavy)	ALIGN:LE	SOURCEPAGE:p.53	FACT:Symbol|Mace-like rod or a crenellated tower.						FACTSET:Pantheon|Diadamon	FACT:Title|Grey Archlord, He Who Must Be Served, Master of Dominions, Supreme One.					FACT:Worshippers|Nobility, megalomaniacs, wealthy, blackmailers, merchants, jailers, slavers, guild members, and mountain dwellers.
Te oberon		OUTPUTNAME:Te'oberon	DOMAINS:Evil,Knowledge,Trickery|PREALIGN:LE,NE,CE	DESC:Intermediate Deity		DEITYWEAP:Longsword			ALIGN:NE	SOURCEPAGE:p.55	FACT:Symbol|Blood-stained rope and a red snake.						FACTSET:Pantheon|Diadamon	FACT:Title|Shadow Mistress, Trickster Goddess.											FACT:Worshippers|Burglars, cutpurses, swindlers, fences, charlatans, smugglers, highwaymen, shadow mages, and the corrupt.
Vhoux							DOMAINS:Chaos,Death,Evil|PREALIGN:NE,CN,CE		DESC:Greater Deity		DEITYWEAP:Falchion			ALIGN:CE	SOURCEPAGE:p.57	FACT:Symbol|Horned star on an orange moon.							FACTSET:Pantheon|Diadamon	FACT:Title|Cannibal of the Dead, Devourer of Souls, Wilding God.								FACT:Worshippers|Rebels, anarchists, saboteurs, nihilists, disfigured or vengeful outcasts, cultists, cannibals, assassins, and murderers.
Vilnibog						DOMAINS:Decay,Destruction,Evil|PREALIGN:LE,NE,CE	DESC:Lesser Deity									ALIGN:NE	SOURCEPAGE:p.60	FACT:Symbol|Worm totem on a web.									FACTSET:Pantheon|Diadamon	FACT:Title|Prince of Rot, Worm Lord.												FACT:Worshippers|Wererats, lepers, impoverished, outcasts, cultists, scavengers, cheese makers, brewers, fermenters, farmers, and druids.

###Block: preeminent gods
# Deity Name	Output Name			Domains									Description of Deity/Title	Deity Weapon				Align		Source Page		Holy Item													Pantheon		Deity Title																					Usual Worshippers
Chalerva						DOMAINS:Chaos,Emotion,Good,Water|PREALIGN:NG,CG,CN		DESC:Lesser Deity			DEITYWEAP:Rapier				ALIGN:CG	SOURCEPAGE:p.62	FACT:Symbol|Fountain or a pair of masks.									FACTSET:Pantheon|Diadamon	FACT:Title|Breath of Creation, Lady of Eloquent Grace, Light Twin, She of the Honeyed Voice, Sublime Patron, Virgin Goddess.			FACT:Worshippers|Artists, architects, bards, patrons of the arts, thespians, performers, illuminators, and architects.
Fel shire		OUTPUTNAME:Fel'shire	DOMAINS:Passage,Plant,Sun|PREALIGN:LN,NG,TN,NE,CN		DESC:Intermediate Deity		DEITYWEAP:Club				ALIGN:TN	SOURCEPAGE:p.64	FACT:Symbol|Five-sided wild flower or a vine wreath.							FACTSET:Pantheon|Diadamon	FACT:Title|Caretaker of the Sleeping One, Flower Empress, Lady of Blossoms, Silent Hand.									FACT:Worshippers|Hermits, rangers, woodsmen, herbalists, gardeners, and druids.
Khlor							DOMAINS:Evil,Law,Terror,War|PREALIGN:LN,LE,NE			DESC:Lesser Deity			DEITYWEAP:Longsword			ALIGN:LE	SOURCEPAGE:p.66	FACT:Symbol|A jade eye or a steel gauntlet grasping a circlet of thorns.			FACTSET:Pantheon|Diadamon	FACT:Title|Ash Knight, Dread Tyrant, Exhalted Orator, Jade Eye, Lord of Iron Rings, Toothgrinder.							FACT:Worshippers|Tyrants, demagogues, ruthless lords, warriors, merchants, bigots, agitators, inquisitors, and fanatics.
Onuyl							DOMAINS:Knowledge,Luck,Travel|PREALIGN:LN,NG,TN,NE,CN		DESC:Greater Deity		DEITYWEAP:Pick (Light)|Pick (Heavy)	ALIGN:TN	SOURCEPAGE:p.68	FACT:Symbol|Obelisk or a bowl of stars.									FACTSET:Pantheon|Diadamon	FACT:Title|Devourer, Hand of Oblivion, Illuminator of Myriads, Unrelenting One.										FACT:Worshippers|Historians, astrologers, diviners, doom sayers, elders, explorers, navigators, and travelers.
Shizle						DOMAINS:Law,Passage,Strength|PREALIGN:LG,LN,LE			DESC:Lesser Deity			DEITYWEAP:Sword (Two-Bladed)		ALIGN:LN	SOURCEPAGE:p.69	FACT:Symbol|Sunrise on a beam and columns or a discus.						FACTSET:Pantheon|Diadamon	FACT:Title|Daughter of Might, Divine Splendor, Her Rising Glory, High Champion, Mistress of Challenges, Protector of the Heavens.		FACT:Worshippers|Athletes, laborers, adventurers, warriors, amazons, berserkers, generals, and heroes.
Skap ne		OUTPUTNAME:Skap'ne	DOMAINS:Chaos,Destruction,Earth,Evil|PREALIGN:NE,CN,CE	DESC:Lesser Deity			DEITYWEAP:Shortbow			ALIGN:CE	SOURCEPAGE:p.71	FACT:Symbol|Triangular rack frame or a taloned hill enveloping a diamond arrow.		FACTSET:Pantheon|Diadamon	FACT:Title|Beast of the Hills, Dark Scavenger, Headless Ghul, Lord of Envy, Smoldering Serpent, Stalking God.					FACT:Worshippers|Bandits, brigands, pirates, raiders, pillagers, rapists, grave robbers, camp followers, head hunters, and savages.
Subyalus						DOMAINS:Chaos,Emotion,Trickery|PREALIGN:CG,CN,CE		DESC:Lesser Deity			DEITYWEAP:Glaive				ALIGN:CN	SOURCEPAGE:p.72	FACT:Symbol|Red winged half-mask or a sphinx.								FACTSET:Pantheon|Diadamon	FACT:Title|Dark Twin, Guardian of Cats, Lady of Seduction, Mistress of Many Pleasures, Princess of Passions, She of Deceptive Paths.	FACT:Worshippers|Bawds, prostitutes, rakes, adulterers, perverts, freaks, gluttons, bored nobles, selfindulgent wealthy, addicts, and alcoholics.
Thorn							DOMAINS:Chaos,Evil,Sun,Trickery|PREALIGN:NE,CN,CE		DESC:Lesser Deity			DEITYWEAP:Metal Hook			ALIGN:CE	SOURCEPAGE:p.74	FACT:Symbol|Hook or two crescent moons in a triangle.						FACTSET:Pantheon|Diadamon	FACT:Title|Agent of Venom, Dragon Bane, Lurker in Shadows, Prince of Lies, Sand Lord.									FACT:Worshippers|Assassins, traitors, spies, rebels, outlaws, saboteurs, ambitious men, jealous spouses, alchemists, rat poisoners, herbalists, and nomads.
Uhl Khoroz		OUTPUTNAME:Uhl-Khoroz	DOMAINS:Death,Evil,Magic|PREALIGN:LE,NE,CE			DESC:Intermediate Deity		DEITYWEAP:Quarterstaff			ALIGN:NE	SOURCEPAGE:p.76	FACT:Symbol|Three overlapping circles on a three-armed shape or a candle dripping blood.	FACTSET:Pantheon|Diadamon	FACT:Title|Bringer of Misfortune, Demon Master, Dread Whisperer, Dying God, Lord of Mires, The Ravager.						FACT:Worshippers|Witches, seers, necromancers, grave robbers, diabolists, sorcerers, sages, and swamp dwellers.

###Block: ascendent gods
# Deity Name	Output Name			Domains									Description of Deity/Title	Deity Weapon				Align		Source Page		Holy Item																Pantheon		Deity Title																		Usual Worshippers
Argoeth						DOMAINS:Air,Chaos,Good|PREALIGN:NG,CG,CN				DESC:Demigod			DEITYWEAP:Shortbow			ALIGN:CG	SOURCEPAGE:p.79	FACT:Symbol|Light blue triangular banner or a staff of feathers.								FACTSET:Pantheon|Diadamon	FACT:Title|Dragon of the Sky, He Who Sows the Winds, Rider of the Clouds.								FACT:Worshippers|Acrobats, air elementalists, sailors, escaped slaves, and freedom fighters.
Bretaine						DOMAINS:Good,Knowledge,Thought|PREALIGN:LG,NG,CG		DESC:Demigod			DEITYWEAP:Sling				ALIGN:NG	SOURCEPAGE:p.81	FACT:Symbol|Trefoil on a golden onion dome.											FACTSET:Pantheon|Diadamon	FACT:Title|All Wisdom, Averness, He Who Guides, Islerna, Tail Biter.									FACT:Worshippers|Pacifists, monks, sages, farmers, elders, and counselors.
Dholemtrix						DOMAINS:Deprival,Evil,Law|PREALIGN:LN,LE,NE			DESC:Demigod			DEITYWEAP:Ranseur				ALIGN:LE	SOURCEPAGE:p.82	FACT:Symbol|Black sphere in a silver claw or a dark blindfold.								FACTSET:Pantheon|Diadamon	FACT:Title|Dragon of Darkness, Eater of Dreams, Gloom Tyrant, Lady of Lethargy and Sloth, She Who Rules the Night.	FACT:Worshippers|Mages, ascetics, eccentrics, gloomyindividuals, cynics, nihilists, recluses, some thieves, the suicidal, and insomniacs.
Gnoshara						DOMAINS:Good,Law,Protection|PREALIGN:LG,LN,NG			DESC:Demigod									ALIGN:LG	SOURCEPAGE:p.84	FACT:Symbol|Open scroll showing a golden key.											FACTSET:Pantheon|Diadamon	FACT:Title|Patron of the Nation, Queen Goddess.												FACT:Worshippers|City guards, officials, legislators, judges, barristers, counselors, patriots, and residents of the capitol
Ies lorn		OUTPUTNAME:Ies'lorn	DOMAINS:Knowledge,Protection,Travel|PREALIGN:LN,NG,TN,NE,CN	DESC:Lesser Deity			DEITYWEAP:Quarterstaff			ALIGN:TN	SOURCEPAGE:p.86	FACT:Symbol|A staff circled by six serpents forming a helix, or a travel obelisk.					FACTSET:Pantheon|Diadamon	FACT:Title|Guide of Travelers, Promise of Yam-Ar, Wandering Spirits.									FACT:Worshippers|Travelers, wanderers, guides, scouts, traders, and cartographers. They are also worshipped by those who crave constant change, including the promiscuous and polygamous.
Jazhara						DOMAINS:Chaos,Emotion,Fantasy,Good|PREALIGN:NG,CG,CN		DESC:Lesser Deity			DEITYWEAP:Scimitar			ALIGN:CG	SOURCEPAGE:p.88	FACT:Symbol|Double-lobed fruit or a tassel of ribbons.									FACTSET:Pantheon|Diadamon	FACT:Title|Dancing Goddess, Enchanted Hand, Gentle Watcher, Shepherd of the Reborn, The Dead God, White Redeemer.	FACT:Worshippers|Dancers, entertainers, illusionists, poets, storytellers, fiction writers, revelers, and jesters.
Lashar						DOMAINS:Emotion,Evil,Law,War|PREALIGN:LN,LE,NE			DESC:Lesser Deity			DEITYWEAP:Flail|Flail (Heavy)		ALIGN:LE	SOURCEPAGE:p.90	FACT:Symbol|A flaming orange orb or the profile of a bat.									FACTSET:Pantheon|Diadamon	FACT:Title|Black Goddess, Burning Orb, Queen of Bats, Twofaced Goddess.								FACT:Worshippers|Despots, rapists, murderers, demon worshippers, cultists, and the nasty and brutish.
Quatl							DOMAINS:Earth,Law,Passage|PREALIGN:LG,LN,LE			DESC:Lesser Deity			DEITYWEAP:Pick (Light)|Pick (Heavy)	ALIGN:LN	SOURCEPAGE:p.92	FACT:Symbol|A stone cube with a runic symbol cut on each face, or a granite ring with a black center.	FACTSET:Pantheon|Diadamon	FACT:Title|Gem Master, Lord of the Darkunder, Undermountain Dweller, Warren Crawler.						FACT:Worshippers|Ore miners, gem cutters, spelunkers, stone masons, quarry diggers, tunnel excavators, sculptors, cave dwellers, earth elementalists, smiths, sappers, and beings that dwell beneath the earth.
Rhysael						DOMAINS:Emotion,Good,Healing|PREALIGN:LG,NG,CG			DESC:Lesser Deity			DEITYWEAP:Sap				ALIGN:NG	SOURCEPAGE:p.94	FACT:Symbol|Dual-barred cross on a tear drop shape.										FACTSET:Pantheon|Diadamon	FACT:Title|Goddess who always weeps, Our Lady of Mercy, Tears of Riane, Valley Spirit.						FACT:Worshippers|Patrons, philanthropists, hermits, caretakers, healers, and counselors.
Virac							DOMAINS:Knowledge,Law,Thought|PREALIGN:LG,LN,LE			DESC:Lesser Deity			DEITYWEAP:Rapier				ALIGN:LN	SOURCEPAGE:p.96	FACT:Symbol|A hand with the thumb and index finger bent at an angle, or complex geometric tile patterns.	FACTSET:Pantheon|Diadamon	FACT:Title|Exalted Thinker, He of many Hidden Depths, The Contemplative.								FACT:Worshippers|Architects, mathematicians, scholars, mind mages, psionicists, philosophers, and writers.
Xo							DOMAINS:Knowledge,Law,Trickery|PREALIGN:LG,LN,LE		DESC:Demigod			DEITYWEAP:Sword (Short)			ALIGN:LN	SOURCEPAGE:p.98	FACT:Symbol|Three-sided talisman.													FACTSET:Pantheon|Diadamon	FACT:Title|Cunning One, Lady of Perception, Omen of Threes, Rune Hand, Silent Eye, Sly Watcher.				FACT:Worshippers|Investigators, explorers, researchers, stage magicians, historians, map makers, scouts, and spies.
