# CVS $Revision: $ $Author: $ -- Tue Dec 15 01:48:08 2015 -- reformated by PCGen PrettyLST v6.06.00


STARTPACK:Dragon Companion ~ Black
STAT:STR=11|DEX=10|CON=11|INT=10|WIS=11|CHA=10

STARTPACK:Dragon Companion ~ Blue
STAT:STR=11|DEX=10|CON=11|INT=10|WIS=11|CHA=10

STARTPACK:Dragon Companion ~ Brass
STAT:STR=11|DEX=10|CON=11|INT=10|WIS=11|CHA=10

STARTPACK:Dragon Companion ~ Brine
STAT:STR=10|DEX=11|CON=10|INT=11|WIS=10|CHA=11

STARTPACK:Dragon Companion ~ Bronze
STAT:STR=11|DEX=10|CON=11|INT=10|WIS=11|CHA=10

STARTPACK:Dragon Companion ~ Cloud
STAT:STR=10|DEX=11|CON=11|INT=10|WIS=10|CHA=11

STARTPACK:Dragon Companion ~ Copper
STAT:STR=11|DEX=10|CON=11|INT=10|WIS=11|CHA=10

STARTPACK:Dragon Companion ~ Crystal
STAT:STR=11|DEX=10|CON=11|INT=10|WIS=11|CHA=10

STARTPACK:Dragon Companion ~ Forest
STAT:STR=11|DEX=10|CON=10|INT=10|WIS=11|CHA=10

STARTPACK:Dragon Companion ~ Gold
STAT:STR=11|DEX=10|CON=11|INT=10|WIS=11|CHA=10

STARTPACK:Dragon Companion ~ Green
STAT:STR=11|DEX=10|CON=11|INT=10|WIS=11|CHA=10

STARTPACK:Dragon Companion ~ Lunar
STAT:STR=11|DEX=11|CON=10|INT=10|WIS=10|CHA=11

STARTPACK:Dragon Companion ~ Magma
STAT:STR=11|DEX=10|CON=11|INT=10|WIS=10|CHA=11

STARTPACK:Dragon Companion ~ Red
STAT:STR=11|DEX=10|CON=11|INT=10|WIS=11|CHA=10

STARTPACK:Dragon Companion ~ Sea
STAT:STR=11|DEX=10|CON=11|INT=10|WIS=11|CHA=10

STARTPACK:Dragon Companion ~ Silver
STAT:STR=11|DEX=10|CON=11|INT=10|WIS=11|CHA=10

STARTPACK:Dragon Companion ~ Sky
STAT:STR=11|DEX=10|CON=11|INT=10|WIS=11|CHA=10

STARTPACK:Dragon Companion ~ Solar
STAT:STR=10|DEX=11|CON=10|INT=11|WIS=10|CHA=11

STARTPACK:Dragon Companion ~ Sovereign
STAT:STR=11|DEX=10|CON=11|INT=10|WIS=11|CHA=10

STARTPACK:Dragon Companion ~ Time
STAT:STR=10|DEX=11|CON=10|INT=11|WIS=10|CHA=11

STARTPACK:Dragon Companion ~ Umbral
STAT:STR=11|DEX=10|CON=11|INT=10|WIS=11|CHA=10

STARTPACK:Dragon Companion ~ Underworld
STAT:STR=11|DEX=10|CON=11|INT=10|WIS=11|CHA=10

STARTPACK:Dragon Companion ~ Void
STAT:STR=11|DEX=10|CON=11|INT=10|WIS=11|CHA=10

STARTPACK:Dragon Companion ~ Vortex
STAT:STR=11|DEX=10|CON=11|INT=10|WIS=11|CHA=10

STARTPACK:Dragon Companion ~ White
STAT:STR=11|DEX=10|CON=11|INT=10|WIS=11|CHA=10
